 new_emulator

 Timestamp is 5e472591 (Fri Feb 14 14:56:17 2020)

 Preferred load address is 0000000140000000

 Start         Length     Name                   Class
 0001:00000000 00000010H .text$di                CODE
 0001:00000010 00018a10H .text$mn                CODE
 0001:00018a20 00000020H .text$mn$00             CODE
 0001:00018a40 00000a50H .text$x                 CODE
 0001:00019490 00000023H .text$yd                CODE
 0002:00000000 000004a8H .idata$5                DATA
 0002:000004a8 00000010H .00cfg                  DATA
 0002:000004b8 00000008H .CRT$XCA                DATA
 0002:000004c0 00000008H .CRT$XCAA               DATA
 0002:000004c8 00000008H .CRT$XCU                DATA
 0002:000004d0 00000008H .CRT$XCZ                DATA
 0002:000004d8 00000008H .CRT$XIA                DATA
 0002:000004e0 00000008H .CRT$XIAA               DATA
 0002:000004e8 00000008H .CRT$XIAC               DATA
 0002:000004f0 00000008H .CRT$XIZ                DATA
 0002:000004f8 00000008H .CRT$XPA                DATA
 0002:00000500 00000008H .CRT$XPZ                DATA
 0002:00000508 00000008H .CRT$XTA                DATA
 0002:00000510 00000010H .CRT$XTZ                DATA
 0002:00000518 00000000H .gfids$y                DATA
 0002:00000520 00006330H .rdata                  DATA
 0002:00006850 0000049cH .rdata$r                DATA
 0002:00006cec 00000374H .rdata$zzzdbg           DATA
 0002:00007060 00000008H .rtc$IAA                DATA
 0002:00007068 00000008H .rtc$IZZ                DATA
 0002:00007070 00000008H .rtc$TAA                DATA
 0002:00007078 00000008H .rtc$TZZ                DATA
 0002:00007080 000014d8H .xdata                  DATA
 0002:00008558 00000204H .xdata$x                DATA
 0002:0000875c 00000000H .edata                  DATA
 0002:0000875c 00000118H .idata$2                DATA
 0002:00008874 00000014H .idata$3                DATA
 0002:00008888 000004a8H .idata$4                DATA
 0002:00008d30 00000d52H .idata$6                DATA
 0003:00000000 00000110H .data                   DATA
 0003:00000110 00000200H .data$r                 DATA
 0003:00000310 00170360H .bss                    DATA
 0004:00000000 00001548H .pdata                  DATA
 0005:00000000 00000060H .rsrc$01                DATA
 0005:00000060 00000180H .rsrc$02                DATA

  Address         Publics by Value              Rva+Base               Lib:Object

 0000:00000000       __guard_iat_table          0000000000000000     <absolute>
 0000:00000000       __guard_longjmp_count      0000000000000000     <absolute>
 0000:00000000       __guard_fids_count         0000000000000000     <absolute>
 0000:00000000       __hybrid_code_map_count    0000000000000000     <absolute>
 0000:00000000       __enclave_config           0000000000000000     <absolute>
 0000:00000000       __guard_longjmp_table      0000000000000000     <absolute>
 0000:00000000       __dynamic_value_reloc_table 0000000000000000     <absolute>
 0000:00000000       __hybrid_code_map          0000000000000000     <absolute>
 0000:00000000       __guard_iat_count          0000000000000000     <absolute>
 0000:00000000       __volatile_metadata        0000000000000000     <absolute>
 0000:00000000       ___safe_se_handler_table   0000000000000000     <absolute>
 0000:00000000       __guard_fids_table         0000000000000000     <absolute>
 0000:00000000       ___safe_se_handler_count   0000000000000000     <absolute>
 0000:00000000       __hybrid_auxiliary_iat     0000000000000000     <absolute>
 0000:00000100       __guard_flags              0000000000000100     <absolute>
 0000:00000000       __ImageBase                0000000140000000     <linker-defined>
 0001:00000010       __local_stdio_printf_options 0000000140001010 f i 65c02incpp.obj
 0001:00000020       printf                     0000000140001020 f i 65c02incpp.obj
 0001:00000080       sprintf                    0000000140001080 f i 65c02incpp.obj
 0001:000000e0       ??0exception@std@@QEAA@AEBV01@@Z 00000001400010e0 f i 65c02incpp.obj
 0001:00000120       ?what@exception@std@@UEBAPEBDXZ 0000000140001120 f i 65c02incpp.obj
 0001:00000140       ??_Erange_error@std@@UEAAPEAXI@Z 0000000140001140 f i * CIL library *:* CIL module *
 0001:00000140       ??_Gruntime_error@std@@UEAAPEAXI@Z 0000000140001140 f i 65c02incpp.obj
 0001:00000140       ??_Eexception@std@@UEAAPEAXI@Z 0000000140001140 f i * CIL library *:* CIL module *
 0001:00000140       ??_Grange_error@std@@UEAAPEAXI@Z 0000000140001140 f i 65c02incpp.obj
 0001:00000140       ??_Eruntime_error@std@@UEAAPEAXI@Z 0000000140001140 f i * CIL library *:* CIL module *
 0001:00000140       ??_Gexception@std@@UEAAPEAXI@Z 0000000140001140 f i 65c02incpp.obj
 0001:00000190       ??0range_error@std@@QEAA@PEBD@Z 0000000140001190 f i 65c02incpp.obj
 0001:000001e0       ??1range_error@std@@UEAA@XZ 00000001400011e0 f i 65c02incpp.obj
 0001:00000200       ??0runtime_error@std@@QEAA@AEBV01@@Z 0000000140001200 f i 65c02incpp.obj
 0001:00000240       ?hex@std@@YAAEAVios_base@1@AEAV21@@Z 0000000140001240 f i 65c02incpp.obj
 0001:00000260       ?emu_recorder_set@emulate65c02@@QEAAXW4gif_recorder_command_t@@@Z 0000000140001260 f i 65c02incpp.obj
 0001:000002b0       ?emu_write@emulate65c02@@QEAAXEE@Z 00000001400012b0 f i 65c02incpp.obj
 0001:00000340       ?emu_read@emulate65c02@@QEAAEE@Z 0000000140001340 f i 65c02incpp.obj
 0001:000003c0       ?do_adc@emulate65c02@@QEAAXH@Z 00000001400013c0 f i 65c02incpp.obj
 0001:000004c0       ?write6502@emulate65c02@@QEAAXGE@Z 00000001400014c0 f   65c02incpp.obj
 0001:000006f0       ?decode_addr_readIZX@emulate65c02@@QEAAEXZ 00000001400016f0 f   65c02incpp.obj
 0001:000007a0       ?decode_addr_readIZY@emulate65c02@@QEAAEXZ 00000001400017a0 f   65c02incpp.obj
 0001:00000870       ?decode_addr_readIZP@emulate65c02@@QEAAEXZ 0000000140001870 f   65c02incpp.obj
 0001:00000900       ?decode_addr_readABY@emulate65c02@@QEAAEXZ 0000000140001900 f   65c02incpp.obj
 0001:000009b0       ?decode_addr_readABX@emulate65c02@@QEAAEXZ 00000001400019b0 f   65c02incpp.obj
 0001:00000a60       ?decode_addr_writeABX@emulate65c02@@QEAAXE@Z 0000000140001a60 f   65c02incpp.obj
 0001:00000af0       ?real_read6502@emulate65c02@@QEAAEG_NE@Z 0000000140001af0 f   65c02incpp.obj
 0001:00000d70       ?set_target@Label@@UEAAXPEAUemulate65c02@@H@Z 0000000140001d70 f   65c02incpp.obj
 0001:00000e50       ??0range_error@std@@QEAA@AEBV01@@Z 0000000140001e50 f i 65c02incpp.obj
 0001:00000e90       ?BRK00@@YAXPEAUemulate65c02@@@Z 0000000140001e90 f   65c02incpp.obj
 0001:00000f60       ?ORA_izx01@@YAXPEAUemulate65c02@@@Z 0000000140001f60 f   65c02incpp.obj
 0001:00000fb0       ?NOP_imm42@@YAXPEAUemulate65c02@@@Z 0000000140001fb0 f   65c02incpp.obj
 0001:00000fb0       ?NOP_imm62@@YAXPEAUemulate65c02@@@Z 0000000140001fb0 f   65c02incpp.obj
 0001:00000fb0       ?NOP_immE2@@YAXPEAUemulate65c02@@@Z 0000000140001fb0 f   65c02incpp.obj
 0001:00000fb0       ?NOP_imm82@@YAXPEAUemulate65c02@@@Z 0000000140001fb0 f   65c02incpp.obj
 0001:00000fb0       ?NOP_imm22@@YAXPEAUemulate65c02@@@Z 0000000140001fb0 f   65c02incpp.obj
 0001:00000fb0       ?NOP_imm02@@YAXPEAUemulate65c02@@@Z 0000000140001fb0 f   65c02incpp.obj
 0001:00000fb0       ?NOP_immC2@@YAXPEAUemulate65c02@@@Z 0000000140001fb0 f   65c02incpp.obj
 0001:00000fd0       ?NOPB3@@YAXPEAUemulate65c02@@@Z 0000000140001fd0 f   65c02incpp.obj
 0001:00000fd0       ?NOP03@@YAXPEAUemulate65c02@@@Z 0000000140001fd0 f   65c02incpp.obj
 0001:00000fd0       ?NOP43@@YAXPEAUemulate65c02@@@Z 0000000140001fd0 f   65c02incpp.obj
 0001:00000fd0       ?NOP0B@@YAXPEAUemulate65c02@@@Z 0000000140001fd0 f   65c02incpp.obj
 0001:00000fd0       ?NOP23@@YAXPEAUemulate65c02@@@Z 0000000140001fd0 f   65c02incpp.obj
 0001:00000fd0       ?NOPEA@@YAXPEAUemulate65c02@@@Z 0000000140001fd0 f   65c02incpp.obj
 0001:00000fd0       ?NOP7B@@YAXPEAUemulate65c02@@@Z 0000000140001fd0 f   65c02incpp.obj
 0001:00000fd0       ?NOP63@@YAXPEAUemulate65c02@@@Z 0000000140001fd0 f   65c02incpp.obj
 0001:00000fd0       ?NOP73@@YAXPEAUemulate65c02@@@Z 0000000140001fd0 f   65c02incpp.obj
 0001:00000fd0       ?NOP6B@@YAXPEAUemulate65c02@@@Z 0000000140001fd0 f   65c02incpp.obj
 0001:00000fd0       ?NOP8B@@YAXPEAUemulate65c02@@@Z 0000000140001fd0 f   65c02incpp.obj
 0001:00000fd0       ?NOPA3@@YAXPEAUemulate65c02@@@Z 0000000140001fd0 f   65c02incpp.obj
 0001:00000fd0       ?NOP9B@@YAXPEAUemulate65c02@@@Z 0000000140001fd0 f   65c02incpp.obj
 0001:00000fd0       ?NOPF3@@YAXPEAUemulate65c02@@@Z 0000000140001fd0 f   65c02incpp.obj
 0001:00000fd0       ?NOPD3@@YAXPEAUemulate65c02@@@Z 0000000140001fd0 f   65c02incpp.obj
 0001:00000fd0       ?NOP2B@@YAXPEAUemulate65c02@@@Z 0000000140001fd0 f   65c02incpp.obj
 0001:00000fd0       ?NOP53@@YAXPEAUemulate65c02@@@Z 0000000140001fd0 f   65c02incpp.obj
 0001:00000fd0       ?NOPFB@@YAXPEAUemulate65c02@@@Z 0000000140001fd0 f   65c02incpp.obj
 0001:00000fd0       ?NOP83@@YAXPEAUemulate65c02@@@Z 0000000140001fd0 f   65c02incpp.obj
 0001:00000fd0       ?NOP5B@@YAXPEAUemulate65c02@@@Z 0000000140001fd0 f   65c02incpp.obj
 0001:00000fd0       ?NOPE3@@YAXPEAUemulate65c02@@@Z 0000000140001fd0 f   65c02incpp.obj
 0001:00000fd0       ?NOP33@@YAXPEAUemulate65c02@@@Z 0000000140001fd0 f   65c02incpp.obj
 0001:00000fd0       ?NOPAB@@YAXPEAUemulate65c02@@@Z 0000000140001fd0 f   65c02incpp.obj
 0001:00000fd0       ?NOP13@@YAXPEAUemulate65c02@@@Z 0000000140001fd0 f   65c02incpp.obj
 0001:00000fd0       ?NOPBB@@YAXPEAUemulate65c02@@@Z 0000000140001fd0 f   65c02incpp.obj
 0001:00000fd0       ?NOP93@@YAXPEAUemulate65c02@@@Z 0000000140001fd0 f   65c02incpp.obj
 0001:00000fd0       ?NOP1B@@YAXPEAUemulate65c02@@@Z 0000000140001fd0 f   65c02incpp.obj
 0001:00000fd0       ?NOP4B@@YAXPEAUemulate65c02@@@Z 0000000140001fd0 f   65c02incpp.obj
 0001:00000fd0       ?NOP3B@@YAXPEAUemulate65c02@@@Z 0000000140001fd0 f   65c02incpp.obj
 0001:00000fd0       ?NOPC3@@YAXPEAUemulate65c02@@@Z 0000000140001fd0 f   65c02incpp.obj
 0001:00000fd0       ?NOPEB@@YAXPEAUemulate65c02@@@Z 0000000140001fd0 f   65c02incpp.obj
 0001:00000fe0       ?TSB_zp04@@YAXPEAUemulate65c02@@@Z 0000000140001fe0 f   65c02incpp.obj
 0001:00001060       ?ORA_zp05@@YAXPEAUemulate65c02@@@Z 0000000140002060 f   65c02incpp.obj
 0001:000010d0       ?ASL_zp06@@YAXPEAUemulate65c02@@@Z 00000001400020d0 f   65c02incpp.obj
 0001:00001170       ?RMB0_zp07@@YAXPEAUemulate65c02@@@Z 0000000140002170 f   65c02incpp.obj
 0001:000011d0       ?PHP08@@YAXPEAUemulate65c02@@@Z 00000001400021d0 f   65c02incpp.obj
 0001:00001210       ?ORA_imm09@@YAXPEAUemulate65c02@@@Z 0000000140002210 f   65c02incpp.obj
 0001:00001270       ?ASL0A@@YAXPEAUemulate65c02@@@Z 0000000140002270 f   65c02incpp.obj
 0001:000012d0       ?TSB_abs0C@@YAXPEAUemulate65c02@@@Z 00000001400022d0 f   65c02incpp.obj
 0001:00001380       ?ORA_abs0D@@YAXPEAUemulate65c02@@@Z 0000000140002380 f   65c02incpp.obj
 0001:00001420       ?ASL_abs0E@@YAXPEAUemulate65c02@@@Z 0000000140002420 f   65c02incpp.obj
 0001:000014f0       ?BBR0_zpr0F@@YAXPEAUemulate65c02@@@Z 00000001400024f0 f   65c02incpp.obj
 0001:00001580       ?BPL_rel10@@YAXPEAUemulate65c02@@@Z 0000000140002580 f   65c02incpp.obj
 0001:00001610       ?ORA_izy11@@YAXPEAUemulate65c02@@@Z 0000000140002610 f   65c02incpp.obj
 0001:00001660       ?ORA_izp12@@YAXPEAUemulate65c02@@@Z 0000000140002660 f   65c02incpp.obj
 0001:000016b0       ?TRB_zp14@@YAXPEAUemulate65c02@@@Z 00000001400026b0 f   65c02incpp.obj
 0001:00001730       ?ORA_zpx15@@YAXPEAUemulate65c02@@@Z 0000000140002730 f   65c02incpp.obj
 0001:000017b0       ?ASL_zpx16@@YAXPEAUemulate65c02@@@Z 00000001400027b0 f   65c02incpp.obj
 0001:00001860       ?RMB1_zp17@@YAXPEAUemulate65c02@@@Z 0000000140002860 f   65c02incpp.obj
 0001:000018c0       ?CLC18@@YAXPEAUemulate65c02@@@Z 00000001400028c0 f   65c02incpp.obj
 0001:000018d0       ?ORA_aby19@@YAXPEAUemulate65c02@@@Z 00000001400028d0 f   65c02incpp.obj
 0001:00001920       ?INC1A@@YAXPEAUemulate65c02@@@Z 0000000140002920 f   65c02incpp.obj
 0001:00001960       ?TRB_abs1C@@YAXPEAUemulate65c02@@@Z 0000000140002960 f   65c02incpp.obj
 0001:00001a10       ?ORA_abx1D@@YAXPEAUemulate65c02@@@Z 0000000140002a10 f   65c02incpp.obj
 0001:00001a60       ?ASL_abx1E@@YAXPEAUemulate65c02@@@Z 0000000140002a60 f   65c02incpp.obj
 0001:00001b40       ?BBR1_zpr1F@@YAXPEAUemulate65c02@@@Z 0000000140002b40 f   65c02incpp.obj
 0001:00001bd0       ?JSR_abs20@@YAXPEAUemulate65c02@@@Z 0000000140002bd0 f   65c02incpp.obj
 0001:00001c80       ?AND_izx21@@YAXPEAUemulate65c02@@@Z 0000000140002c80 f   65c02incpp.obj
 0001:00001cd0       ?BIT_zp24@@YAXPEAUemulate65c02@@@Z 0000000140002cd0 f   65c02incpp.obj
 0001:00001d50       ?AND_zp25@@YAXPEAUemulate65c02@@@Z 0000000140002d50 f   65c02incpp.obj
 0001:00001dc0       ?ROL_zp26@@YAXPEAUemulate65c02@@@Z 0000000140002dc0 f   65c02incpp.obj
 0001:00001e70       ?RMB2_zp27@@YAXPEAUemulate65c02@@@Z 0000000140002e70 f   65c02incpp.obj
 0001:00001ed0       ?PLP28@@YAXPEAUemulate65c02@@@Z 0000000140002ed0 f   65c02incpp.obj
 0001:00001f10       ?AND_imm29@@YAXPEAUemulate65c02@@@Z 0000000140002f10 f   65c02incpp.obj
 0001:00001f70       ?ROL2A@@YAXPEAUemulate65c02@@@Z 0000000140002f70 f   65c02incpp.obj
 0001:00001fe0       ?BIT_abs2C@@YAXPEAUemulate65c02@@@Z 0000000140002fe0 f   65c02incpp.obj
 0001:00002080       ?AND_abs2D@@YAXPEAUemulate65c02@@@Z 0000000140003080 f   65c02incpp.obj
 0001:00002120       ?ROL_abs2E@@YAXPEAUemulate65c02@@@Z 0000000140003120 f   65c02incpp.obj
 0001:00002200       ?BBR2_zpr2F@@YAXPEAUemulate65c02@@@Z 0000000140003200 f   65c02incpp.obj
 0001:00002290       ?BMI_rel30@@YAXPEAUemulate65c02@@@Z 0000000140003290 f   65c02incpp.obj
 0001:00002320       ?AND_izy31@@YAXPEAUemulate65c02@@@Z 0000000140003320 f   65c02incpp.obj
 0001:00002370       ?AND_izp32@@YAXPEAUemulate65c02@@@Z 0000000140003370 f   65c02incpp.obj
 0001:000023c0       ?BIT_zpx34@@YAXPEAUemulate65c02@@@Z 00000001400033c0 f   65c02incpp.obj
 0001:00002450       ?AND_zpx35@@YAXPEAUemulate65c02@@@Z 0000000140003450 f   65c02incpp.obj
 0001:000024d0       ?ROL_zpx36@@YAXPEAUemulate65c02@@@Z 00000001400034d0 f   65c02incpp.obj
 0001:00002590       ?RMB3_zp37@@YAXPEAUemulate65c02@@@Z 0000000140003590 f   65c02incpp.obj
 0001:000025f0       ?SEC38@@YAXPEAUemulate65c02@@@Z 00000001400035f0 f   65c02incpp.obj
 0001:00002600       ?AND_aby39@@YAXPEAUemulate65c02@@@Z 0000000140003600 f   65c02incpp.obj
 0001:00002650       ?DEC3A@@YAXPEAUemulate65c02@@@Z 0000000140003650 f   65c02incpp.obj
 0001:00002690       ?BIT_abx3C@@YAXPEAUemulate65c02@@@Z 0000000140003690 f   65c02incpp.obj
 0001:000026f0       ?AND_abx3D@@YAXPEAUemulate65c02@@@Z 00000001400036f0 f   65c02incpp.obj
 0001:00002740       ?ROL_abx3E@@YAXPEAUemulate65c02@@@Z 0000000140003740 f   65c02incpp.obj
 0001:00002830       ?BBR3_zpr3F@@YAXPEAUemulate65c02@@@Z 0000000140003830 f   65c02incpp.obj
 0001:000028c0       ?RTI40@@YAXPEAUemulate65c02@@@Z 00000001400038c0 f   65c02incpp.obj
 0001:00002970       ?EOR_izx41@@YAXPEAUemulate65c02@@@Z 0000000140003970 f   65c02incpp.obj
 0001:000029c0       ?NOP_zp44@@YAXPEAUemulate65c02@@@Z 00000001400039c0 f   65c02incpp.obj
 0001:00002a00       ?EOR_zp45@@YAXPEAUemulate65c02@@@Z 0000000140003a00 f   65c02incpp.obj
 0001:00002a70       ?LSR_zp46@@YAXPEAUemulate65c02@@@Z 0000000140003a70 f   65c02incpp.obj
 0001:00002b00       ?RMB4_zp47@@YAXPEAUemulate65c02@@@Z 0000000140003b00 f   65c02incpp.obj
 0001:00002b60       ?PHA48@@YAXPEAUemulate65c02@@@Z 0000000140003b60 f   65c02incpp.obj
 0001:00002ba0       ?EOR_imm49@@YAXPEAUemulate65c02@@@Z 0000000140003ba0 f   65c02incpp.obj
 0001:00002c00       ?LSR4A@@YAXPEAUemulate65c02@@@Z 0000000140003c00 f   65c02incpp.obj
 0001:00002c60       ?JMP_abs4C@@YAXPEAUemulate65c02@@@Z 0000000140003c60 f   65c02incpp.obj
 0001:00002cd0       ?EOR_abs4D@@YAXPEAUemulate65c02@@@Z 0000000140003cd0 f   65c02incpp.obj
 0001:00002d70       ?LSR_abs4E@@YAXPEAUemulate65c02@@@Z 0000000140003d70 f   65c02incpp.obj
 0001:00002e30       ?BBR4_zpr4F@@YAXPEAUemulate65c02@@@Z 0000000140003e30 f   65c02incpp.obj
 0001:00002ec0       ?BVC_rel50@@YAXPEAUemulate65c02@@@Z 0000000140003ec0 f   65c02incpp.obj
 0001:00002f50       ?EOR_izy51@@YAXPEAUemulate65c02@@@Z 0000000140003f50 f   65c02incpp.obj
 0001:00002fa0       ?EOR_izp52@@YAXPEAUemulate65c02@@@Z 0000000140003fa0 f   65c02incpp.obj
 0001:00002ff0       ?NOP_zpx54@@YAXPEAUemulate65c02@@@Z 0000000140003ff0 f   65c02incpp.obj
 0001:00002ff0       ?NOP_zpxF4@@YAXPEAUemulate65c02@@@Z 0000000140003ff0 f   65c02incpp.obj
 0001:00002ff0       ?NOP_zpxD4@@YAXPEAUemulate65c02@@@Z 0000000140003ff0 f   65c02incpp.obj
 0001:00003040       ?EOR_zpx55@@YAXPEAUemulate65c02@@@Z 0000000140004040 f   65c02incpp.obj
 0001:000030c0       ?LSR_zpx56@@YAXPEAUemulate65c02@@@Z 00000001400040c0 f   65c02incpp.obj
 0001:00003160       ?RMB5_zp57@@YAXPEAUemulate65c02@@@Z 0000000140004160 f   65c02incpp.obj
 0001:000031c0       ?CLI58@@YAXPEAUemulate65c02@@@Z 00000001400041c0 f   65c02incpp.obj
 0001:000031d0       ?EOR_aby59@@YAXPEAUemulate65c02@@@Z 00000001400041d0 f   65c02incpp.obj
 0001:00003220       ?PHY5A@@YAXPEAUemulate65c02@@@Z 0000000140004220 f   65c02incpp.obj
 0001:00003260       ?NOP_absDC@@YAXPEAUemulate65c02@@@Z 0000000140004260 f   65c02incpp.obj
 0001:00003260       ?NOP_abs5C@@YAXPEAUemulate65c02@@@Z 0000000140004260 f   65c02incpp.obj
 0001:00003260       ?NOP_absFC@@YAXPEAUemulate65c02@@@Z 0000000140004260 f   65c02incpp.obj
 0001:000032d0       ?EOR_abx5D@@YAXPEAUemulate65c02@@@Z 00000001400042d0 f   65c02incpp.obj
 0001:00003320       ?LSR_abx5E@@YAXPEAUemulate65c02@@@Z 0000000140004320 f   65c02incpp.obj
 0001:000033f0       ?BBR5_zpr5F@@YAXPEAUemulate65c02@@@Z 00000001400043f0 f   65c02incpp.obj
 0001:00003480       ?RTS60@@YAXPEAUemulate65c02@@@Z 0000000140004480 f   65c02incpp.obj
 0001:000034f0       ?ADC_izx61@@YAXPEAUemulate65c02@@@Z 00000001400044f0 f   65c02incpp.obj
 0001:00003510       ?STZ_zp64@@YAXPEAUemulate65c02@@@Z 0000000140004510 f   65c02incpp.obj
 0001:00003550       ?ADC_zp65@@YAXPEAUemulate65c02@@@Z 0000000140004550 f   65c02incpp.obj
 0001:000035a0       ?ROR_zp66@@YAXPEAUemulate65c02@@@Z 00000001400045a0 f   65c02incpp.obj
 0001:00003650       ?RMB6_zp67@@YAXPEAUemulate65c02@@@Z 0000000140004650 f   65c02incpp.obj
 0001:000036b0       ?PLA68@@YAXPEAUemulate65c02@@@Z 00000001400046b0 f   65c02incpp.obj
 0001:00003710       ?ADC_imm69@@YAXPEAUemulate65c02@@@Z 0000000140004710 f   65c02incpp.obj
 0001:00003750       ?ROR6A@@YAXPEAUemulate65c02@@@Z 0000000140004750 f   65c02incpp.obj
 0001:000037c0       ?JMP_ind6C@@YAXPEAUemulate65c02@@@Z 00000001400047c0 f   65c02incpp.obj
 0001:00003870       ?ADC_abs6D@@YAXPEAUemulate65c02@@@Z 0000000140004870 f   65c02incpp.obj
 0001:000038f0       ?ROR_abs6E@@YAXPEAUemulate65c02@@@Z 00000001400048f0 f   65c02incpp.obj
 0001:000039d0       ?BBR6_zpr6F@@YAXPEAUemulate65c02@@@Z 00000001400049d0 f   65c02incpp.obj
 0001:00003a60       ?BVS_rel70@@YAXPEAUemulate65c02@@@Z 0000000140004a60 f   65c02incpp.obj
 0001:00003af0       ?ADC_izy71@@YAXPEAUemulate65c02@@@Z 0000000140004af0 f   65c02incpp.obj
 0001:00003b10       ?ADC_izp72@@YAXPEAUemulate65c02@@@Z 0000000140004b10 f   65c02incpp.obj
 0001:00003b30       ?STZ_zpx74@@YAXPEAUemulate65c02@@@Z 0000000140004b30 f   65c02incpp.obj
 0001:00003b80       ?ADC_zpx75@@YAXPEAUemulate65c02@@@Z 0000000140004b80 f   65c02incpp.obj
 0001:00003be0       ?ROR_zpx76@@YAXPEAUemulate65c02@@@Z 0000000140004be0 f   65c02incpp.obj
 0001:00003ca0       ?RMB7_zp77@@YAXPEAUemulate65c02@@@Z 0000000140004ca0 f   65c02incpp.obj
 0001:00003d00       ?SEI78@@YAXPEAUemulate65c02@@@Z 0000000140004d00 f   65c02incpp.obj
 0001:00003d10       ?ADC_aby79@@YAXPEAUemulate65c02@@@Z 0000000140004d10 f   65c02incpp.obj
 0001:00003d30       ?PLY7A@@YAXPEAUemulate65c02@@@Z 0000000140004d30 f   65c02incpp.obj
 0001:00003d90       ?JMP_iax7C@@YAXPEAUemulate65c02@@@Z 0000000140004d90 f   65c02incpp.obj
 0001:00003e30       ?ADC_abx7D@@YAXPEAUemulate65c02@@@Z 0000000140004e30 f   65c02incpp.obj
 0001:00003e50       ?ROR_abx7E@@YAXPEAUemulate65c02@@@Z 0000000140004e50 f   65c02incpp.obj
 0001:00003f40       ?BBR7_zpr7F@@YAXPEAUemulate65c02@@@Z 0000000140004f40 f   65c02incpp.obj
 0001:00003fe0       ?BRA_rel80@@YAXPEAUemulate65c02@@@Z 0000000140004fe0 f   65c02incpp.obj
 0001:00004050       ?STA_izx81@@YAXPEAUemulate65c02@@@Z 0000000140005050 f   65c02incpp.obj
 0001:00004100       ?STY_zp84@@YAXPEAUemulate65c02@@@Z 0000000140005100 f   65c02incpp.obj
 0001:00004150       ?STA_zp85@@YAXPEAUemulate65c02@@@Z 0000000140005150 f   65c02incpp.obj
 0001:000041a0       ?STX_zp86@@YAXPEAUemulate65c02@@@Z 00000001400051a0 f   65c02incpp.obj
 0001:000041f0       ?SMB0_zp87@@YAXPEAUemulate65c02@@@Z 00000001400051f0 f   65c02incpp.obj
 0001:00004250       ?DEY88@@YAXPEAUemulate65c02@@@Z 0000000140005250 f   65c02incpp.obj
 0001:000042a0       ?BIT_imm89@@YAXPEAUemulate65c02@@@Z 00000001400052a0 f   65c02incpp.obj
 0001:00004310       ?TXA8A@@YAXPEAUemulate65c02@@@Z 0000000140005310 f   65c02incpp.obj
 0001:00004350       ?STY_abs8C@@YAXPEAUemulate65c02@@@Z 0000000140005350 f   65c02incpp.obj
 0001:000043d0       ?STA_abs8D@@YAXPEAUemulate65c02@@@Z 00000001400053d0 f   65c02incpp.obj
 0001:00004450       ?STX_abs8E@@YAXPEAUemulate65c02@@@Z 0000000140005450 f   65c02incpp.obj
 0001:000044d0       ?BBS0_zpr8F@@YAXPEAUemulate65c02@@@Z 00000001400054d0 f   65c02incpp.obj
 0001:00004560       ?BCC_rel90@@YAXPEAUemulate65c02@@@Z 0000000140005560 f   65c02incpp.obj
 0001:000045f0       ?STA_izy91@@YAXPEAUemulate65c02@@@Z 00000001400055f0 f   65c02incpp.obj
 0001:000046a0       ?STA_izp92@@YAXPEAUemulate65c02@@@Z 00000001400056a0 f   65c02incpp.obj
 0001:00004740       ?STY_zpx94@@YAXPEAUemulate65c02@@@Z 0000000140005740 f   65c02incpp.obj
 0001:000047a0       ?STA_zpx95@@YAXPEAUemulate65c02@@@Z 00000001400057a0 f   65c02incpp.obj
 0001:00004800       ?STX_zpy96@@YAXPEAUemulate65c02@@@Z 0000000140005800 f   65c02incpp.obj
 0001:00004860       ?SMB1_zp97@@YAXPEAUemulate65c02@@@Z 0000000140005860 f   65c02incpp.obj
 0001:000048c0       ?TYA98@@YAXPEAUemulate65c02@@@Z 00000001400058c0 f   65c02incpp.obj
 0001:00004900       ?STA_aby99@@YAXPEAUemulate65c02@@@Z 0000000140005900 f   65c02incpp.obj
 0001:00004990       ?TXS9A@@YAXPEAUemulate65c02@@@Z 0000000140005990 f   65c02incpp.obj
 0001:000049a0       ?STZ_abs9C@@YAXPEAUemulate65c02@@@Z 00000001400059a0 f   65c02incpp.obj
 0001:00004a10       ?STA_abx9D@@YAXPEAUemulate65c02@@@Z 0000000140005a10 f   65c02incpp.obj
 0001:00004a20       ?STZ_abx9E@@YAXPEAUemulate65c02@@@Z 0000000140005a20 f   65c02incpp.obj
 0001:00004a30       ?BBS1_zpr9F@@YAXPEAUemulate65c02@@@Z 0000000140005a30 f   65c02incpp.obj
 0001:00004ac0       ?LDY_immA0@@YAXPEAUemulate65c02@@@Z 0000000140005ac0 f   65c02incpp.obj
 0001:00004b20       ?LDA_izxA1@@YAXPEAUemulate65c02@@@Z 0000000140005b20 f   65c02incpp.obj
 0001:00004b60       ?LDX_immA2@@YAXPEAUemulate65c02@@@Z 0000000140005b60 f   65c02incpp.obj
 0001:00004bc0       ?LDY_zpA4@@YAXPEAUemulate65c02@@@Z 0000000140005bc0 f   65c02incpp.obj
 0001:00004c30       ?LDA_zpA5@@YAXPEAUemulate65c02@@@Z 0000000140005c30 f   65c02incpp.obj
 0001:00004ca0       ?LDX_zpA6@@YAXPEAUemulate65c02@@@Z 0000000140005ca0 f   65c02incpp.obj
 0001:00004d10       ?SMB2_zpA7@@YAXPEAUemulate65c02@@@Z 0000000140005d10 f   65c02incpp.obj
 0001:00004d70       ?TAYA8@@YAXPEAUemulate65c02@@@Z 0000000140005d70 f   65c02incpp.obj
 0001:00004db0       ?LDA_immA9@@YAXPEAUemulate65c02@@@Z 0000000140005db0 f   65c02incpp.obj
 0001:00004e10       ?TAXAA@@YAXPEAUemulate65c02@@@Z 0000000140005e10 f   65c02incpp.obj
 0001:00004e50       ?LDY_absAC@@YAXPEAUemulate65c02@@@Z 0000000140005e50 f   65c02incpp.obj
 0001:00004ef0       ?LDA_absAD@@YAXPEAUemulate65c02@@@Z 0000000140005ef0 f   65c02incpp.obj
 0001:00004f90       ?LDX_absAE@@YAXPEAUemulate65c02@@@Z 0000000140005f90 f   65c02incpp.obj
 0001:00005030       ?BBS2_zprAF@@YAXPEAUemulate65c02@@@Z 0000000140006030 f   65c02incpp.obj
 0001:000050c0       ?BCS_relB0@@YAXPEAUemulate65c02@@@Z 00000001400060c0 f   65c02incpp.obj
 0001:00005150       ?LDA_izyB1@@YAXPEAUemulate65c02@@@Z 0000000140006150 f   65c02incpp.obj
 0001:00005190       ?LDA_izpB2@@YAXPEAUemulate65c02@@@Z 0000000140006190 f   65c02incpp.obj
 0001:000051d0       ?LDY_zpxB4@@YAXPEAUemulate65c02@@@Z 00000001400061d0 f   65c02incpp.obj
 0001:00005250       ?LDA_zpxB5@@YAXPEAUemulate65c02@@@Z 0000000140006250 f   65c02incpp.obj
 0001:000052d0       ?LDX_zpyB6@@YAXPEAUemulate65c02@@@Z 00000001400062d0 f   65c02incpp.obj
 0001:00005350       ?SMB3_zpB7@@YAXPEAUemulate65c02@@@Z 0000000140006350 f   65c02incpp.obj
 0001:000053b0       ?CLVB8@@YAXPEAUemulate65c02@@@Z 00000001400063b0 f   65c02incpp.obj
 0001:000053c0       ?LDA_abyB9@@YAXPEAUemulate65c02@@@Z 00000001400063c0 f   65c02incpp.obj
 0001:00005400       ?TSXBA@@YAXPEAUemulate65c02@@@Z 0000000140006400 f   65c02incpp.obj
 0001:00005440       ?LDY_abxBC@@YAXPEAUemulate65c02@@@Z 0000000140006440 f   65c02incpp.obj
 0001:00005490       ?LDA_abxBD@@YAXPEAUemulate65c02@@@Z 0000000140006490 f   65c02incpp.obj
 0001:000054d0       ?LDX_abyBE@@YAXPEAUemulate65c02@@@Z 00000001400064d0 f   65c02incpp.obj
 0001:00005520       ?BBS3_zprBF@@YAXPEAUemulate65c02@@@Z 0000000140006520 f   65c02incpp.obj
 0001:000055b0       ?CPY_immC0@@YAXPEAUemulate65c02@@@Z 00000001400065b0 f   65c02incpp.obj
 0001:00005620       ?CMP_izxC1@@YAXPEAUemulate65c02@@@Z 0000000140006620 f   65c02incpp.obj
 0001:00005690       ?CPY_zpC4@@YAXPEAUemulate65c02@@@Z 0000000140006690 f   65c02incpp.obj
 0001:00005710       ?CMP_zpC5@@YAXPEAUemulate65c02@@@Z 0000000140006710 f   65c02incpp.obj
 0001:00005790       ?DEC_zpC6@@YAXPEAUemulate65c02@@@Z 0000000140006790 f   65c02incpp.obj
 0001:00005820       ?SMB4_zpC7@@YAXPEAUemulate65c02@@@Z 0000000140006820 f   65c02incpp.obj
 0001:00005880       ?INYC8@@YAXPEAUemulate65c02@@@Z 0000000140006880 f   65c02incpp.obj
 0001:000058d0       ?CMP_immC9@@YAXPEAUemulate65c02@@@Z 00000001400068d0 f   65c02incpp.obj
 0001:00005940       ?DEXCA@@YAXPEAUemulate65c02@@@Z 0000000140006940 f   65c02incpp.obj
 0001:00005990       ?WAICB@@YAXPEAUemulate65c02@@@Z 0000000140006990 f   65c02incpp.obj
 0001:000059a0       ?CPY_absCC@@YAXPEAUemulate65c02@@@Z 00000001400069a0 f   65c02incpp.obj
 0001:00005a60       ?CMP_absCD@@YAXPEAUemulate65c02@@@Z 0000000140006a60 f   65c02incpp.obj
 0001:00005b20       ?DEC_absCE@@YAXPEAUemulate65c02@@@Z 0000000140006b20 f   65c02incpp.obj
 0001:00005bd0       ?BBS4_zprCF@@YAXPEAUemulate65c02@@@Z 0000000140006bd0 f   65c02incpp.obj
 0001:00005c60       ?BNE_relD0@@YAXPEAUemulate65c02@@@Z 0000000140006c60 f   65c02incpp.obj
 0001:00005cf0       ?CMP_izyD1@@YAXPEAUemulate65c02@@@Z 0000000140006cf0 f   65c02incpp.obj
 0001:00005d60       ?CMP_izpD2@@YAXPEAUemulate65c02@@@Z 0000000140006d60 f   65c02incpp.obj
 0001:00005dd0       ?CMP_zpxD5@@YAXPEAUemulate65c02@@@Z 0000000140006dd0 f   65c02incpp.obj
 0001:00005e60       ?DEC_zpxD6@@YAXPEAUemulate65c02@@@Z 0000000140006e60 f   65c02incpp.obj
 0001:00005f00       ?SMB5_zpD7@@YAXPEAUemulate65c02@@@Z 0000000140006f00 f   65c02incpp.obj
 0001:00005f60       ?CLDD8@@YAXPEAUemulate65c02@@@Z 0000000140006f60 f   65c02incpp.obj
 0001:00005f70       ?CMP_abyD9@@YAXPEAUemulate65c02@@@Z 0000000140006f70 f   65c02incpp.obj
 0001:00005fe0       ?PHXDA@@YAXPEAUemulate65c02@@@Z 0000000140006fe0 f   65c02incpp.obj
 0001:00006020       ?STPDB@@YAXPEAUemulate65c02@@@Z 0000000140007020 f   65c02incpp.obj
 0001:00006030       ?CMP_abxDD@@YAXPEAUemulate65c02@@@Z 0000000140007030 f   65c02incpp.obj
 0001:000060a0       ?DEC_abxDE@@YAXPEAUemulate65c02@@@Z 00000001400070a0 f   65c02incpp.obj
 0001:00006160       ?BBS5_zprDF@@YAXPEAUemulate65c02@@@Z 0000000140007160 f   65c02incpp.obj
 0001:000061f0       ?CPX_immE0@@YAXPEAUemulate65c02@@@Z 00000001400071f0 f   65c02incpp.obj
 0001:00006260       ?SBC_izxE1@@YAXPEAUemulate65c02@@@Z 0000000140007260 f   65c02incpp.obj
 0001:000062a0       ?CPX_zpE4@@YAXPEAUemulate65c02@@@Z 00000001400072a0 f   65c02incpp.obj
 0001:00006320       ?SBC_zpE5@@YAXPEAUemulate65c02@@@Z 0000000140007320 f   65c02incpp.obj
 0001:00006390       ?INC_zpE6@@YAXPEAUemulate65c02@@@Z 0000000140007390 f   65c02incpp.obj
 0001:00006420       ?SMB6_zpE7@@YAXPEAUemulate65c02@@@Z 0000000140007420 f   65c02incpp.obj
 0001:00006480       ?INXE8@@YAXPEAUemulate65c02@@@Z 0000000140007480 f   65c02incpp.obj
 0001:000064d0       ?SBC_immE9@@YAXPEAUemulate65c02@@@Z 00000001400074d0 f   65c02incpp.obj
 0001:00006530       ?CPX_absEC@@YAXPEAUemulate65c02@@@Z 0000000140007530 f   65c02incpp.obj
 0001:000065f0       ?SBC_absED@@YAXPEAUemulate65c02@@@Z 00000001400075f0 f   65c02incpp.obj
 0001:00006690       ?INC_absEE@@YAXPEAUemulate65c02@@@Z 0000000140007690 f   65c02incpp.obj
 0001:00006740       ?BBS6_zprEF@@YAXPEAUemulate65c02@@@Z 0000000140007740 f   65c02incpp.obj
 0001:000067d0       ?BEQ_relF0@@YAXPEAUemulate65c02@@@Z 00000001400077d0 f   65c02incpp.obj
 0001:00006860       ?SBC_izyF1@@YAXPEAUemulate65c02@@@Z 0000000140007860 f   65c02incpp.obj
 0001:000068a0       ?SBC_izpF2@@YAXPEAUemulate65c02@@@Z 00000001400078a0 f   65c02incpp.obj
 0001:000068e0       ?SBC_zpxF5@@YAXPEAUemulate65c02@@@Z 00000001400078e0 f   65c02incpp.obj
 0001:00006960       ?INC_zpxF6@@YAXPEAUemulate65c02@@@Z 0000000140007960 f   65c02incpp.obj
 0001:00006a00       ?SMB7_zpF7@@YAXPEAUemulate65c02@@@Z 0000000140007a00 f   65c02incpp.obj
 0001:00006a60       ?SEDF8@@YAXPEAUemulate65c02@@@Z 0000000140007a60 f   65c02incpp.obj
 0001:00006a70       ?SBC_abyF9@@YAXPEAUemulate65c02@@@Z 0000000140007a70 f   65c02incpp.obj
 0001:00006ab0       ?PLXFA@@YAXPEAUemulate65c02@@@Z 0000000140007ab0 f   65c02incpp.obj
 0001:00006b10       ?SBC_abxFD@@YAXPEAUemulate65c02@@@Z 0000000140007b10 f   65c02incpp.obj
 0001:00006b50       ?INC_abxFE@@YAXPEAUemulate65c02@@@Z 0000000140007b50 f   65c02incpp.obj
 0001:00006c10       ?BBS7_ZprFF@@YAXPEAUemulate65c02@@@Z 0000000140007c10 f   65c02incpp.obj
 0001:00006cb0       ?disassemble@emulate65c02@@QEAAPEADXZ 0000000140007cb0 f   65c02incpp.obj
 0001:000073e0       ??1sentry@?$basic_ostream@DU?$char_traits@D@std@@@std@@QEAA@XZ 00000001400083e0 f i 65c02incpp.obj
 0001:00007430       ??1_Sentry_base@?$basic_ostream@DU?$char_traits@D@std@@@std@@QEAA@XZ 0000000140008430 f i 65c02incpp.obj
 0001:00007460       ??$?6U?$char_traits@D@std@@@std@@YAAEAV?$basic_ostream@DU?$char_traits@D@std@@@0@AEAV10@PEBD@Z 0000000140008460 f i 65c02incpp.obj
 0001:00007630       _get_startup_commit_mode   0000000140008630 f i MSVCRT:commit_mode.obj
 0001:00007630       _get_startup_new_mode      0000000140008630 f i MSVCRT:new_mode.obj
 0001:00007630       _matherr                   0000000140008630 f i MSVCRT:matherr.obj
 0001:00007630       ?get_offset@Label@@UEBAHXZ 0000000140008630 f i compile.obj
 0001:00007630       ?_Get_deleter@_Ref_count_base@std@@UEBAPEAXAEBVtype_info@@@Z 0000000140008630 f i compile.obj
 0001:00007630       __scrt_exe_initialize_mta  0000000140008630 f i MSVCRT:utility_desktop.obj
 0001:00007630       __scrt_initialize_winrt    0000000140008630 f i MSVCRT:utility_desktop.obj
 0001:00007630       __scrt_stub_for_initialize_mta 0000000140008630 f i MSVCRT:utility_desktop.obj
 0001:00007630       _get_startup_thread_locale_mode 0000000140008630 f i MSVCRT:thread_locale.obj
 0001:00007640       ?dec@std@@YAAEAVios_base@1@AEAV21@@Z 0000000140008640 f i compile.obj
 0001:00007660       ?get_label@Label@@UEAAAEAU1@XZ 0000000140008660 f i compile.obj
 0001:00007670       ?get_target@Label@@UEBAHXZ 0000000140008670 f i compile.obj
 0001:00007680       ?has_target@Label@@UEBA_NXZ 0000000140008680 f i compile.obj
 0001:00007690       ?add_fixup@Label@@UEAAXH_NH@Z 0000000140008690 f i compile.obj
 0001:00007720       ?exec@emulate65c02@@QEAAXH@Z 0000000140008720 f i compile.obj
 0001:00007930       ?comp_ab_label@emulate65c02@@QEAAXAEAULabelBase@@E@Z 0000000140008930 f i compile.obj
 0001:000079e0       ?compile_branch@emulate65c02@@QEAAXHHAEAULabelBase@@_N@Z 00000001400089e0 f i compile.obj
 0001:00007b30       ??1Label@@QEAA@XZ          0000000140008b30 f i compile.obj
 0001:00007b90       ?here@Label@@UEAAXPEAUemulate65c02@@H@Z 0000000140008b90 f   compile.obj
 0001:00007ba0       ?here@Label@@UEAAXH@Z      0000000140008ba0 f   compile.obj
 0001:00007bc0       ?build_solid@emulate65c02@@QEAAGXZ 0000000140008bc0 f   compile.obj
 0001:0000c550       ?_Buynode0@?$_List_alloc@U?$_List_base_types@ULabelFixup@@V?$allocator@ULabelFixup@@@std@@@std@@@std@@QEAAPEAU?$_List_node@ULabelFixup@@PEAX@2@PEAU32@0@Z 000000014000d550 f i compile.obj
 0001:0000c590       ??$?6U?$char_traits@D@std@@@std@@YAAEAV?$basic_ostream@DU?$char_traits@D@std@@@0@AEAV10@D@Z 000000014000d590 f i compile.obj
 0001:0000c750       ??$_Setp@V?$list@ULabelFixup@@V?$allocator@ULabelFixup@@@std@@@std@@@?$shared_ptr@V?$list@ULabelFixup@@V?$allocator@ULabelFixup@@@std@@@std@@@std@@AEAAXPEAV?$list@ULabelFixup@@V?$allocator@ULabelFixup@@@std@@@1@U?$integral_constant@_N$0A@@1@@Z 000000014000d750 f i compile.obj
 0001:0000c7b0       ??$_Buynode@ULabelFixup@@@?$_List_buy@ULabelFixup@@V?$allocator@ULabelFixup@@@std@@@std@@QEAAPEAU?$_List_node@ULabelFixup@@PEAX@1@PEAU21@0$$QEAULabelFixup@@@Z 000000014000d7b0 f i compile.obj
 0001:0000c7e0       ??_G?$list@ULabelFixup@@V?$allocator@ULabelFixup@@@std@@@std@@QEAAPEAXI@Z 000000014000d7e0 f i compile.obj
 0001:0000c850       ?_Delete_this@?$_Ref_count@V?$list@ULabelFixup@@V?$allocator@ULabelFixup@@@std@@@std@@@std@@EEAAXXZ 000000014000d850 f i compile.obj
 0001:0000c870       ?_Destroy@?$_Ref_count@V?$list@ULabelFixup@@V?$allocator@ULabelFixup@@@std@@@std@@@std@@EEAAXXZ 000000014000d870 f i compile.obj
 0001:0000c880       ??_G?$_Ref_count@V?$list@ULabelFixup@@V?$allocator@ULabelFixup@@@std@@@std@@@std@@UEAAPEAXI@Z 000000014000d880 f i compile.obj
 0001:0000c880       ??_E?$_Ref_count@V?$list@ULabelFixup@@V?$allocator@ULabelFixup@@@std@@@std@@@std@@UEAAPEAXI@Z 000000014000d880 f i * CIL library *:* CIL module *
 0001:0000c8b0       __local_stdio_scanf_options 000000014000d8b0 f i debugger.obj
 0001:0000c8c0       snprintf                   000000014000d8c0 f i debugger.obj
 0001:0000c920       sscanf                     000000014000d920 f i debugger.obj
 0001:0000c980       ?reset@emulate65c02@@QEAAXXZ 000000014000d980 f i debugger.obj
 0001:0000c9e0       ?DEBUGGetCurrentStatus@@YAHXZ 000000014000d9e0 f   debugger.obj
 0001:0000cff0       ?DEBUGRenderDisplay@@YAXHH@Z 000000014000dff0 f   debugger.obj
 0001:0000db20       _initialize_denormal_control 000000014000eb20 f   MSVCRT:denormal_control.obj
 0001:0000db20       _guard_check_icall_nop     000000014000eb20 f   MSVCRT:guard_support.obj
 0001:0000db20       _initialize_invalid_parameter_handler 000000014000eb20 f   MSVCRT:invalid_parameter_handler.obj
 0001:00010130       fprintf                    0000000140011130 f i joystick.obj
 0001:00010180       ?get_joystick_state@@YAGPEAU_SDL_GameController@@W4joy_status@@@Z 0000000140011180 f   joystick.obj
 0001:00010480       ?ps2_scancode_from_SDL_Scancode@@YAHW4SDL_Scancode@@@Z 0000000140011480 f   keyboard.obj
 0001:00010940       ?handle_keyboard@@YAX_NHW4SDL_Scancode@@@Z 0000000140011940 f   keyboard.obj
 0001:000110c0       ?LOAD@@YAXXZ               00000001400120c0 f   loadsave.obj
 0001:000113d0       ?step6502@emulate65c02@@QEAAXXZ 00000001400123d0 f i main.obj
 0001:000115c0       ?machine_dump@@YAXXZ       00000001400125c0 f   main.obj
 0001:00011850       ?machine_reset@@YAXXZ      0000000140012850 f   main.obj
 0001:00011c20       ?usage_keymap@@YAXXZ       0000000140012c20 f   main.obj
 0001:00011c70       main                       0000000140012c70 f   main.obj
 0001:00012b10       ?emulator_loop@@YAPEAXPEAX@Z 0000000140013b10 f   main.obj
 0001:00013be0       ?ps2_step@@YAXH@Z          0000000140014be0 f   ps2.obj
 0001:00013e50       ?mouse_send_state@@YAXXZ   0000000140014e50 f   ps2.obj
 0001:00013f60       ?DEBUGInitChars@@YAXPEAUSDL_Renderer@@@Z 0000000140014f60 f   rendertext.obj
 0001:00014100       ?DEBUGWrite@@YAXPEAUSDL_Renderer@@HHHUSDL_Color@@@Z 0000000140015100 f   rendertext.obj
 0001:000141d0       ?sdcard_handle@@YAEE@Z     00000001400151d0 f   sdcard.obj
 0001:000143f0       ?GifGetClosestPaletteColor@@YAXPEAUGifPalette@@HHHPEAH1H@Z 00000001400153f0 f   video.obj
 0001:00014580       ?GifPartition@@YAHPEAEHHHH@Z 0000000140015580 f   video.obj
 0001:000147a0       ?GifPartitionByMedian@@YAXPEAEHHHH@Z 00000001400157a0 f   video.obj
 0001:00014850       ?GifSplitPalette@@YAXPEAEHHHHHH_NPEAUGifPalette@@@Z 0000000140015850 f   video.obj
 0001:00014b10       ?GifWriteLzwImage@@YAXPEAU_iobuf@@PEAEIIIIIPEAUGifPalette@@@Z 0000000140015b10 f   video.obj
 0001:000152d0       ?GifWriteFrame@@YA_NPEAUGifWriter@@PEBEIIIH_N@Z 00000001400162d0 f   video.obj
 0001:00015550       ?GifEnd@@YA_NPEAUGifWriter@@@Z 0000000140016550 f   video.obj
 0001:000155b0       ?video_reset@@YAXXZ        00000001400165b0 f   video.obj
 0001:00015710       ?video_init@@YA_NHPEBD@Z   0000000140016710 f   video.obj
 0001:00015a40       ?refresh_layer_properties@@YAXE@Z 0000000140016a40 f   video.obj
 0001:00017000       ?video_update@@YA_NXZ      0000000140018000 f   video.obj
 0001:00017380       ?get_and_inc_address@@YAIE@Z 0000000140018380 f   video.obj
 0001:00017640       ?video_space_write@@YAXIE@Z 0000000140018640 f   video.obj
 0001:00017a90       ?video_read@@YAEE_N@Z      0000000140018a90 f   video.obj
 0001:00017bb0       ?video_write@@YAXEE@Z      0000000140018bb0 f   video.obj
 0001:00017ce4       ??3@YAXPEAX_K@Z            0000000140018ce4 f   MSVCRT:delete_scalar_size.obj
 0001:00017cec       ??_Etype_info@@UEAAPEAXI@Z 0000000140018cec f i MSVCRT:std_type_info_static.obj
 0001:00017cec       ??_Gtype_info@@UEAAPEAXI@Z 0000000140018cec f i MSVCRT:std_type_info_static.obj
 0001:00017d18       ??2@YAPEAX_K@Z             0000000140018d18 f   MSVCRT:new_scalar.obj
 0001:00017d54       __scrt_acquire_startup_lock 0000000140018d54 f   MSVCRT:utility.obj
 0001:00017d90       __scrt_initialize_crt      0000000140018d90 f   MSVCRT:utility.obj
 0001:00017ddc       __scrt_initialize_onexit_tables 0000000140018ddc f   MSVCRT:utility.obj
 0001:00017eb4       __scrt_is_nonwritable_in_current_image 0000000140018eb4 f   MSVCRT:utility.obj
 0001:00017f50       __scrt_release_startup_lock 0000000140018f50 f   MSVCRT:utility.obj
 0001:00017f74       __scrt_uninitialize_crt    0000000140018f74 f   MSVCRT:utility.obj
 0001:00017fa0       _onexit                    0000000140018fa0 f   MSVCRT:utility.obj
 0001:00017ff0       atexit                     0000000140018ff0 f   MSVCRT:utility.obj
 0001:00018268       mainCRTStartup             0000000140019268 f   MSVCRT:exe_main.obj
 0001:0001827c       ??3@YAXPEAX@Z              000000014001927c f   MSVCRT:delete_scalar.obj
 0001:00018284       ??0bad_alloc@std@@QEAA@AEBV01@@Z 0000000140019284 f i MSVCRT:throw_bad_alloc.obj
 0001:000182c4       ??0bad_alloc@std@@QEAA@XZ  00000001400192c4 f i MSVCRT:throw_bad_alloc.obj
 0001:000182e4       ??0bad_array_new_length@std@@QEAA@AEBV01@@Z 00000001400192e4 f i MSVCRT:throw_bad_alloc.obj
 0001:00018324       ??0bad_array_new_length@std@@QEAA@XZ 0000000140019324 f i MSVCRT:throw_bad_alloc.obj
 0001:00018344       ??1bad_alloc@std@@UEAA@XZ  0000000140019344 f i MSVCRT:throw_bad_alloc.obj
 0001:00018344       ??1bad_array_new_length@std@@UEAA@XZ 0000000140019344 f i MSVCRT:throw_bad_alloc.obj
 0001:00018358       ??_Ebad_array_new_length@std@@UEAAPEAXI@Z 0000000140019358 f i MSVCRT:throw_bad_alloc.obj
 0001:00018358       ??_Gbad_array_new_length@std@@UEAAPEAXI@Z 0000000140019358 f i MSVCRT:throw_bad_alloc.obj
 0001:00018358       ??_Gbad_alloc@std@@UEAAPEAXI@Z 0000000140019358 f i MSVCRT:throw_bad_alloc.obj
 0001:00018358       ??_Ebad_alloc@std@@UEAAPEAXI@Z 0000000140019358 f i MSVCRT:throw_bad_alloc.obj
 0001:0001839c       ?__scrt_throw_std_bad_alloc@@YAXXZ 000000014001939c f   MSVCRT:throw_bad_alloc.obj
 0001:000183bc       ?__scrt_throw_std_bad_array_new_length@@YAXXZ 00000001400193bc f   MSVCRT:throw_bad_alloc.obj
 0001:000183dc       __isa_available_init       00000001400193dc f   MSVCRT:cpu_disp.obj
 0001:00018558       _get_startup_argv_mode     0000000140019558 f   MSVCRT:argv_mode.obj
 0001:00018560       __scrt_is_ucrt_dll_in_use  0000000140019560 f   MSVCRT:ucrt_detection.obj
 0001:0001856c       __crt_debugger_hook        000000014001956c f   MSVCRT:utility_desktop.obj
 0001:00018574       __scrt_fastfail            0000000140019574 f   MSVCRT:utility_desktop.obj
 0001:000186c0       __scrt_initialize_mta      00000001400196c0 f   MSVCRT:utility_desktop.obj
 0001:000186c8       __scrt_is_managed_app      00000001400196c8 f   MSVCRT:utility_desktop.obj
 0001:0001871c       __scrt_set_unhandled_exception_filter 000000014001971c f   MSVCRT:utility_desktop.obj
 0001:0001872c       __scrt_unhandled_exception_filter 000000014001972c f   MSVCRT:utility_desktop.obj
 0001:00018764       __security_init_cookie     0000000140019764 f   MSVCRT:gs_support.obj
 0001:00018810       _get_startup_file_mode     0000000140019810 f   MSVCRT:file_mode.obj
 0001:00018818       ?__scrt_initialize_type_info@@YAXXZ 0000000140019818 f   MSVCRT:tncleanup.obj
 0001:00018828       _should_initialize_environment 0000000140019828 f   MSVCRT:env_mode.obj
 0001:00018828       __scrt_stub_for_acrt_uninitialize 0000000140019828 f   MSVCRT:ucrt_stubs.obj
 0001:00018828       __vcrt_uninitialize        0000000140019828 f   MSVCRT:ucrt_stubs.obj
 0001:00018828       __vcrt_initialize          0000000140019828 f   MSVCRT:ucrt_stubs.obj
 0001:00018828       __acrt_uninitialize        0000000140019828 f   MSVCRT:ucrt_stubs.obj
 0001:00018828       __acrt_initialize          0000000140019828 f   MSVCRT:ucrt_stubs.obj
 0001:00018828       __scrt_stub_for_acrt_initialize 0000000140019828 f   MSVCRT:ucrt_stubs.obj
 0001:0001882c       __scrt_initialize_default_local_stdio_options 000000014001982c f   MSVCRT:default_local_stdio_options.obj
 0001:00018848       __scrt_is_user_matherr_present 0000000140019848 f   MSVCRT:matherr_detection.obj
 0001:00018854       __scrt_get_dyn_tls_init_callback 0000000140019854 f   MSVCRT:dyn_tls_init.obj
 0001:0001885c       __scrt_get_dyn_tls_dtor_callback 000000014001985c f   MSVCRT:dyn_tls_dtor.obj
 0001:00018864       _RTC_Initialize            0000000140019864 f   MSVCRT:initsect.obj
 0001:000188a0       _RTC_Terminate             00000001400198a0 f   MSVCRT:initsect.obj
 0001:000188e0       __CxxFrameHandler3         00000001400198e0 f   vcruntime:VCRUNTIME140.dll
 0001:000188e6       __std_exception_destroy    00000001400198e6 f   vcruntime:VCRUNTIME140.dll
 0001:000188ec       __std_exception_copy       00000001400198ec f   vcruntime:VCRUNTIME140.dll
 0001:000188f2       __std_terminate            00000001400198f2 f   vcruntime:VCRUNTIME140.dll
 0001:000188f8       __C_specific_handler       00000001400198f8 f   vcruntime:VCRUNTIME140.dll
 0001:000188fe       _CxxThrowException         00000001400198fe f   vcruntime:VCRUNTIME140.dll
 0001:00018904       memset                     0000000140019904 f   vcruntime:VCRUNTIME140.dll
 0001:0001890a       free                       000000014001990a f   ucrt:api-ms-win-crt-heap-l1-1-0.dll
 0001:00018910       malloc                     0000000140019910 f   ucrt:api-ms-win-crt-heap-l1-1-0.dll
 0001:00018916       exit                       0000000140019916 f   ucrt:api-ms-win-crt-runtime-l1-1-0.dll
 0001:0001891c       _callnewh                  000000014001991c f   ucrt:api-ms-win-crt-heap-l1-1-0.dll
 0001:00018922       _configure_narrow_argv     0000000140019922 f   ucrt:api-ms-win-crt-runtime-l1-1-0.dll
 0001:00018928       _initialize_narrow_environment 0000000140019928 f   ucrt:api-ms-win-crt-runtime-l1-1-0.dll
 0001:0001892e       _initialize_onexit_table   000000014001992e f   ucrt:api-ms-win-crt-runtime-l1-1-0.dll
 0001:00018934       _register_onexit_function  0000000140019934 f   ucrt:api-ms-win-crt-runtime-l1-1-0.dll
 0001:0001893a       _crt_atexit                000000014001993a f   ucrt:api-ms-win-crt-runtime-l1-1-0.dll
 0001:00018940       _cexit                     0000000140019940 f   ucrt:api-ms-win-crt-runtime-l1-1-0.dll
 0001:00018946       _seh_filter_exe            0000000140019946 f   ucrt:api-ms-win-crt-runtime-l1-1-0.dll
 0001:0001894c       _set_app_type              000000014001994c f   ucrt:api-ms-win-crt-runtime-l1-1-0.dll
 0001:00018952       __setusermatherr           0000000140019952 f   ucrt:api-ms-win-crt-math-l1-1-0.dll
 0001:00018958       _get_initial_narrow_environment 0000000140019958 f   ucrt:api-ms-win-crt-runtime-l1-1-0.dll
 0001:0001895e       _initterm                  000000014001995e f   ucrt:api-ms-win-crt-runtime-l1-1-0.dll
 0001:00018964       _initterm_e                0000000140019964 f   ucrt:api-ms-win-crt-runtime-l1-1-0.dll
 0001:0001896a       _exit                      000000014001996a f   ucrt:api-ms-win-crt-runtime-l1-1-0.dll
 0001:00018970       _set_fmode                 0000000140019970 f   ucrt:api-ms-win-crt-stdio-l1-1-0.dll
 0001:00018976       __p___argc                 0000000140019976 f   ucrt:api-ms-win-crt-runtime-l1-1-0.dll
 0001:0001897c       __p___argv                 000000014001997c f   ucrt:api-ms-win-crt-runtime-l1-1-0.dll
 0001:00018982       _c_exit                    0000000140019982 f   ucrt:api-ms-win-crt-runtime-l1-1-0.dll
 0001:00018988       _register_thread_local_exe_atexit_callback 0000000140019988 f   ucrt:api-ms-win-crt-runtime-l1-1-0.dll
 0001:0001898e       _configthreadlocale        000000014001998e f   ucrt:api-ms-win-crt-locale-l1-1-0.dll
 0001:00018994       _set_new_mode              0000000140019994 f   ucrt:api-ms-win-crt-heap-l1-1-0.dll
 0001:0001899a       __p__commode               000000014001999a f   ucrt:api-ms-win-crt-stdio-l1-1-0.dll
 0001:000189a0       terminate                  00000001400199a0 f   ucrt:api-ms-win-crt-runtime-l1-1-0.dll
 0001:000189a6       IsProcessorFeaturePresent  00000001400199a6 f   kernel32:KERNEL32.dll
 0001:000189c0       __chkstk                   00000001400199c0 f   MSVCRT:chkstk.obj
 0001:000189c0       _alloca_probe              00000001400199c0 f   MSVCRT:chkstk.obj
 0001:00018a11       memcpy                     0000000140019a11 f   vcruntime:VCRUNTIME140.dll
 0001:00018a17       strcmp                     0000000140019a17 f   ucrt:api-ms-win-crt-string-l1-1-0.dll
 0001:00018a30       _guard_dispatch_icall_nop  0000000140019a30 f   MSVCRT:guard_dispatch.obj
 0002:00000000       __imp_FindFirstFileExW     000000014001b000     kernel32:KERNEL32.dll
 0002:00000008       __imp_GetFullPathNameW     000000014001b008     kernel32:KERNEL32.dll
 0002:00000010       __imp_FindNextFileW        000000014001b010     kernel32:KERNEL32.dll
 0002:00000018       __imp_FindClose            000000014001b018     kernel32:KERNEL32.dll
 0002:00000020       __imp_GetLastError         000000014001b020     kernel32:KERNEL32.dll
 0002:00000028       __imp_SetWaitableTimer     000000014001b028     kernel32:KERNEL32.dll
 0002:00000030       __imp_CreateWaitableTimerW 000000014001b030     kernel32:KERNEL32.dll
 0002:00000038       __imp_WaitForSingleObject  000000014001b038     kernel32:KERNEL32.dll
 0002:00000040       __imp_CloseHandle          000000014001b040     kernel32:KERNEL32.dll
 0002:00000048       __imp_GetSystemTimeAsFileTime 000000014001b048     kernel32:KERNEL32.dll
 0002:00000050       __imp_RtlCaptureContext    000000014001b050     kernel32:KERNEL32.dll
 0002:00000058       __imp_RtlLookupFunctionEntry 000000014001b058     kernel32:KERNEL32.dll
 0002:00000060       __imp_RtlVirtualUnwind     000000014001b060     kernel32:KERNEL32.dll
 0002:00000068       __imp_IsDebuggerPresent    000000014001b068     kernel32:KERNEL32.dll
 0002:00000070       __imp_UnhandledExceptionFilter 000000014001b070     kernel32:KERNEL32.dll
 0002:00000078       __imp_SetUnhandledExceptionFilter 000000014001b078     kernel32:KERNEL32.dll
 0002:00000080       __imp_IsProcessorFeaturePresent 000000014001b080     kernel32:KERNEL32.dll
 0002:00000088       __imp_GetModuleHandleW     000000014001b088     kernel32:KERNEL32.dll
 0002:00000090       __imp_QueryPerformanceCounter 000000014001b090     kernel32:KERNEL32.dll
 0002:00000098       __imp_GetCurrentProcessId  000000014001b098     kernel32:KERNEL32.dll
 0002:000000a0       __imp_GetCurrentThreadId   000000014001b0a0     kernel32:KERNEL32.dll
 0002:000000a8       __imp_InitializeSListHead  000000014001b0a8     kernel32:KERNEL32.dll
 0002:000000b0       \177KERNEL32_NULL_THUNK_DATA 000000014001b0b0     kernel32:KERNEL32.dll
 0002:000000b8       __imp_??6?$basic_ostream@DU?$char_traits@D@std@@@std@@QEAAAEAV01@N@Z 000000014001b0b8     msvcprt:MSVCP140.dll
 0002:000000c0       __imp_??6?$basic_ostream@DU?$char_traits@D@std@@@std@@QEAAAEAV01@H@Z 000000014001b0c0     msvcprt:MSVCP140.dll
 0002:000000c8       __imp_??5?$basic_istream@DU?$char_traits@D@std@@@std@@QEAAAEAV01@AEAH@Z 000000014001b0c8     msvcprt:MSVCP140.dll
 0002:000000d0       __imp_?_Xlength_error@std@@YAXPEBD@Z 000000014001b0d0     msvcprt:MSVCP140.dll
 0002:000000d8       __imp_?cin@std@@3V?$basic_istream@DU?$char_traits@D@std@@@1@A 000000014001b0d8     msvcprt:MSVCP140.dll
 0002:000000e0       __imp_??6?$basic_ostream@DU?$char_traits@D@std@@@std@@QEAAAEAV01@G@Z 000000014001b0e0     msvcprt:MSVCP140.dll
 0002:000000e8       __imp_??6?$basic_ostream@DU?$char_traits@D@std@@@std@@QEAAAEAV01@P6AAEAVios_base@1@AEAV21@@Z@Z 000000014001b0e8     msvcprt:MSVCP140.dll
 0002:000000f0       __imp_?setstate@?$basic_ios@DU?$char_traits@D@std@@@std@@QEAAXH_N@Z 000000014001b0f0     msvcprt:MSVCP140.dll
 0002:000000f8       __imp_?cout@std@@3V?$basic_ostream@DU?$char_traits@D@std@@@1@A 000000014001b0f8     msvcprt:MSVCP140.dll
 0002:00000100       __imp_?uncaught_exception@std@@YA_NXZ 000000014001b100     msvcprt:MSVCP140.dll
 0002:00000108       __imp_?sputn@?$basic_streambuf@DU?$char_traits@D@std@@@std@@QEAA_JPEBD_J@Z 000000014001b108     msvcprt:MSVCP140.dll
 0002:00000110       __imp_?sputc@?$basic_streambuf@DU?$char_traits@D@std@@@std@@QEAAHD@Z 000000014001b110     msvcprt:MSVCP140.dll
 0002:00000118       __imp_?_Osfx@?$basic_ostream@DU?$char_traits@D@std@@@std@@QEAAXXZ 000000014001b118     msvcprt:MSVCP140.dll
 0002:00000120       __imp_?flush@?$basic_ostream@DU?$char_traits@D@std@@@std@@QEAAAEAV12@XZ 000000014001b120     msvcprt:MSVCP140.dll
 0002:00000128       \177MSVCP140_NULL_THUNK_DATA 000000014001b128     msvcprt:MSVCP140.dll
 0002:00000130       __imp_SDL_SetWindowFullscreen 000000014001b130     SDL2:SDL2.dll
 0002:00000138       __imp_SDL_SetWindowTitle   000000014001b138     SDL2:SDL2.dll
 0002:00000140       __imp_SDL_RenderPresent    000000014001b140     SDL2:SDL2.dll
 0002:00000148       __imp_SDL_RenderSetLogicalSize 000000014001b148     SDL2:SDL2.dll
 0002:00000150       __imp_SDL_GetClipboardText 000000014001b150     SDL2:SDL2.dll
 0002:00000158       __imp_SDL_CreateWindowAndRenderer 000000014001b158     SDL2:SDL2.dll
 0002:00000160       __imp_SDL_ShowCursor       000000014001b160     SDL2:SDL2.dll
 0002:00000168       __imp_SDL_DestroyWindow    000000014001b168     SDL2:SDL2.dll
 0002:00000170       __imp_SDL_SetWindowResizable 000000014001b170     SDL2:SDL2.dll
 0002:00000178       __imp_SDL_DestroyRenderer  000000014001b178     SDL2:SDL2.dll
 0002:00000180       __imp_SDL_RenderClear      000000014001b180     SDL2:SDL2.dll
 0002:00000188       __imp_SDL_SetTextureColorMod 000000014001b188     SDL2:SDL2.dll
 0002:00000190       __imp_SDL_CreateTexture    000000014001b190     SDL2:SDL2.dll
 0002:00000198       __imp_SDL_SetHint          000000014001b198     SDL2:SDL2.dll
 0002:000001a0       __imp_SDL_UpdateTexture    000000014001b1a0     SDL2:SDL2.dll
 0002:000001a8       __imp_SDL_RenderCopy       000000014001b1a8     SDL2:SDL2.dll
 0002:000001b0       __imp_SDL_GetTicks         000000014001b1b0     SDL2:SDL2.dll
 0002:000001b8       __imp_SDL_SetRenderDrawColor 000000014001b1b8     SDL2:SDL2.dll
 0002:000001c0       __imp_SDL_GetKeyboardState 000000014001b1c0     SDL2:SDL2.dll
 0002:000001c8       __imp_SDL_PollEvent        000000014001b1c8     SDL2:SDL2.dll
 0002:000001d0       __imp_SDL_RenderDrawLine   000000014001b1d0     SDL2:SDL2.dll
 0002:000001d8       __imp_SDL_GetModState      000000014001b1d8     SDL2:SDL2.dll
 0002:000001e0       __imp_SDL_RenderFillRect   000000014001b1e0     SDL2:SDL2.dll
 0002:000001e8       __imp_SDL_Init             000000014001b1e8     SDL2:SDL2.dll
 0002:000001f0       __imp_SDL_NumJoysticks     000000014001b1f0     SDL2:SDL2.dll
 0002:000001f8       __imp_SDL_GetError         000000014001b1f8     SDL2:SDL2.dll
 0002:00000200       __imp_SDL_IsGameController 000000014001b200     SDL2:SDL2.dll
 0002:00000208       __imp_SDL_GameControllerOpen 000000014001b208     SDL2:SDL2.dll
 0002:00000210       __imp_SDL_GameControllerGetButton 000000014001b210     SDL2:SDL2.dll
 0002:00000218       __imp_SDL_GetBasePath      000000014001b218     SDL2:SDL2.dll
 0002:00000220       __imp_SDL_Quit             000000014001b220     SDL2:SDL2.dll
 0002:00000228       \177SDL2_NULL_THUNK_DATA   000000014001b228     SDL2:SDL2.dll
 0002:00000230       __imp_memcpy               000000014001b230     vcruntime:VCRUNTIME140.dll
 0002:00000238       __imp___CxxFrameHandler3   000000014001b238     vcruntime:VCRUNTIME140.dll
 0002:00000240       __imp___std_exception_copy 000000014001b240     vcruntime:VCRUNTIME140.dll
 0002:00000248       __imp_memset               000000014001b248     vcruntime:VCRUNTIME140.dll
 0002:00000250       __imp__CxxThrowException   000000014001b250     vcruntime:VCRUNTIME140.dll
 0002:00000258       __imp___C_specific_handler 000000014001b258     vcruntime:VCRUNTIME140.dll
 0002:00000260       __imp_strchr               000000014001b260     vcruntime:VCRUNTIME140.dll
 0002:00000268       __imp_strstr               000000014001b268     vcruntime:VCRUNTIME140.dll
 0002:00000270       __imp___std_exception_destroy 000000014001b270     vcruntime:VCRUNTIME140.dll
 0002:00000278       __imp___std_terminate      000000014001b278     vcruntime:VCRUNTIME140.dll
 0002:00000280       \177VCRUNTIME140_NULL_THUNK_DATA 000000014001b280     vcruntime:VCRUNTIME140.dll
 0002:00000288       __imp_wcstombs_s           000000014001b288     ucrt:api-ms-win-crt-convert-l1-1-0.dll
 0002:00000290       __imp_mbstowcs_s           000000014001b290     ucrt:api-ms-win-crt-convert-l1-1-0.dll
 0002:00000298       __imp_atoi                 000000014001b298     ucrt:api-ms-win-crt-convert-l1-1-0.dll
 0002:000002a0       __imp_strtol               000000014001b2a0     ucrt:api-ms-win-crt-convert-l1-1-0.dll
 0002:000002a8       \177api-ms-win-crt-convert-l1-1-0_NULL_THUNK_DATA 000000014001b2a8     ucrt:api-ms-win-crt-convert-l1-1-0.dll
 0002:000002b0       __imp__access              000000014001b2b0     ucrt:api-ms-win-crt-filesystem-l1-1-0.dll
 0002:000002b8       __imp__stat64i32           000000014001b2b8     ucrt:api-ms-win-crt-filesystem-l1-1-0.dll
 0002:000002c0       \177api-ms-win-crt-filesystem-l1-1-0_NULL_THUNK_DATA 000000014001b2c0     ucrt:api-ms-win-crt-filesystem-l1-1-0.dll
 0002:000002c8       __imp_malloc               000000014001b2c8     ucrt:api-ms-win-crt-heap-l1-1-0.dll
 0002:000002d0       __imp__callnewh            000000014001b2d0     ucrt:api-ms-win-crt-heap-l1-1-0.dll
 0002:000002d8       __imp_free                 000000014001b2d8     ucrt:api-ms-win-crt-heap-l1-1-0.dll
 0002:000002e0       __imp__set_new_mode        000000014001b2e0     ucrt:api-ms-win-crt-heap-l1-1-0.dll
 0002:000002e8       \177api-ms-win-crt-heap-l1-1-0_NULL_THUNK_DATA 000000014001b2e8     ucrt:api-ms-win-crt-heap-l1-1-0.dll
 0002:000002f0       __imp__configthreadlocale  000000014001b2f0     ucrt:api-ms-win-crt-locale-l1-1-0.dll
 0002:000002f8       \177api-ms-win-crt-locale-l1-1-0_NULL_THUNK_DATA 000000014001b2f8     ucrt:api-ms-win-crt-locale-l1-1-0.dll
 0002:00000300       __imp___setusermatherr     000000014001b300     ucrt:api-ms-win-crt-math-l1-1-0.dll
 0002:00000308       \177api-ms-win-crt-math-l1-1-0_NULL_THUNK_DATA 000000014001b308     ucrt:api-ms-win-crt-math-l1-1-0.dll
 0002:00000310       __imp__set_errno           000000014001b310     ucrt:api-ms-win-crt-runtime-l1-1-0.dll
 0002:00000318       __imp__configure_narrow_argv 000000014001b318     ucrt:api-ms-win-crt-runtime-l1-1-0.dll
 0002:00000320       __imp__initialize_narrow_environment 000000014001b320     ucrt:api-ms-win-crt-runtime-l1-1-0.dll
 0002:00000328       __imp__initialize_onexit_table 000000014001b328     ucrt:api-ms-win-crt-runtime-l1-1-0.dll
 0002:00000330       __imp__register_onexit_function 000000014001b330     ucrt:api-ms-win-crt-runtime-l1-1-0.dll
 0002:00000338       __imp_terminate            000000014001b338     ucrt:api-ms-win-crt-runtime-l1-1-0.dll
 0002:00000340       __imp__cexit               000000014001b340     ucrt:api-ms-win-crt-runtime-l1-1-0.dll
 0002:00000348       __imp__seh_filter_exe      000000014001b348     ucrt:api-ms-win-crt-runtime-l1-1-0.dll
 0002:00000350       __imp__set_app_type        000000014001b350     ucrt:api-ms-win-crt-runtime-l1-1-0.dll
 0002:00000358       __imp_exit                 000000014001b358     ucrt:api-ms-win-crt-runtime-l1-1-0.dll
 0002:00000360       __imp__get_initial_narrow_environment 000000014001b360     ucrt:api-ms-win-crt-runtime-l1-1-0.dll
 0002:00000368       __imp__initterm            000000014001b368     ucrt:api-ms-win-crt-runtime-l1-1-0.dll
 0002:00000370       __imp__initterm_e          000000014001b370     ucrt:api-ms-win-crt-runtime-l1-1-0.dll
 0002:00000378       __imp__exit                000000014001b378     ucrt:api-ms-win-crt-runtime-l1-1-0.dll
 0002:00000380       __imp__crt_atexit          000000014001b380     ucrt:api-ms-win-crt-runtime-l1-1-0.dll
 0002:00000388       __imp___p___argc           000000014001b388     ucrt:api-ms-win-crt-runtime-l1-1-0.dll
 0002:00000390       __imp___p___argv           000000014001b390     ucrt:api-ms-win-crt-runtime-l1-1-0.dll
 0002:00000398       __imp__c_exit              000000014001b398     ucrt:api-ms-win-crt-runtime-l1-1-0.dll
 0002:000003a0       __imp__register_thread_local_exe_atexit_callback 000000014001b3a0     ucrt:api-ms-win-crt-runtime-l1-1-0.dll
 0002:000003a8       \177api-ms-win-crt-runtime-l1-1-0_NULL_THUNK_DATA 000000014001b3a8     ucrt:api-ms-win-crt-runtime-l1-1-0.dll
 0002:000003b0       __imp___p__commode         000000014001b3b0     ucrt:api-ms-win-crt-stdio-l1-1-0.dll
 0002:000003b8       __imp_fopen_s              000000014001b3b8     ucrt:api-ms-win-crt-stdio-l1-1-0.dll
 0002:000003c0       __imp__fileno              000000014001b3c0     ucrt:api-ms-win-crt-stdio-l1-1-0.dll
 0002:000003c0       __imp_fileno               000000014001b3c0     ucrt:api-ms-win-crt-stdio-l1-1-0.dll
 0002:000003c8       __imp_setmode              000000014001b3c8     ucrt:api-ms-win-crt-stdio-l1-1-0.dll
 0002:000003c8       __imp__setmode             000000014001b3c8     ucrt:api-ms-win-crt-stdio-l1-1-0.dll
 0002:000003d0       __imp_fopen                000000014001b3d0     ucrt:api-ms-win-crt-stdio-l1-1-0.dll
 0002:000003d8       __imp_fputs                000000014001b3d8     ucrt:api-ms-win-crt-stdio-l1-1-0.dll
 0002:000003e0       __imp__set_fmode           000000014001b3e0     ucrt:api-ms-win-crt-stdio-l1-1-0.dll
 0002:000003e8       __imp___acrt_iob_func      000000014001b3e8     ucrt:api-ms-win-crt-stdio-l1-1-0.dll
 0002:000003f0       __imp___stdio_common_vfprintf 000000014001b3f0     ucrt:api-ms-win-crt-stdio-l1-1-0.dll
 0002:000003f8       __imp___stdio_common_vsprintf 000000014001b3f8     ucrt:api-ms-win-crt-stdio-l1-1-0.dll
 0002:00000400       __imp___stdio_common_vsscanf 000000014001b400     ucrt:api-ms-win-crt-stdio-l1-1-0.dll
 0002:00000408       __imp_fputc                000000014001b408     ucrt:api-ms-win-crt-stdio-l1-1-0.dll
 0002:00000410       __imp_fflush               000000014001b410     ucrt:api-ms-win-crt-stdio-l1-1-0.dll
 0002:00000418       __imp_feof                 000000014001b418     ucrt:api-ms-win-crt-stdio-l1-1-0.dll
 0002:00000420       __imp_fseek                000000014001b420     ucrt:api-ms-win-crt-stdio-l1-1-0.dll
 0002:00000428       __imp_fclose               000000014001b428     ucrt:api-ms-win-crt-stdio-l1-1-0.dll
 0002:00000430       __imp_fgetc                000000014001b430     ucrt:api-ms-win-crt-stdio-l1-1-0.dll
 0002:00000438       __imp_fread                000000014001b438     ucrt:api-ms-win-crt-stdio-l1-1-0.dll
 0002:00000440       __imp_fwrite               000000014001b440     ucrt:api-ms-win-crt-stdio-l1-1-0.dll
 0002:00000448       __imp__getcwd              000000014001b448     ucrt:api-ms-win-crt-stdio-l1-1-0.dll
 0002:00000450       \177api-ms-win-crt-stdio-l1-1-0_NULL_THUNK_DATA 000000014001b450     ucrt:api-ms-win-crt-stdio-l1-1-0.dll
 0002:00000458       __imp_isspace              000000014001b458     ucrt:api-ms-win-crt-string-l1-1-0.dll
 0002:00000460       __imp_strncpy              000000014001b460     ucrt:api-ms-win-crt-string-l1-1-0.dll
 0002:00000468       __imp_tolower              000000014001b468     ucrt:api-ms-win-crt-string-l1-1-0.dll
 0002:00000470       __imp_strcmp               000000014001b470     ucrt:api-ms-win-crt-string-l1-1-0.dll
 0002:00000478       \177api-ms-win-crt-string-l1-1-0_NULL_THUNK_DATA 000000014001b478     ucrt:api-ms-win-crt-string-l1-1-0.dll
 0002:00000480       __imp__time64              000000014001b480     ucrt:api-ms-win-crt-time-l1-1-0.dll
 0002:00000488       \177api-ms-win-crt-time-l1-1-0_NULL_THUNK_DATA 000000014001b488     ucrt:api-ms-win-crt-time-l1-1-0.dll
 0002:00000490       __imp_rand                 000000014001b490     ucrt:api-ms-win-crt-utility-l1-1-0.dll
 0002:00000498       __imp_srand                000000014001b498     ucrt:api-ms-win-crt-utility-l1-1-0.dll
 0002:000004a0       \177api-ms-win-crt-utility-l1-1-0_NULL_THUNK_DATA 000000014001b4a0     ucrt:api-ms-win-crt-utility-l1-1-0.dll
 0002:000004a8       __guard_check_icall_fptr   000000014001b4a8     MSVCRT:guard_support.obj
 0002:000004b0       __guard_dispatch_icall_fptr 000000014001b4b0     MSVCRT:guard_support.obj
 0002:000004b8       __xc_a                     000000014001b4b8     MSVCRT:initializers.obj
 0002:000004d0       __xc_z                     000000014001b4d0     MSVCRT:initializers.obj
 0002:000004d8       __xi_a                     000000014001b4d8     MSVCRT:initializers.obj
 0002:000004f0       __xi_z                     000000014001b4f0     MSVCRT:initializers.obj
 0002:000004f8       __xp_a                     000000014001b4f8     MSVCRT:initializers.obj
 0002:00000500       __xp_z                     000000014001b500     MSVCRT:initializers.obj
 0002:00000508       __xt_a                     000000014001b508     MSVCRT:initializers.obj
 0002:00000510       __xt_z                     000000014001b510     MSVCRT:initializers.obj
 0002:00000528       ??_7type_info@@6B@         000000014001b528     MSVCRT:std_type_info_static.obj
 0002:00000538       ??_7exception@std@@6B@     000000014001b538     MSVCRT:throw_bad_alloc.obj
 0002:00000550       ??_7bad_alloc@std@@6B@     000000014001b550     MSVCRT:throw_bad_alloc.obj
 0002:00000560       ??_C@_0P@GHFPNOJB@bad?5allocation@ 000000014001b560     MSVCRT:throw_bad_alloc.obj
 0002:00000578       ??_7bad_array_new_length@std@@6B@ 000000014001b578     MSVCRT:throw_bad_alloc.obj
 0002:00000588       ??_C@_0BF@KINCDENJ@bad?5array?5new?5length@ 000000014001b588     MSVCRT:throw_bad_alloc.obj
 0002:000005a0       ??_C@_0BC@EOODALEL@Unknown?5exception@ 000000014001b5a0     65c02incpp.obj
 0002:000005b8       ??_C@_0CB@HEPJEJOI@WARN?3?5Write?5Invalid?5register?5?$CFx@ 000000014001b5b8     65c02incpp.obj
 0002:000005e0       ??_C@_0CJ@DBLJJOLL@?6?$CK?$CK?$CK?$CK?$CK?$CK?$CK?$CK?$CK?$CK?$CK?$CK?$CK?$CK?$CK?$CK?$CK?$CK?$CK?$CK?$CK?$CK?$CK?$CK?$CK?$CK?$CK?$CK?$CK?$CK@ 000000014001b5e0     65c02incpp.obj
 0002:00000610       ??_C@_0EA@CEPIFFJC@?$CK?$CK?$CK?$CK?$CK?$CK?$CK?$CK?$CK?$CK?$CK?$CK?$CK?$CK?$CK?$CK?$CK?$CK?$CK?$CK?$CK?$CK?$CK?$CK?$CK?$CK?$CK?$CK?$CK?$CK?$CK@ 000000014001b610     65c02incpp.obj
 0002:00000650       ??_C@_0BE@NBOEGJHP@branch?5out?5of?5range@ 000000014001b650     65c02incpp.obj
 0002:00000664       ??_C@_05PJEGGFMP@BRK00@    000000014001b664     65c02incpp.obj
 0002:00000670       ??_C@_09MPOODFNE@ORA_izx01@ 000000014001b670     65c02incpp.obj
 0002:00000680       ??_C@_09FDJIHFIF@NOP_imm02@ 000000014001b680     65c02incpp.obj
 0002:0000068c       ??_C@_05LKMBHFNK@NOP03@    000000014001b68c     65c02incpp.obj
 0002:00000698       ??_C@_08IELBJPOJ@TSB_zp04@ 000000014001b698     65c02incpp.obj
 0002:000006a8       ??_C@_08EOHNGIAH@ORA_zp05@ 000000014001b6a8     65c02incpp.obj
 0002:000006b8       ??_C@_08OPIBAI@ASL_zp06@   000000014001b6b8     65c02incpp.obj
 0002:000006c8       ??_C@_09NMHLOCBK@RMB0_zp07@ 000000014001b6c8     65c02incpp.obj
 0002:000006d4       ??_C@_05NCMJBDOK@PHP08@    000000014001b6d4     65c02incpp.obj
 0002:000006e0       ??_C@_09LCDAFDOD@ORA_imm09@ 000000014001b6e0     65c02incpp.obj
 0002:000006ec       ??_C@_05OJEBEONP@ASL0A@    000000014001b6ec     65c02incpp.obj
 0002:000006f4       ??_C@_05IMOFDNGN@NOP0B@    000000014001b6f4     65c02incpp.obj
 0002:00000700       ??_C@_09PPJPJODA@TSB_abs0C@ 000000014001b700     65c02incpp.obj
 0002:00000710       ??_C@_09PGGEGBEI@ORA_abs0D@ 000000014001b710     65c02incpp.obj
 0002:00000720       ??_C@_09HNMIGBCI@ASL_abs0E@ 000000014001b720     65c02incpp.obj
 0002:00000730       ??_C@_0L@JMPCDBBP@BBR0_zpr0F@ 000000014001b730     65c02incpp.obj
 0002:00000740       ??_C@_09MDOAOKIG@BPL_rel10@ 000000014001b740     65c02incpp.obj
 0002:00000750       ??_C@_09HGJADIIG@ORA_izy11@ 000000014001b750     65c02incpp.obj
 0002:00000760       ??_C@_09CALFCEMP@ORA_izp12@ 000000014001b760     65c02incpp.obj
 0002:0000076c       ??_C@_05LLADBPON@NOP13@    000000014001b76c     65c02incpp.obj
 0002:00000778       ??_C@_08EJNJPFEA@TRB_zp14@ 000000014001b778     65c02incpp.obj
 0002:00000788       ??_C@_09GFLCPCHD@ORA_zpx15@ 000000014001b788     65c02incpp.obj
 0002:00000798       ??_C@_09NMCIJAJB@ASL_zpx16@ 000000014001b798     65c02incpp.obj
 0002:000007a8       ??_C@_09HLMOIDJJ@RMB1_zp17@ 000000014001b7a8     65c02incpp.obj
 0002:000007b4       ??_C@_05OBGFFHFJ@CLC18@    000000014001b7b4     65c02incpp.obj
 0002:000007c0       ??_C@_09CIKOMKA@ORA_aby19@ 000000014001b7c0     65c02incpp.obj
 0002:000007cc       ??_C@_05MEMDOFOA@INC1A@    000000014001b7cc     65c02incpp.obj
 0002:000007d4       ??_C@_05INCHFHFK@NOP1B@    000000014001b7d4     65c02incpp.obj
 0002:000007e0       ??_C@_09OJCGOAEE@TRB_abs1C@ 000000014001b7e0     65c02incpp.obj
 0002:000007f0       ??_C@_09CAKHIMHO@ORA_abx1D@ 000000014001b7f0     65c02incpp.obj
 0002:00000800       ??_C@_09KLALIMBO@ASL_abx1E@ 000000014001b800     65c02incpp.obj
 0002:00000810       ??_C@_0L@FBJKFLLG@BBR1_zpr1F@ 000000014001b810     65c02incpp.obj
 0002:00000820       ??_C@_09LNNFOABL@JSR_abs20@ 000000014001b820     65c02incpp.obj
 0002:00000830       ??_C@_09NALHGOAI@AND_izx21@ 000000014001b830     65c02incpp.obj
 0002:00000840       ??_C@_09FABMKBOL@NOP_imm22@ 000000014001b840     65c02incpp.obj
 0002:0000084c       ??_C@_05LJEFKBLE@NOP23@    000000014001b84c     65c02incpp.obj
 0002:00000858       ??_C@_08LBJKPEGL@BIT_zp24@ 000000014001b858     65c02incpp.obj
 0002:00000868       ??_C@_08PMBHGMDI@AND_zp25@ 000000014001b868     65c02incpp.obj
 0002:00000878       ??_C@_08LNDCAPLG@ROL_zp26@ 000000014001b878     65c02incpp.obj
 0002:00000888       ??_C@_09EIGACHFN@RMB2_zp27@ 000000014001b888     65c02incpp.obj
 0002:00000894       ??_C@_05CEMNGBEE@PLP28@    000000014001b894     65c02incpp.obj
 0002:000008a0       ??_C@_09KNGJAIDP@AND_imm29@ 000000014001b8a0     65c02incpp.obj
 0002:000008ac       ??_C@_05MKJHJAAH@ROL2A@    000000014001b8ac     65c02incpp.obj
 0002:000008b4       ??_C@_05IPGBOJAD@NOP2B@    000000014001b8b4     65c02incpp.obj
 0002:000008c0       ??_C@_09FFJBELLC@BIT_abs2C@ 000000014001b8c0     65c02incpp.obj
 0002:000008d0       ??_C@_09OJDNDKJE@AND_abs2D@ 000000014001b8d0     65c02incpp.obj
 0002:000008e0       ??_C@_09PICBDOMI@ROL_abs2E@ 000000014001b8e0     65c02incpp.obj
 0002:000008f0       ??_C@_0L@NNFDOCAM@BBR2_zpr2F@ 000000014001b8f0     65c02incpp.obj
 0002:00000900       ??_C@_09NFALJFKK@BMI_rel30@ 000000014001b900     65c02incpp.obj
 0002:00000910       ??_C@_09GJMJGDFK@AND_izy31@ 000000014001b910     65c02incpp.obj
 0002:00000920       ??_C@_09DPOMHPBD@AND_izp32@ 000000014001b920     65c02incpp.obj
 0002:0000092c       ??_C@_05LIIHMLID@NOP33@    000000014001b92c     65c02incpp.obj
 0002:00000938       ??_C@_09JABNHPAP@BIT_zpx34@ 000000014001b938     65c02incpp.obj
 0002:00000948       ??_C@_09HKOLKJKP@AND_zpx35@ 000000014001b948     65c02incpp.obj
 0002:00000958       ??_C@_09FJMBMPHB@ROL_zpx36@ 000000014001b958     65c02incpp.obj
 0002:00000968       ??_C@_09OPNFEGNO@RMB3_zp37@ 000000014001b968     65c02incpp.obj
 0002:00000974       ??_C@_05OMCHODNN@SEC38@    000000014001b974     65c02incpp.obj
 0002:00000980       ??_C@_09BNNDLHHM@AND_aby39@ 000000014001b980     65c02incpp.obj
 0002:0000098c       ??_C@_05MAJBDEB@DEC3A@     000000014001b98c     65c02incpp.obj
 0002:00000994       ??_C@_05IOKDIDDE@NOP3B@    000000014001b994     65c02incpp.obj
 0002:000009a0       ??_C@_09IDFCKGIE@BIT_abx3C@ 000000014001b9a0     65c02incpp.obj
 0002:000009b0       ??_C@_09DPPONHKC@AND_abx3D@ 000000014001b9b0     65c02incpp.obj
 0002:000009c0       ??_C@_09COOCNDPO@ROL_abx3E@ 000000014001b9c0     65c02incpp.obj
 0002:000009d0       ??_C@_0L@BADLIIKF@BBR3_zpr3F@ 000000014001b9d0     65c02incpp.obj
 0002:000009dc       ??_C@_05NINAPCKD@RTI40@    000000014001b9dc     65c02incpp.obj
 0002:000009e8       ??_C@_09HAHOJOCP@EOR_izx41@ 000000014001b9e8     65c02incpp.obj
 0002:000009f8       ??_C@_09FEJBNNFJ@NOP_imm42@ 000000014001b9f8     65c02incpp.obj
 0002:00000a04       ??_C@_05LNMINNAG@NOP43@    000000014001ba04     65c02incpp.obj
 0002:00000a10       ??_C@_08GBADFGFJ@NOP_zp44@ 000000014001ba10     65c02incpp.obj
 0002:00000a20       ??_C@_08GNNCOIOM@EOR_zp45@ 000000014001ba20     65c02incpp.obj
 0002:00000a30       ??_C@_08MBEICJBA@LSR_zp46@ 000000014001ba30     65c02incpp.obj
 0002:00000a40       ??_C@_09CPDNGONF@RMB4_zp47@ 000000014001ba40     65c02incpp.obj
 0002:00000a4c       ??_C@_05DNGFILMM@PHA48@    000000014001ba4c     65c02incpp.obj
 0002:00000a58       ??_C@_09NKAPIBI@EOR_imm49@ 000000014001ba58     65c02incpp.obj
 0002:00000a64       ??_C@_05OCBANFHB@LSR4A@    000000014001ba64     65c02incpp.obj
 0002:00000a6c       ??_C@_05ILOMJFLB@NOP4B@    000000014001ba6c     65c02incpp.obj
 0002:00000a78       ??_C@_09JLGNCIAC@JMP_abs4C@ 000000014001ba78     65c02incpp.obj
 0002:00000a88       ??_C@_09EJPEMKLD@EOR_abs4D@ 000000014001ba88     65c02incpp.obj
 0002:00000a98       ??_C@_09OGAOGBFN@LSR_abs4E@ 000000014001ba98     65c02incpp.obj
 0002:00000aa8       ??_C@_0L@BPLBJHDJ@BBR4_zpr4F@ 000000014001baa8     65c02incpp.obj
 0002:00000ab8       ??_C@_09GONDCJHM@BVC_rel50@ 000000014001bab8     65c02incpp.obj
 0002:00000ac8       ??_C@_09MJAAJDHN@EOR_izy51@ 000000014001bac8     65c02incpp.obj
 0002:00000ad8       ??_C@_09JPCFIPDE@EOR_izp52@ 000000014001bad8     65c02incpp.obj
 0002:00000ae4       ??_C@_05LMAKLHDB@NOP53@    000000014001bae4     65c02incpp.obj
 0002:00000af0       ??_C@_09HJPMJEED@NOP_zpx54@ 000000014001baf0     65c02incpp.obj
 0002:00000b00       ??_C@_09NKCCFJII@EOR_zpx55@ 000000014001bb00     65c02incpp.obj
 0002:00000b10       ??_C@_09EHOOJAOE@LSR_zpx56@ 000000014001bb10     65c02incpp.obj
 0002:00000b20       ??_C@_09IIIIAPFG@RMB5_zp57@ 000000014001bb20     65c02incpp.obj
 0002:00000b2c       ??_C@_05IJNBBPOB@CLI58@    000000014001bb2c     65c02incpp.obj
 0002:00000b38       ??_C@_09LNBKEHFL@EOR_aby59@ 000000014001bb38     65c02incpp.obj
 0002:00000b44       ??_C@_05FHPHFMDE@PHY5A@    000000014001bb44     65c02incpp.obj
 0002:00000b4c       ??_C@_05IKCOPPIG@NOP5B@    000000014001bb4c     65c02incpp.obj
 0002:00000b58       ??_C@_09LNLCMKMJ@NOP_abs5C@ 000000014001bb58     65c02incpp.obj
 0002:00000b68       ??_C@_09JPDHCHIF@EOR_abx5D@ 000000014001bb68     65c02incpp.obj
 0002:00000b78       ??_C@_09DAMNIMGL@LSR_abx5E@ 000000014001bb78     65c02incpp.obj
 0002:00000b88       ??_C@_0L@NCNJPNJA@BBR5_zpr5F@ 000000014001bb88     65c02incpp.obj
 0002:00000b94       ??_C@_05OEPAJBDG@RTS60@    000000014001bb94     65c02incpp.obj
 0002:00000ba0       ??_C@_09EIFFEFFD@ADC_izx61@ 000000014001bba0     65c02incpp.obj
 0002:00000bb0       ??_C@_09FHBFAJDH@NOP_imm62@ 000000014001bbb0     65c02incpp.obj
 0002:00000bbc       ??_C@_05LOEMAJGI@NOP63@    000000014001bbbc     65c02incpp.obj
 0002:00000bc8       ??_C@_08LKKJFFCC@STZ_zp64@ 000000014001bbc8     65c02incpp.obj
 0002:00000bd8       ??_C@_08KPHJOGKC@ADC_zp65@ 000000014001bbd8     65c02incpp.obj
 0002:00000be8       ??_C@_08INNKEAPJ@ROR_zp66@ 000000014001bbe8     65c02incpp.obj
 0002:00000bf8       ??_C@_09LLCGKLJC@RMB6_zp67@ 000000014001bbf8     65c02incpp.obj
 0002:00000c04       ??_C@_05MLGBPJGC@PLA68@    000000014001bc04     65c02incpp.obj
 0002:00000c10       ??_C@_09DFILCDGE@ADC_imm69@ 000000014001bc10     65c02incpp.obj
 0002:00000c1c       ??_C@_05HNFIBIHH@ROR6A@    000000014001bc1c     65c02incpp.obj
 0002:00000c24       ??_C@_05IIGIEBNP@NOP6B@    000000014001bc24     65c02incpp.obj
 0002:00000c30       ??_C@_09HMIEPMCG@JMP_ind6C@ 000000014001bc30     65c02incpp.obj
 0002:00000c40       ??_C@_09HBNPBBMP@ADC_abs6D@ 000000014001bc40     65c02incpp.obj
 0002:00000c50       ??_C@_09JGBJLFAN@ROR_abs6E@ 000000014001bc50     65c02incpp.obj
 0002:00000c60       ??_C@_0L@FOBAEECK@BBR6_zpr6F@ 000000014001bc60     65c02incpp.obj
 0002:00000c70       ??_C@_09BBOMMMDJ@BVS_rel70@ 000000014001bc70     65c02incpp.obj
 0002:00000c80       ??_C@_09PBCLEIAB@ADC_izy71@ 000000014001bc80     65c02incpp.obj
 0002:00000c90       ??_C@_09KHAOFEEI@ADC_izp72@ 000000014001bc90     65c02incpp.obj
 0002:00000c9c       ??_C@_05LPIOGDFP@NOP73@    000000014001bc9c     65c02incpp.obj
 0002:00000ca8       ??_C@_09BHHNIKBB@STZ_zpx74@ 000000014001bca8     65c02incpp.obj
 0002:00000cb8       ??_C@_09OCAJICPE@ADC_zpx75@ 000000014001bcb8     65c02incpp.obj
 0002:00000cc8       ??_C@_09DHPJEELE@ROR_zpx76@ 000000014001bcc8     65c02incpp.obj
 0002:00000cd8       ??_C@_09BMJDMKBB@RMB7_zp77@ 000000014001bcd8     65c02incpp.obj
 0002:00000ce4       ??_C@_05IEJDKLGF@SEI78@    000000014001bce4     65c02incpp.obj
 0002:00000cf0       ??_C@_09IFDBJMCH@ADC_aby79@ 000000014001bcf0     65c02incpp.obj
 0002:00000cfc       ??_C@_05KBPDCOJK@PLY7A@    000000014001bcfc     65c02incpp.obj
 0002:00000d04       ??_C@_05IJKKCLOI@NOP7B@    000000014001bd04     65c02incpp.obj
 0002:00000d10       ??_C@_09OFNJOJOH@JMP_iax7C@ 000000014001bd10     65c02incpp.obj
 0002:00000d20       ??_C@_09KHBMPMPJ@ADC_abx7D@ 000000014001bd20     65c02incpp.obj
 0002:00000d30       ??_C@_09EANKFIDL@ROR_abx7E@ 000000014001bd30     65c02incpp.obj
 0002:00000d40       ??_C@_0L@JDHICOID@BBR7_zpr7F@ 000000014001bd40     65c02incpp.obj
 0002:00000d50       ??_C@_09HJMCOMFO@BRA_rel80@ 000000014001bd50     65c02incpp.obj
 0002:00000d60       ??_C@_09IPHFHMIA@STA_izx81@ 000000014001bd60     65c02incpp.obj
 0002:00000d70       ??_C@_09FNILCEDN@NOP_imm82@ 000000014001bd70     65c02incpp.obj
 0002:00000d7c       ??_C@_05LENCCEGC@NOP83@    000000014001bd7c     65c02incpp.obj
 0002:00000d88       ??_C@_08IBNPGCLF@STY_zp84@ 000000014001bd88     65c02incpp.obj
 0002:00000d98       ??_C@_08MMPFIBFN@STA_zp85@ 000000014001bd98     65c02incpp.obj
 0002:00000da8       ??_C@_08BFJOALID@STX_zp86@ 000000014001bda8     65c02incpp.obj
 0002:00000db8       ??_C@_09DNKKNIJM@SMB0_zp87@ 000000014001bdb8     65c02incpp.obj
 0002:00000dc4       ??_C@_05MBAFIJOE@DEY88@    000000014001bdc4     65c02incpp.obj
 0002:00000dd0       ??_C@_09FDBDGKAI@BIT_imm89@ 000000014001bdd0     65c02incpp.obj
 0002:00000ddc       ??_C@_05DBPDGFID@TXA8A@    000000014001bddc     65c02incpp.obj
 0002:00000de4       ??_C@_05ICPGGMNF@NOP8B@    000000014001bde4     65c02incpp.obj
 0002:00000df0       ??_C@_09FGOAJEEF@STY_abs8C@ 000000014001bdf0     65c02incpp.obj
 0002:00000e00       ??_C@_09LGPPCIBM@STA_abs8D@ 000000014001be00     65c02incpp.obj
 0002:00000e10       ??_C@_09MMBADDFN@STX_abs8E@ 000000014001be10     65c02incpp.obj
 0002:00000e20       ??_C@_0L@IFJKHEOE@BBS0_zpr8F@ 000000014001be20     65c02incpp.obj
 0002:00000e30       ??_C@_09IBJONHCG@BCC_rel90@ 000000014001be30     65c02incpp.obj
 0002:00000e40       ??_C@_09DGALHBNC@STA_izy91@ 000000014001be40     65c02incpp.obj
 0002:00000e50       ??_C@_09GACOGNJL@STA_izp92@ 000000014001be50     65c02incpp.obj
 0002:00000e5c       ??_C@_05LFBAEOFF@NOP93@    000000014001be5c     65c02incpp.obj
 0002:00000e68       ??_C@_09JDGMKAPI@STY_zpx94@ 000000014001be68     65c02incpp.obj
 0002:00000e78       ??_C@_09CFCJLLCH@STA_zpx95@ 000000014001be78     65c02incpp.obj
 0002:00000e88       ??_C@_09NFEMKFIB@STX_zpy96@ 000000014001be88     65c02incpp.obj
 0002:00000e98       ??_C@_09JKBPLJBP@SMB1_zp97@ 000000014001be98     65c02incpp.obj
 0002:00000ea4       ??_C@_05PDKMOELL@TYA98@    000000014001bea4     65c02incpp.obj
 0002:00000eb0       ??_C@_09ECBBKFPE@STA_aby99@ 000000014001beb0     65c02incpp.obj
 0002:00000ebc       ??_C@_05MKCBJAKA@TXS9A@    000000014001bebc     65c02incpp.obj
 0002:00000ec4       ??_C@_05IDDEAGOC@NOP9B@    000000014001bec4     65c02incpp.obj
 0002:00000ed0       ??_C@_09NJKNPJJB@STZ_abs9C@ 000000014001bed0     65c02incpp.obj
 0002:00000ee0       ??_C@_09GADMMFCK@STA_abx9D@ 000000014001bee0     65c02incpp.obj
 0002:00000ef0       ??_C@_09FIPGNJBG@STZ_abx9E@ 000000014001bef0     65c02incpp.obj
 0002:00000f00       ??_C@_0L@EIPCBOEN@BBS1_zpr9F@ 000000014001bf00     65c02incpp.obj
 0002:00000f10       ??_C@_09KNHCEAKL@LDY_immA0@ 000000014001bf10     65c02incpp.obj
 0002:00000f20       ??_C@_09KODALHEL@LDA_izxA1@ 000000014001bf20     65c02incpp.obj
 0002:00000f30       ??_C@_09FDOOCCLH@LDX_immA2@ 000000014001bf30     65c02incpp.obj
 0002:00000f3c       ??_C@_05OPPCHHLN@NOPA3@    000000014001bf3c     65c02incpp.obj
 0002:00000f48       ??_C@_08NFDNINOB@LDY_zpA4@ 000000014001bf48     65c02incpp.obj
 0002:00000f58       ??_C@_08JIBHGOAJ@LDA_zpA5@ 000000014001bf58     65c02incpp.obj
 0002:00000f68       ??_C@_08EBHMOENH@LDX_zpA6@ 000000014001bf68     65c02incpp.obj
 0002:00000f78       ??_C@_09PBBFJKGK@SMB2_zpA7@ 000000014001bf78     65c02incpp.obj
 0002:00000f84       ??_C@_05GMHDHOGA@TAYA8@    000000014001bf84     65c02incpp.obj
 0002:00000f90       ??_C@_09NDOONBHM@LDA_immA9@ 000000014001bf90     65c02incpp.obj
 0002:00000f9c       ??_C@_05CKDCNLLK@TAXAA@    000000014001bf9c     65c02incpp.obj
 0002:00000fa4       ??_C@_05NJNGDPAK@NOPAB@    000000014001bfa4     65c02incpp.obj
 0002:00000fb0       ??_C@_09HHKFFPIO@LDY_absAC@ 000000014001bfb0     65c02incpp.obj
 0002:00000fc0       ??_C@_09JHLKODNH@LDA_absAD@ 000000014001bfc0     65c02incpp.obj
[...]
 0004:00000bac       $pdata$??$?6U?$char_traits@D@std@@@std@@YAAEAV?$basic_ostream@DU?$char_traits@D@std@@@0@AEAV10@D@Z 0000000140196bac     compile.obj
 0004:00000bb8       $pdata$?catch$4@?0???$?6U?$char_traits@D@std@@@std@@YAAEAV?$basic_ostream@DU?$char_traits@D@std@@@0@AEAV10@D@Z@4HA 0000000140196bb8     compile.obj
 0004:00000bc4       $pdata$?_Buynode0@?$_List_alloc@U?$_List_base_types@ULabelFixup@@V?$allocator@ULabelFixup@@@std@@@std@@@std@@QEAAPEAU?$_List_node@ULabelFixup@@PEAX@2@PEAU32@0@Z 0000000140196bc4     compile.obj
 0004:00000bd0       $pdata$?build_solid@emulate65c02@@QEAAGXZ 0000000140196bd0     compile.obj
 0004:00000bdc       $pdata$?dtor$54@?0??build_solid@emulate65c02@@QEAAGXZ@4HA 0000000140196bdc     compile.obj
 0004:00000be8       $pdata$?dtor$58@?0??build_solid@emulate65c02@@QEAAGXZ@4HA 0000000140196be8     compile.obj
 0004:00000bf4       $pdata$?dtor$62@?0??build_solid@emulate65c02@@QEAAGXZ@4HA 0000000140196bf4     compile.obj
 0004:00000c00       $pdata$?dtor$66@?0??build_solid@emulate65c02@@QEAAGXZ@4HA 0000000140196c00     compile.obj
 0004:00000c0c       $pdata$?dtor$70@?0??build_solid@emulate65c02@@QEAAGXZ@4HA 0000000140196c0c     compile.obj
 0004:00000c18       $pdata$?dtor$74@?0??build_solid@emulate65c02@@QEAAGXZ@4HA 0000000140196c18     compile.obj
 0004:00000c24       $pdata$?dtor$78@?0??build_solid@emulate65c02@@QEAAGXZ@4HA 0000000140196c24     compile.obj
 0004:00000c30       $pdata$?dtor$82@?0??build_solid@emulate65c02@@QEAAGXZ@4HA 0000000140196c30     compile.obj
 0004:00000c3c       $pdata$?dtor$86@?0??build_solid@emulate65c02@@QEAAGXZ@4HA 0000000140196c3c     compile.obj
 0004:00000c48       $pdata$?dtor$90@?0??build_solid@emulate65c02@@QEAAGXZ@4HA 0000000140196c48     compile.obj
 0004:00000c54       $pdata$?dtor$94@?0??build_solid@emulate65c02@@QEAAGXZ@4HA 0000000140196c54     compile.obj
 0004:00000c60       $pdata$?dtor$98@?0??build_solid@emulate65c02@@QEAAGXZ@4HA 0000000140196c60     compile.obj
 0004:00000c6c       $pdata$?dtor$102@?0??build_solid@emulate65c02@@QEAAGXZ@4HA 0000000140196c6c     compile.obj
 0004:00000c78       $pdata$?dtor$106@?0??build_solid@emulate65c02@@QEAAGXZ@4HA 0000000140196c78     compile.obj
 0004:00000c84       $pdata$?dtor$110@?0??build_solid@emulate65c02@@QEAAGXZ@4HA 0000000140196c84     compile.obj
 0004:00000c90       $pdata$?dtor$114@?0??build_solid@emulate65c02@@QEAAGXZ@4HA 0000000140196c90     compile.obj
 0004:00000c9c       $pdata$?dtor$118@?0??build_solid@emulate65c02@@QEAAGXZ@4HA 0000000140196c9c     compile.obj
 0004:00000ca8       $pdata$?dtor$122@?0??build_solid@emulate65c02@@QEAAGXZ@4HA 0000000140196ca8     compile.obj
 0004:00000cb4       $pdata$?dtor$126@?0??build_solid@emulate65c02@@QEAAGXZ@4HA 0000000140196cb4     compile.obj
 0004:00000cc0       $pdata$?dtor$130@?0??build_solid@emulate65c02@@QEAAGXZ@4HA 0000000140196cc0     compile.obj
 0004:00000ccc       $pdata$?dtor$134@?0??build_solid@emulate65c02@@QEAAGXZ@4HA 0000000140196ccc     compile.obj
 0004:00000cd8       $pdata$?dtor$138@?0??build_solid@emulate65c02@@QEAAGXZ@4HA 0000000140196cd8     compile.obj
 0004:00000ce4       $pdata$?dtor$142@?0??build_solid@emulate65c02@@QEAAGXZ@4HA 0000000140196ce4     compile.obj
 0004:00000cf0       $pdata$?dtor$146@?0??build_solid@emulate65c02@@QEAAGXZ@4HA 0000000140196cf0     compile.obj
 0004:00000cfc       $pdata$?dtor$150@?0??build_solid@emulate65c02@@QEAAGXZ@4HA 0000000140196cfc     compile.obj
 0004:00000d08       $pdata$?dtor$154@?0??build_solid@emulate65c02@@QEAAGXZ@4HA 0000000140196d08     compile.obj
 0004:00000d14       $pdata$?dtor$158@?0??build_solid@emulate65c02@@QEAAGXZ@4HA 0000000140196d14     compile.obj
 0004:00000d20       $pdata$?dtor$162@?0??build_solid@emulate65c02@@QEAAGXZ@4HA 0000000140196d20     compile.obj
 0004:00000d2c       $pdata$?dtor$166@?0??build_solid@emulate65c02@@QEAAGXZ@4HA 0000000140196d2c     compile.obj
 0004:00000d38       $pdata$?dtor$170@?0??build_solid@emulate65c02@@QEAAGXZ@4HA 0000000140196d38     compile.obj
 0004:00000d44       $pdata$?dtor$174@?0??build_solid@emulate65c02@@QEAAGXZ@4HA 0000000140196d44     compile.obj
 0004:00000d50       $pdata$?dtor$178@?0??build_solid@emulate65c02@@QEAAGXZ@4HA 0000000140196d50     compile.obj
 0004:00000d5c       $pdata$?dtor$182@?0??build_solid@emulate65c02@@QEAAGXZ@4HA 0000000140196d5c     compile.obj
 0004:00000d68       $pdata$?dtor$186@?0??build_solid@emulate65c02@@QEAAGXZ@4HA 0000000140196d68     compile.obj
 0004:00000d74       $pdata$?dtor$190@?0??build_solid@emulate65c02@@QEAAGXZ@4HA 0000000140196d74     compile.obj
 0004:00000d80       $pdata$?dtor$194@?0??build_solid@emulate65c02@@QEAAGXZ@4HA 0000000140196d80     compile.obj
 0004:00000d8c       $pdata$?dtor$198@?0??build_solid@emulate65c02@@QEAAGXZ@4HA 0000000140196d8c     compile.obj
 0004:00000d98       $pdata$?dtor$202@?0??build_solid@emulate65c02@@QEAAGXZ@4HA 0000000140196d98     compile.obj
 0004:00000da4       $pdata$?dtor$206@?0??build_solid@emulate65c02@@QEAAGXZ@4HA 0000000140196da4     compile.obj
 0004:00000db0       $pdata$?dtor$210@?0??build_solid@emulate65c02@@QEAAGXZ@4HA 0000000140196db0     compile.obj
 0004:00000dbc       $pdata$?dtor$214@?0??build_solid@emulate65c02@@QEAAGXZ@4HA 0000000140196dbc     compile.obj
 0004:00000dc8       $pdata$?dtor$218@?0??build_solid@emulate65c02@@QEAAGXZ@4HA 0000000140196dc8     compile.obj
 0004:00000dd4       $pdata$?dtor$222@?0??build_solid@emulate65c02@@QEAAGXZ@4HA 0000000140196dd4     compile.obj
 0004:00000de0       $pdata$?dtor$226@?0??build_solid@emulate65c02@@QEAAGXZ@4HA 0000000140196de0     compile.obj
 0004:00000dec       $pdata$?dtor$230@?0??build_solid@emulate65c02@@QEAAGXZ@4HA 0000000140196dec     compile.obj
 0004:00000df8       $pdata$?dtor$234@?0??build_solid@emulate65c02@@QEAAGXZ@4HA 0000000140196df8     compile.obj
 0004:00000e04       $pdata$?dtor$238@?0??build_solid@emulate65c02@@QEAAGXZ@4HA 0000000140196e04     compile.obj
 0004:00000e10       $pdata$?dtor$242@?0??build_solid@emulate65c02@@QEAAGXZ@4HA 0000000140196e10     compile.obj
 0004:00000e1c       $pdata$?dtor$246@?0??build_solid@emulate65c02@@QEAAGXZ@4HA 0000000140196e1c     compile.obj
 0004:00000e28       $pdata$?dtor$250@?0??build_solid@emulate65c02@@QEAAGXZ@4HA 0000000140196e28     compile.obj
 0004:00000e34       $pdata$?dtor$254@?0??build_solid@emulate65c02@@QEAAGXZ@4HA 0000000140196e34     compile.obj
 0004:00000e40       $pdata$?dtor$258@?0??build_solid@emulate65c02@@QEAAGXZ@4HA 0000000140196e40     compile.obj
 0004:00000e4c       $pdata$?dtor$262@?0??build_solid@emulate65c02@@QEAAGXZ@4HA 0000000140196e4c     compile.obj
 0004:00000e58       $pdata$?dtor$266@?0??build_solid@emulate65c02@@QEAAGXZ@4HA 0000000140196e58     compile.obj
 0004:00000e64       $pdata$??1Label@@QEAA@XZ   0000000140196e64     compile.obj
 0004:00000e70       $pdata$?compile_branch@emulate65c02@@QEAAXHHAEAULabelBase@@_N@Z 0000000140196e70     compile.obj
 0004:00000e7c       $pdata$?comp_ab_label@emulate65c02@@QEAAXAEAULabelBase@@E@Z 0000000140196e7c     compile.obj
 0004:00000e88       $pdata$?exec@emulate65c02@@QEAAXH@Z 0000000140196e88     compile.obj
 0004:00000e94       $pdata$?add_fixup@Label@@UEAAXH_NH@Z 0000000140196e94     compile.obj
 0004:00000ea0       $pdata$?DEBUGAddress@@YAXHHHHUSDL_Color@@@Z 0000000140196ea0     debugger.obj
 0004:00000eac       $pdata$?DEBUGNumber@@YAXHHHHUSDL_Color@@@Z 0000000140196eac     debugger.obj
 0004:00000eb8       $pdata$?DEBUGRenderRegisters@@YAHXZ 0000000140196eb8     debugger.obj
 0004:00000ec4       $pdata$2$?DEBUGRenderRegisters@@YAHXZ 0000000140196ec4     debugger.obj
 0004:00000ed0       $pdata$3$?DEBUGRenderRegisters@@YAHXZ 0000000140196ed0     debugger.obj
 0004:00000edc       $pdata$?DEBUGRenderCode@@YAXHH@Z 0000000140196edc     debugger.obj
 0004:00000ee8       $pdata$?DEBUGRenderDisplay@@YAXHH@Z 0000000140196ee8     debugger.obj
 0004:00000ef4       $pdata$2$?DEBUGRenderDisplay@@YAXHH@Z 0000000140196ef4     debugger.obj
 0004:00000f00       $pdata$6$?DEBUGRenderDisplay@@YAXHH@Z 0000000140196f00     debugger.obj
 0004:00000f0c       $pdata$7$?DEBUGRenderDisplay@@YAXHH@Z 0000000140196f0c     debugger.obj
 0004:00000f18       $pdata$8$?DEBUGRenderDisplay@@YAXHH@Z 0000000140196f18     debugger.obj
 0004:00000f24       $pdata$?DEBUGExecCmd@@YAXXZ 0000000140196f24     debugger.obj
 0004:00000f30       $pdata$?DEBUGGetCurrentStatus@@YAHXZ 0000000140196f30     debugger.obj
 0004:00000f3c       $pdata$?reset@emulate65c02@@QEAAXXZ 0000000140196f3c     debugger.obj
 0004:00000f48       $pdata$sscanf              0000000140196f48     debugger.obj
 0004:00000f54       $pdata$snprintf            0000000140196f54     debugger.obj
 0004:00000f60       $pdata$?trb@@YAXXZ         0000000140196f60     fake65c02.obj
 0004:00000f6c       $pdata$?tsb@@YAXXZ         0000000140196f6c     fake65c02.obj
 0004:00000f78       $pdata$?ply@@YAXXZ         0000000140196f78     fake65c02.obj
 0004:00000f84       $pdata$?phy@@YAXXZ         0000000140196f84     fake65c02.obj
 0004:00000f90       $pdata$?plx@@YAXXZ         0000000140196f90     fake65c02.obj
 0004:00000f9c       $pdata$?phx@@YAXXZ         0000000140196f9c     fake65c02.obj
 0004:00000fa8       $pdata$?ainx@@YAXXZ        0000000140196fa8     fake65c02.obj
 0004:00000fb4       $pdata$?ind0@@YAXXZ        0000000140196fb4     fake65c02.obj
 0004:00000fc0       $pdata$?sbc@@YAXXZ         0000000140196fc0     fake65c02.obj
 0004:00000fcc       $pdata$0$?sbc@@YAXXZ       0000000140196fcc     fake65c02.obj
 0004:00000fd8       $pdata$1$?sbc@@YAXXZ       0000000140196fd8     fake65c02.obj
 0004:00000fe4       $pdata$?rts@@YAXXZ         0000000140196fe4     fake65c02.obj
 0004:00000ff0       $pdata$?rti@@YAXXZ         0000000140196ff0     fake65c02.obj
 0004:00000ffc       $pdata$?ror@@YAXXZ         0000000140196ffc     fake65c02.obj
 0004:00001008       $pdata$?rol@@YAXXZ         0000000140197008     fake65c02.obj
 0004:00001014       $pdata$?plp@@YAXXZ         0000000140197014     fake65c02.obj
 0004:00001020       $pdata$?pla@@YAXXZ         0000000140197020     fake65c02.obj
 0004:0000102c       $pdata$?php@@YAXXZ         000000014019702c     fake65c02.obj
 0004:00001038       $pdata$?pha@@YAXXZ         0000000140197038     fake65c02.obj
 0004:00001044       $pdata$?ora@@YAXXZ         0000000140197044     fake65c02.obj
 0004:00001050       $pdata$?lsr@@YAXXZ         0000000140197050     fake65c02.obj
 0004:0000105c       $pdata$?ldy@@YAXXZ         000000014019705c     fake65c02.obj
 0004:00001068       $pdata$?ldx@@YAXXZ         0000000140197068     fake65c02.obj
 0004:00001074       $pdata$?lda@@YAXXZ         0000000140197074     fake65c02.obj
 0004:00001080       $pdata$?jsr@@YAXXZ         0000000140197080     fake65c02.obj
 0004:0000108c       $pdata$?inc@@YAXXZ         000000014019708c     fake65c02.obj
 0004:00001098       $pdata$?eor@@YAXXZ         0000000140197098     fake65c02.obj
 0004:000010a4       $pdata$?dec@@YAXXZ         00000001401970a4     fake65c02.obj
 0004:000010b0       $pdata$?cpy@@YAXXZ         00000001401970b0     fake65c02.obj
 0004:000010bc       $pdata$?cpx@@YAXXZ         00000001401970bc     fake65c02.obj
 0004:000010c8       $pdata$?cmp@@YAXXZ         00000001401970c8     fake65c02.obj
 0004:000010d4       $pdata$?brk@@YAXXZ         00000001401970d4     fake65c02.obj
 0004:000010e0       $pdata$?bit@@YAXXZ         00000001401970e0     fake65c02.obj
 0004:000010ec       $pdata$?asl@@YAXXZ         00000001401970ec     fake65c02.obj
 0004:000010f8       $pdata$?_and_@@YAXXZ       00000001401970f8     fake65c02.obj
 0004:00001104       $pdata$?adc@@YAXXZ         0000000140197104     fake65c02.obj
 0004:00001110       $pdata$?indy@@YAXXZ        0000000140197110     fake65c02.obj
 0004:0000111c       $pdata$?indx@@YAXXZ        000000014019711c     fake65c02.obj
 0004:00001128       $pdata$?ind@@YAXXZ         0000000140197128     fake65c02.obj
 0004:00001134       $pdata$?absy@@YAXXZ        0000000140197134     fake65c02.obj
 0004:00001140       $pdata$?absx@@YAXXZ        0000000140197140     fake65c02.obj
 0004:0000114c       $pdata$?abso@@YAXXZ        000000014019714c     fake65c02.obj
 0004:00001158       $pdata$?rel@@YAXXZ         0000000140197158     fake65c02.obj
 0004:00001164       $pdata$?zpy@@YAXXZ         0000000140197164     fake65c02.obj
 0004:00001170       $pdata$?zpx@@YAXXZ         0000000140197170     fake65c02.obj
 0004:0000117c       $pdata$?zp@@YAXXZ          000000014019717c     fake65c02.obj
 0004:00001188       $pdata$?get_joystick_state@@YAGPEAU_SDL_GameController@@W4joy_status@@@Z 0000000140197188     joystick.obj
 0004:00001194       $pdata$fprintf             0000000140197194     joystick.obj
 0004:000011a0       $pdata$?handle_keyboard@@YAX_NHW4SDL_Scancode@@@Z 00000001401971a0     keyboard.obj
 0004:000011ac       $pdata$?LOAD@@YAXXZ        00000001401971ac     loadsave.obj
 0004:000011b8       $pdata$0$?LOAD@@YAXXZ      00000001401971b8     loadsave.obj
 0004:000011c4       $pdata$1$?LOAD@@YAXXZ      00000001401971c4     loadsave.obj
 0004:000011d0       $pdata$2$?LOAD@@YAXXZ      00000001401971d0     loadsave.obj
 0004:000011dc       $pdata$3$?LOAD@@YAXXZ      00000001401971dc     loadsave.obj
 0004:000011e8       $pdata$?create_directory_listing@@YAHPEAE@Z 00000001401971e8     loadsave.obj
 0004:000011f4       $pdata$1$?create_directory_listing@@YAHPEAE@Z 00000001401971f4     loadsave.obj
 0004:00001200       $pdata$4$?create_directory_listing@@YAHPEAE@Z 0000000140197200     loadsave.obj
 0004:0000120c       $pdata$5$?create_directory_listing@@YAHPEAE@Z 000000014019720c     loadsave.obj
 0004:00001218       $pdata$6$?create_directory_listing@@YAHPEAE@Z 0000000140197218     loadsave.obj
 0004:00001224       $pdata$_wopendir           0000000140197224     loadsave.obj
 0004:00001230       $pdata$0$_wopendir         0000000140197230     loadsave.obj
 0004:0000123c       $pdata$4$_wopendir         000000014019723c     loadsave.obj
 0004:00001248       $pdata$6$_wopendir         0000000140197248     loadsave.obj
 0004:00001254       $pdata$7$_wopendir         0000000140197254     loadsave.obj
 0004:00001260       $pdata$?emulator_loop@@YAPEAXPEAX@Z 0000000140197260     main.obj
 0004:0000126c       $pdata$main                000000014019726c     main.obj
 0004:00001278       $pdata$??__Femulator@@YAXXZ 0000000140197278     main.obj
 0004:00001284       $pdata$?usage_keymap@@YAXXZ 0000000140197284     main.obj
 0004:00001290       $pdata$?usage@@YAXXZ       0000000140197290     main.obj
 0004:0000129c       $pdata$?machine_dump@@YAXXZ 000000014019729c     main.obj
 0004:000012a8       $pdata$0$?machine_dump@@YAXXZ 00000001401972a8     main.obj
 0004:000012b4       $pdata$1$?machine_dump@@YAXXZ 00000001401972b4     main.obj
 0004:000012c0       $pdata$?step6502@emulate65c02@@QEAAXXZ 00000001401972c0     main.obj
 0004:000012cc       $pdata$0$?step6502@emulate65c02@@QEAAXXZ 00000001401972cc     main.obj
 0004:000012d8       $pdata$1$?step6502@emulate65c02@@QEAAXXZ 00000001401972d8     main.obj
 0004:000012e4       $pdata$?machine_reset@@YAXXZ 00000001401972e4     main.obj
 0004:000012f0       $pdata$?mouse_send_state@@YAXXZ 00000001401972f0     ps2.obj
 0004:000012fc       $pdata$?mouse_send@@YA_NHHH@Z 00000001401972fc     ps2.obj
 0004:00001308       $pdata$?DEBUGInitChars@@YAXPEAUSDL_Renderer@@@Z 0000000140197308     rendertext.obj
 0004:00001314       $pdata$?DEBUGWrite@@YAXPEAUSDL_Renderer@@HHHUSDL_Color@@@Z 0000000140197314     rendertext.obj
 0004:00001320       $pdata$?sdcard_handle@@YAEE@Z 0000000140197320     sdcard.obj
 0004:0000132c       $pdata$?video_space_write@@YAXIE@Z 000000014019732c     video.obj
 0004:00001338       $pdata$3$?video_space_write@@YAXIE@Z 0000000140197338     video.obj
 0004:00001344       $pdata$4$?video_space_write@@YAXIE@Z 0000000140197344     video.obj
 0004:00001350       $pdata$5$?video_space_write@@YAXIE@Z 0000000140197350     video.obj
 0004:0000135c       $pdata$?video_space_read@@YAEI@Z 000000014019735c     video.obj
 0004:00001368       $pdata$0$?video_space_read@@YAEI@Z 0000000140197368     video.obj
 0004:00001374       $pdata$2$?video_space_read@@YAEI@Z 0000000140197374     video.obj
 0004:00001380       $pdata$4$?video_space_read@@YAEI@Z 0000000140197380     video.obj
 0004:0000138c       $pdata$6$?video_space_read@@YAEI@Z 000000014019738c     video.obj
 0004:00001398       $pdata$8$?video_space_read@@YAEI@Z 0000000140197398     video.obj
 0004:000013a4       $pdata$10$?video_space_read@@YAEI@Z 00000001401973a4     video.obj
 0004:000013b0       $pdata$11$?video_space_read@@YAEI@Z 00000001401973b0     video.obj
 0004:000013bc       $pdata$?render_line@@YAXG@Z 00000001401973bc     video.obj
 0004:000013c8       $pdata$1$?render_line@@YAXG@Z 00000001401973c8     video.obj
 0004:000013d4       $pdata$3$?render_line@@YAXG@Z 00000001401973d4     video.obj
 0004:000013e0       $pdata$4$?render_line@@YAXG@Z 00000001401973e0     video.obj
 0004:000013ec       $pdata$5$?render_line@@YAXG@Z 00000001401973ec     video.obj
 0004:000013f8       $pdata$6$?render_line@@YAXG@Z 00000001401973f8     video.obj
 0004:00001404       $pdata$?render_layer_line@@YAXEG@Z 0000000140197404     video.obj
 0004:00001410       $pdata$?render_sprite_line@@YAXG@Z 0000000140197410     video.obj
 0004:0000141c       $pdata$?refresh_palette@@YAXXZ 000000014019741c     video.obj
 0004:00001428       $pdata$?refresh_layer_properties@@YAXE@Z 0000000140197428     video.obj
 0004:00001434       $pdata$?GifEnd@@YA_NPEAUGifWriter@@@Z 0000000140197434     video.obj
 0004:00001440       $pdata$?GifWriteFrame@@YA_NPEAUGifWriter@@PEBEIIIH_N@Z 0000000140197440     video.obj
 0004:0000144c       $pdata$?GifWriteLzwImage@@YAXPEAU_iobuf@@PEAEIIIIIPEAUGifPalette@@@Z 000000014019744c     video.obj
 0004:00001458       $pdata$?GifSplitPalette@@YAXPEAEHHHHHH_NPEAUGifPalette@@@Z 0000000140197458     video.obj
 0004:00001464       $pdata$4$?GifSplitPalette@@YAXPEAEHHHHHH_NPEAUGifPalette@@@Z 0000000140197464     video.obj
 0004:00001470       $pdata$5$?GifSplitPalette@@YAXPEAEHHHHHH_NPEAUGifPalette@@@Z 0000000140197470     video.obj
 0004:0000147c       $pdata$?GifPartitionByMedian@@YAXPEAEHHHH@Z 000000014019747c     video.obj
 0004:00001488       $pdata$1$?GifPartitionByMedian@@YAXPEAEHHHH@Z 0000000140197488     video.obj
 0004:00001494       $pdata$2$?GifPartitionByMedian@@YAXPEAEHHHH@Z 0000000140197494     video.obj
 0004:000014a0       $pdata$?GifPartition@@YAHPEAEHHHH@Z 00000001401974a0     video.obj
 0004:000014ac       $pdata$?GifGetClosestPaletteColor@@YAXPEAUGifPalette@@HHHPEAH1H@Z 00000001401974ac     video.obj
 0004:000014b8       $pdata$?video_init@@YA_NHPEBD@Z 00000001401974b8     video.obj
 0004:000014c4       $pdata$?video_reset@@YAXXZ 00000001401974c4     video.obj
 0004:000014d0       $pdata$?video_update@@YA_NXZ 00000001401974d0     video.obj
 0004:000014dc       $pdata$1$?video_update@@YA_NXZ 00000001401974dc     video.obj
 0004:000014e8       $pdata$3$?video_update@@YA_NXZ 00000001401974e8     video.obj
 0004:000014f4       $pdata$?video_read@@YAEE_N@Z 00000001401974f4     video.obj
 0004:00001500       $pdata$1$?video_read@@YAEE_N@Z 0000000140197500     video.obj
 0004:0000150c       $pdata$2$?video_read@@YAEE_N@Z 000000014019750c     video.obj
 0004:00001518       $pdata$?video_write@@YAXEE@Z 0000000140197518     video.obj
 0004:00001524       $pdata$0$?video_write@@YAXEE@Z 0000000140197524     video.obj
 0004:00001530       $pdata$1$?video_write@@YAXEE@Z 0000000140197530     video.obj
 0005:00000060       $R000000                   0000000140198060     * linker generated manifest res *
