 new_emulator

 Timestamp is 5e1dd6ac (Tue Jan 14 06:56:44 2020)

 Preferred load address is 0000000140000000

 Start         Length     Name                   Class
 0001:00000000 00000010H .text$di                CODE
 0001:00000010 00013b50H .text$mn                CODE
 0001:00013b60 00000020H .text$mn$00             CODE
 0001:00013b80 000000e0H .text$x                 CODE
 0001:00013c60 00000023H .text$yd                CODE
 0002:00000000 00000460H .idata$5                DATA
 0002:00000460 00000010H .00cfg                  DATA
 0002:00000470 00000008H .CRT$XCA                DATA
 0002:00000478 00000008H .CRT$XCAA               DATA
 0002:00000480 00000008H .CRT$XCU                DATA
 0002:00000488 00000008H .CRT$XCZ                DATA
 0002:00000490 00000008H .CRT$XIA                DATA
 0002:00000498 00000008H .CRT$XIAA               DATA
 0002:000004a0 00000008H .CRT$XIAC               DATA
 0002:000004a8 00000008H .CRT$XIZ                DATA
 0002:000004b0 00000008H .CRT$XPA                DATA
 0002:000004b8 00000008H .CRT$XPZ                DATA
 0002:000004c0 00000008H .CRT$XTA                DATA
 0002:000004c8 00000008H .CRT$XTZ                DATA
 0002:000004d0 00000000H .gfids$y                DATA
 0002:000004d0 00005f20H .rdata                  DATA
 0002:000063f0 00000074H .rdata$r                DATA
 0002:00006464 00000374H .rdata$zzzdbg           DATA
 0002:000067d8 00000008H .rtc$IAA                DATA
 0002:000067e0 00000008H .rtc$IZZ                DATA
 0002:000067e8 00000008H .rtc$TAA                DATA
 0002:000067f0 00000010H .rtc$TZZ                DATA
 0002:00006800 00000920H .xdata                  DATA
 0002:00007120 00000084H .xdata$x                DATA
 0002:000071a4 00000000H .edata                  DATA
 0002:000071a4 00000118H .idata$2                DATA
 0002:000072bc 00000014H .idata$3                DATA
 0002:000072d0 00000460H .idata$4                DATA
 0002:00007730 00000c1cH .idata$6                DATA
 0003:00000000 00000110H .data                   DATA
 0003:00000110 00000050H .data$r                 DATA
 0003:00000160 0016f230H .bss                    DATA
 0004:00000000 00001134H .pdata                  DATA
 0005:00000000 00000060H .rsrc$01                DATA
 0005:00000060 00000180H .rsrc$02                DATA

  Address         Publics by Value              Rva+Base               Lib:Object

 0000:00000000       __guard_fids_count         0000000000000000     <absolute>
 0000:00000000       __guard_iat_table          0000000000000000     <absolute>
 0000:00000000       __hybrid_code_map          0000000000000000     <absolute>
 0000:00000000       __guard_iat_count          0000000000000000     <absolute>
 0000:00000000       __volatile_metadata        0000000000000000     <absolute>
 0000:00000000       __dynamic_value_reloc_table 0000000000000000     <absolute>
 0000:00000000       __hybrid_code_map_count    0000000000000000     <absolute>
 0000:00000000       __enclave_config           0000000000000000     <absolute>
 0000:00000000       __guard_longjmp_count      0000000000000000     <absolute>
 0000:00000000       ___safe_se_handler_table   0000000000000000     <absolute>
 0000:00000000       ___safe_se_handler_count   0000000000000000     <absolute>
 0000:00000000       __guard_fids_table         0000000000000000     <absolute>
 0000:00000000       __guard_longjmp_table      0000000000000000     <absolute>
 0000:00000000       __hybrid_auxiliary_iat     0000000000000000     <absolute>
 0000:00000100       __guard_flags              0000000000000100     <absolute>
 0000:00000000       __ImageBase                0000000140000000     <linker-defined>
 0001:00000010       __local_stdio_printf_options 0000000140001010 f i 65c02incpp.obj
 0001:00000020       printf                     0000000140001020 f i 65c02incpp.obj
 0001:00000080       sprintf                    0000000140001080 f i 65c02incpp.obj
 0001:000000e0       ?hex@std@@YAAEAVios_base@1@AEAV21@@Z 00000001400010e0 f i 65c02incpp.obj
 0001:00000100       ?emu_recorder_set@emulate65c02@@QEAAXW4gif_recorder_command_t@@@Z 0000000140001100 f i 65c02incpp.obj
 0001:00000150       ?emu_write@emulate65c02@@QEAAXEE@Z 0000000140001150 f i 65c02incpp.obj
 0001:000001e0       ?emu_read@emulate65c02@@QEAAEE@Z 00000001400011e0 f i 65c02incpp.obj
 0001:00000260       ?do_adc@emulate65c02@@QEAAXH@Z 0000000140001260 f i 65c02incpp.obj
 0001:00000360       ?write6502@emulate65c02@@QEAAXGE@Z 0000000140001360 f   65c02incpp.obj
 0001:00000590       ?decode_addr_readIZX@emulate65c02@@QEAAEXZ 0000000140001590 f   65c02incpp.obj
 0001:00000640       ?decode_addr_readIZY@emulate65c02@@QEAAEXZ 0000000140001640 f   65c02incpp.obj
 0001:00000710       ?decode_addr_readIZP@emulate65c02@@QEAAEXZ 0000000140001710 f   65c02incpp.obj
 0001:000007a0       ?decode_addr_readABY@emulate65c02@@QEAAEXZ 00000001400017a0 f   65c02incpp.obj
 0001:00000850       ?decode_addr_readABX@emulate65c02@@QEAAEXZ 0000000140001850 f   65c02incpp.obj
 0001:00000900       ?decode_addr_writeABX@emulate65c02@@QEAAXE@Z 0000000140001900 f   65c02incpp.obj
 0001:00000990       ?real_read6502@emulate65c02@@QEAAEG_NE@Z 0000000140001990 f   65c02incpp.obj
 0001:00000c10       ?BRK00@@YAXPEAUemulate65c02@@@Z 0000000140001c10 f   65c02incpp.obj
 0001:00000ce0       ?ORA_izx01@@YAXPEAUemulate65c02@@@Z 0000000140001ce0 f   65c02incpp.obj
 0001:00000d30       ?NOP_immE2@@YAXPEAUemulate65c02@@@Z 0000000140001d30 f   65c02incpp.obj
 0001:00000d30       ?NOP_immC2@@YAXPEAUemulate65c02@@@Z 0000000140001d30 f   65c02incpp.obj
 0001:00000d30       ?NOP_imm42@@YAXPEAUemulate65c02@@@Z 0000000140001d30 f   65c02incpp.obj
 0001:00000d30       ?NOP_imm62@@YAXPEAUemulate65c02@@@Z 0000000140001d30 f   65c02incpp.obj
 0001:00000d30       ?NOP_imm02@@YAXPEAUemulate65c02@@@Z 0000000140001d30 f   65c02incpp.obj
 0001:00000d30       ?NOP_imm82@@YAXPEAUemulate65c02@@@Z 0000000140001d30 f   65c02incpp.obj
 0001:00000d30       ?NOP_imm22@@YAXPEAUemulate65c02@@@Z 0000000140001d30 f   65c02incpp.obj
 0001:00000d50       ?NOP4B@@YAXPEAUemulate65c02@@@Z 0000000140001d50 f   65c02incpp.obj
 0001:00000d50       ?NOP03@@YAXPEAUemulate65c02@@@Z 0000000140001d50 f   65c02incpp.obj
 0001:00000d50       ?NOPAB@@YAXPEAUemulate65c02@@@Z 0000000140001d50 f   65c02incpp.obj
 0001:00000d50       ?NOP93@@YAXPEAUemulate65c02@@@Z 0000000140001d50 f   65c02incpp.obj
 0001:00000d50       ?NOP23@@YAXPEAUemulate65c02@@@Z 0000000140001d50 f   65c02incpp.obj
 0001:00000d50       ?NOPE3@@YAXPEAUemulate65c02@@@Z 0000000140001d50 f   65c02incpp.obj
 0001:00000d50       ?NOPEA@@YAXPEAUemulate65c02@@@Z 0000000140001d50 f   65c02incpp.obj
 0001:00000d50       ?NOP9B@@YAXPEAUemulate65c02@@@Z 0000000140001d50 f   65c02incpp.obj
 0001:00000d50       ?NOPFB@@YAXPEAUemulate65c02@@@Z 0000000140001d50 f   65c02incpp.obj
 0001:00000d50       ?NOPA3@@YAXPEAUemulate65c02@@@Z 0000000140001d50 f   65c02incpp.obj
 0001:00000d50       ?NOPC3@@YAXPEAUemulate65c02@@@Z 0000000140001d50 f   65c02incpp.obj
 0001:00000d50       ?NOP8B@@YAXPEAUemulate65c02@@@Z 0000000140001d50 f   65c02incpp.obj
 0001:00000d50       ?NOP3B@@YAXPEAUemulate65c02@@@Z 0000000140001d50 f   65c02incpp.obj
 0001:00000d50       ?NOP7B@@YAXPEAUemulate65c02@@@Z 0000000140001d50 f   65c02incpp.obj
 0001:00000d50       ?NOPF3@@YAXPEAUemulate65c02@@@Z 0000000140001d50 f   65c02incpp.obj
 0001:00000d50       ?NOP6B@@YAXPEAUemulate65c02@@@Z 0000000140001d50 f   65c02incpp.obj
 0001:00000d50       ?NOP53@@YAXPEAUemulate65c02@@@Z 0000000140001d50 f   65c02incpp.obj
 0001:00000d50       ?NOP2B@@YAXPEAUemulate65c02@@@Z 0000000140001d50 f   65c02incpp.obj
 0001:00000d50       ?NOP43@@YAXPEAUemulate65c02@@@Z 0000000140001d50 f   65c02incpp.obj
 0001:00000d50       ?NOPB3@@YAXPEAUemulate65c02@@@Z 0000000140001d50 f   65c02incpp.obj
 0001:00000d50       ?NOP73@@YAXPEAUemulate65c02@@@Z 0000000140001d50 f   65c02incpp.obj
 0001:00000d50       ?NOP63@@YAXPEAUemulate65c02@@@Z 0000000140001d50 f   65c02incpp.obj
 0001:00000d50       ?NOP0B@@YAXPEAUemulate65c02@@@Z 0000000140001d50 f   65c02incpp.obj
 0001:00000d50       ?NOP83@@YAXPEAUemulate65c02@@@Z 0000000140001d50 f   65c02incpp.obj
 0001:00000d50       ?NOPD3@@YAXPEAUemulate65c02@@@Z 0000000140001d50 f   65c02incpp.obj
 0001:00000d50       ?NOP1B@@YAXPEAUemulate65c02@@@Z 0000000140001d50 f   65c02incpp.obj
 0001:00000d50       ?NOP5B@@YAXPEAUemulate65c02@@@Z 0000000140001d50 f   65c02incpp.obj
 0001:00000d50       ?NOPBB@@YAXPEAUemulate65c02@@@Z 0000000140001d50 f   65c02incpp.obj
 0001:00000d50       ?NOP33@@YAXPEAUemulate65c02@@@Z 0000000140001d50 f   65c02incpp.obj
 0001:00000d50       ?NOP13@@YAXPEAUemulate65c02@@@Z 0000000140001d50 f   65c02incpp.obj
 0001:00000d50       ?NOPEB@@YAXPEAUemulate65c02@@@Z 0000000140001d50 f   65c02incpp.obj
 0001:00000d60       ?TSB_zp04@@YAXPEAUemulate65c02@@@Z 0000000140001d60 f   65c02incpp.obj
 0001:00000de0       ?ORA_zp05@@YAXPEAUemulate65c02@@@Z 0000000140001de0 f   65c02incpp.obj
 0001:00000e50       ?ASL_zp06@@YAXPEAUemulate65c02@@@Z 0000000140001e50 f   65c02incpp.obj
 0001:00000ef0       ?RMB0_zp07@@YAXPEAUemulate65c02@@@Z 0000000140001ef0 f   65c02incpp.obj
 0001:00000f50       ?PHP08@@YAXPEAUemulate65c02@@@Z 0000000140001f50 f   65c02incpp.obj
 0001:00000f90       ?ORA_imm09@@YAXPEAUemulate65c02@@@Z 0000000140001f90 f   65c02incpp.obj
 0001:00000ff0       ?ASL0A@@YAXPEAUemulate65c02@@@Z 0000000140001ff0 f   65c02incpp.obj
 0001:00001050       ?TSB_abs0C@@YAXPEAUemulate65c02@@@Z 0000000140002050 f   65c02incpp.obj
 0001:00001100       ?ORA_abs0D@@YAXPEAUemulate65c02@@@Z 0000000140002100 f   65c02incpp.obj
 0001:000011a0       ?ASL_abs0E@@YAXPEAUemulate65c02@@@Z 00000001400021a0 f   65c02incpp.obj
 0001:00001270       ?BBR0_zpr0F@@YAXPEAUemulate65c02@@@Z 0000000140002270 f   65c02incpp.obj
 0001:00001300       ?BPL_rel10@@YAXPEAUemulate65c02@@@Z 0000000140002300 f   65c02incpp.obj
 0001:00001390       ?ORA_izy11@@YAXPEAUemulate65c02@@@Z 0000000140002390 f   65c02incpp.obj
 0001:000013e0       ?ORA_izp12@@YAXPEAUemulate65c02@@@Z 00000001400023e0 f   65c02incpp.obj
 0001:00001430       ?TRB_zp14@@YAXPEAUemulate65c02@@@Z 0000000140002430 f   65c02incpp.obj
 0001:000014b0       ?ORA_zpx15@@YAXPEAUemulate65c02@@@Z 00000001400024b0 f   65c02incpp.obj
 0001:00001530       ?ASL_zpx16@@YAXPEAUemulate65c02@@@Z 0000000140002530 f   65c02incpp.obj
 0001:000015e0       ?RMB1_zp17@@YAXPEAUemulate65c02@@@Z 00000001400025e0 f   65c02incpp.obj
 0001:00001640       ?CLC18@@YAXPEAUemulate65c02@@@Z 0000000140002640 f   65c02incpp.obj
 0001:00001650       ?ORA_aby19@@YAXPEAUemulate65c02@@@Z 0000000140002650 f   65c02incpp.obj
 0001:000016a0       ?INC1A@@YAXPEAUemulate65c02@@@Z 00000001400026a0 f   65c02incpp.obj
 0001:000016e0       ?TRB_abs1C@@YAXPEAUemulate65c02@@@Z 00000001400026e0 f   65c02incpp.obj
 0001:00001790       ?ORA_abx1D@@YAXPEAUemulate65c02@@@Z 0000000140002790 f   65c02incpp.obj
 0001:000017e0       ?ASL_abx1E@@YAXPEAUemulate65c02@@@Z 00000001400027e0 f   65c02incpp.obj
 0001:000018c0       ?BBR1_zpr1F@@YAXPEAUemulate65c02@@@Z 00000001400028c0 f   65c02incpp.obj
 0001:00001950       ?JSR_abs20@@YAXPEAUemulate65c02@@@Z 0000000140002950 f   65c02incpp.obj
 0001:00001a00       ?AND_izx21@@YAXPEAUemulate65c02@@@Z 0000000140002a00 f   65c02incpp.obj
 0001:00001a50       ?BIT_zp24@@YAXPEAUemulate65c02@@@Z 0000000140002a50 f   65c02incpp.obj
 0001:00001ad0       ?AND_zp25@@YAXPEAUemulate65c02@@@Z 0000000140002ad0 f   65c02incpp.obj
 0001:00001b40       ?ROL_zp26@@YAXPEAUemulate65c02@@@Z 0000000140002b40 f   65c02incpp.obj
 0001:00001bf0       ?RMB2_zp27@@YAXPEAUemulate65c02@@@Z 0000000140002bf0 f   65c02incpp.obj
 0001:00001c50       ?PLP28@@YAXPEAUemulate65c02@@@Z 0000000140002c50 f   65c02incpp.obj
 0001:00001c90       ?AND_imm29@@YAXPEAUemulate65c02@@@Z 0000000140002c90 f   65c02incpp.obj
 0001:00001cf0       ?ROL2A@@YAXPEAUemulate65c02@@@Z 0000000140002cf0 f   65c02incpp.obj
 0001:00001d60       ?BIT_abs2C@@YAXPEAUemulate65c02@@@Z 0000000140002d60 f   65c02incpp.obj
 0001:00001e00       ?AND_abs2D@@YAXPEAUemulate65c02@@@Z 0000000140002e00 f   65c02incpp.obj
 0001:00001ea0       ?ROL_abs2E@@YAXPEAUemulate65c02@@@Z 0000000140002ea0 f   65c02incpp.obj
 0001:00001f80       ?BBR2_zpr2F@@YAXPEAUemulate65c02@@@Z 0000000140002f80 f   65c02incpp.obj
 0001:00002010       ?BMI_rel30@@YAXPEAUemulate65c02@@@Z 0000000140003010 f   65c02incpp.obj
 0001:000020a0       ?AND_izy31@@YAXPEAUemulate65c02@@@Z 00000001400030a0 f   65c02incpp.obj
 0001:000020f0       ?AND_izp32@@YAXPEAUemulate65c02@@@Z 00000001400030f0 f   65c02incpp.obj
 0001:00002140       ?BIT_zpx34@@YAXPEAUemulate65c02@@@Z 0000000140003140 f   65c02incpp.obj
 0001:000021d0       ?AND_zpx35@@YAXPEAUemulate65c02@@@Z 00000001400031d0 f   65c02incpp.obj
 0001:00002250       ?ROL_zpx36@@YAXPEAUemulate65c02@@@Z 0000000140003250 f   65c02incpp.obj
 0001:00002310       ?RMB3_zp37@@YAXPEAUemulate65c02@@@Z 0000000140003310 f   65c02incpp.obj
 0001:00002370       ?SEC38@@YAXPEAUemulate65c02@@@Z 0000000140003370 f   65c02incpp.obj
 0001:00002380       ?AND_aby39@@YAXPEAUemulate65c02@@@Z 0000000140003380 f   65c02incpp.obj
 0001:000023d0       ?DEC3A@@YAXPEAUemulate65c02@@@Z 00000001400033d0 f   65c02incpp.obj
 0001:00002410       ?BIT_abx3C@@YAXPEAUemulate65c02@@@Z 0000000140003410 f   65c02incpp.obj
 0001:00002470       ?AND_abx3D@@YAXPEAUemulate65c02@@@Z 0000000140003470 f   65c02incpp.obj
 0001:000024c0       ?ROL_abx3E@@YAXPEAUemulate65c02@@@Z 00000001400034c0 f   65c02incpp.obj
 0001:000025b0       ?BBR3_zpr3F@@YAXPEAUemulate65c02@@@Z 00000001400035b0 f   65c02incpp.obj
 0001:00002640       ?RTI40@@YAXPEAUemulate65c02@@@Z 0000000140003640 f   65c02incpp.obj
 0001:000026f0       ?EOR_izx41@@YAXPEAUemulate65c02@@@Z 00000001400036f0 f   65c02incpp.obj
 0001:00002740       ?NOP_zp44@@YAXPEAUemulate65c02@@@Z 0000000140003740 f   65c02incpp.obj
 0001:00002780       ?EOR_zp45@@YAXPEAUemulate65c02@@@Z 0000000140003780 f   65c02incpp.obj
 0001:000027f0       ?LSR_zp46@@YAXPEAUemulate65c02@@@Z 00000001400037f0 f   65c02incpp.obj
 0001:00002880       ?RMB4_zp47@@YAXPEAUemulate65c02@@@Z 0000000140003880 f   65c02incpp.obj
 0001:000028e0       ?PHA48@@YAXPEAUemulate65c02@@@Z 00000001400038e0 f   65c02incpp.obj
 0001:00002920       ?EOR_imm49@@YAXPEAUemulate65c02@@@Z 0000000140003920 f   65c02incpp.obj
 0001:00002980       ?LSR4A@@YAXPEAUemulate65c02@@@Z 0000000140003980 f   65c02incpp.obj
 0001:000029e0       ?JMP_abs4C@@YAXPEAUemulate65c02@@@Z 00000001400039e0 f   65c02incpp.obj
 0001:00002a50       ?EOR_abs4D@@YAXPEAUemulate65c02@@@Z 0000000140003a50 f   65c02incpp.obj
 0001:00002af0       ?LSR_abs4E@@YAXPEAUemulate65c02@@@Z 0000000140003af0 f   65c02incpp.obj
 0001:00002bb0       ?BBR4_zpr4F@@YAXPEAUemulate65c02@@@Z 0000000140003bb0 f   65c02incpp.obj
 0001:00002c40       ?BVC_rel50@@YAXPEAUemulate65c02@@@Z 0000000140003c40 f   65c02incpp.obj
 0001:00002cd0       ?EOR_izy51@@YAXPEAUemulate65c02@@@Z 0000000140003cd0 f   65c02incpp.obj
 0001:00002d20       ?EOR_izp52@@YAXPEAUemulate65c02@@@Z 0000000140003d20 f   65c02incpp.obj
 0001:00002d70       ?NOP_zpxF4@@YAXPEAUemulate65c02@@@Z 0000000140003d70 f   65c02incpp.obj
 0001:00002d70       ?NOP_zpx54@@YAXPEAUemulate65c02@@@Z 0000000140003d70 f   65c02incpp.obj
 0001:00002d70       ?NOP_zpxD4@@YAXPEAUemulate65c02@@@Z 0000000140003d70 f   65c02incpp.obj
 0001:00002dc0       ?EOR_zpx55@@YAXPEAUemulate65c02@@@Z 0000000140003dc0 f   65c02incpp.obj
 0001:00002e40       ?LSR_zpx56@@YAXPEAUemulate65c02@@@Z 0000000140003e40 f   65c02incpp.obj
 0001:00002ee0       ?RMB5_zp57@@YAXPEAUemulate65c02@@@Z 0000000140003ee0 f   65c02incpp.obj
 0001:00002f40       ?CLI58@@YAXPEAUemulate65c02@@@Z 0000000140003f40 f   65c02incpp.obj
 0001:00002f50       ?EOR_aby59@@YAXPEAUemulate65c02@@@Z 0000000140003f50 f   65c02incpp.obj
 0001:00002fa0       ?PHY5A@@YAXPEAUemulate65c02@@@Z 0000000140003fa0 f   65c02incpp.obj
 0001:00002fe0       ?NOP_absDC@@YAXPEAUemulate65c02@@@Z 0000000140003fe0 f   65c02incpp.obj
 0001:00002fe0       ?NOP_absFC@@YAXPEAUemulate65c02@@@Z 0000000140003fe0 f   65c02incpp.obj
 0001:00002fe0       ?NOP_abs5C@@YAXPEAUemulate65c02@@@Z 0000000140003fe0 f   65c02incpp.obj
 0001:00003050       ?EOR_abx5D@@YAXPEAUemulate65c02@@@Z 0000000140004050 f   65c02incpp.obj
 0001:000030a0       ?LSR_abx5E@@YAXPEAUemulate65c02@@@Z 00000001400040a0 f   65c02incpp.obj
 0001:00003170       ?BBR5_zpr5F@@YAXPEAUemulate65c02@@@Z 0000000140004170 f   65c02incpp.obj
 0001:00003200       ?RTS60@@YAXPEAUemulate65c02@@@Z 0000000140004200 f   65c02incpp.obj
 0001:00003270       ?ADC_izx61@@YAXPEAUemulate65c02@@@Z 0000000140004270 f   65c02incpp.obj
 0001:00003290       ?STZ_zp64@@YAXPEAUemulate65c02@@@Z 0000000140004290 f   65c02incpp.obj
 0001:000032d0       ?ADC_zp65@@YAXPEAUemulate65c02@@@Z 00000001400042d0 f   65c02incpp.obj
 0001:00003320       ?ROR_zp66@@YAXPEAUemulate65c02@@@Z 0000000140004320 f   65c02incpp.obj
 0001:000033d0       ?RMB6_zp67@@YAXPEAUemulate65c02@@@Z 00000001400043d0 f   65c02incpp.obj
 0001:00003430       ?PLA68@@YAXPEAUemulate65c02@@@Z 0000000140004430 f   65c02incpp.obj
 0001:00003490       ?ADC_imm69@@YAXPEAUemulate65c02@@@Z 0000000140004490 f   65c02incpp.obj
 0001:000034d0       ?ROR6A@@YAXPEAUemulate65c02@@@Z 00000001400044d0 f   65c02incpp.obj
 0001:00003540       ?JMP_ind6C@@YAXPEAUemulate65c02@@@Z 0000000140004540 f   65c02incpp.obj
 0001:000035f0       ?ADC_abs6D@@YAXPEAUemulate65c02@@@Z 00000001400045f0 f   65c02incpp.obj
 0001:00003670       ?ROR_abs6E@@YAXPEAUemulate65c02@@@Z 0000000140004670 f   65c02incpp.obj
 0001:00003750       ?BBR6_zpr6F@@YAXPEAUemulate65c02@@@Z 0000000140004750 f   65c02incpp.obj
 0001:000037e0       ?BVS_rel70@@YAXPEAUemulate65c02@@@Z 00000001400047e0 f   65c02incpp.obj
 0001:00003870       ?ADC_izy71@@YAXPEAUemulate65c02@@@Z 0000000140004870 f   65c02incpp.obj
 0001:00003890       ?ADC_izp72@@YAXPEAUemulate65c02@@@Z 0000000140004890 f   65c02incpp.obj
 0001:000038b0       ?STZ_zpx74@@YAXPEAUemulate65c02@@@Z 00000001400048b0 f   65c02incpp.obj
 0001:00003900       ?ADC_zpx75@@YAXPEAUemulate65c02@@@Z 0000000140004900 f   65c02incpp.obj
 0001:00003960       ?ROR_zpx76@@YAXPEAUemulate65c02@@@Z 0000000140004960 f   65c02incpp.obj
 0001:00003a20       ?RMB7_zp77@@YAXPEAUemulate65c02@@@Z 0000000140004a20 f   65c02incpp.obj
 0001:00003a80       ?SEI78@@YAXPEAUemulate65c02@@@Z 0000000140004a80 f   65c02incpp.obj
 0001:00003a90       ?ADC_aby79@@YAXPEAUemulate65c02@@@Z 0000000140004a90 f   65c02incpp.obj
 0001:00003ab0       ?PLY7A@@YAXPEAUemulate65c02@@@Z 0000000140004ab0 f   65c02incpp.obj
 0001:00003b10       ?JMP_iax7C@@YAXPEAUemulate65c02@@@Z 0000000140004b10 f   65c02incpp.obj
 0001:00003bb0       ?ADC_abx7D@@YAXPEAUemulate65c02@@@Z 0000000140004bb0 f   65c02incpp.obj
 0001:00003bd0       ?ROR_abx7E@@YAXPEAUemulate65c02@@@Z 0000000140004bd0 f   65c02incpp.obj
 0001:00003cc0       ?BBR7_zpr7F@@YAXPEAUemulate65c02@@@Z 0000000140004cc0 f   65c02incpp.obj
 0001:00003d60       ?BRA_rel80@@YAXPEAUemulate65c02@@@Z 0000000140004d60 f   65c02incpp.obj
 0001:00003dd0       ?STA_izx81@@YAXPEAUemulate65c02@@@Z 0000000140004dd0 f   65c02incpp.obj
 0001:00003e80       ?STY_zp84@@YAXPEAUemulate65c02@@@Z 0000000140004e80 f   65c02incpp.obj
 0001:00003ed0       ?STA_zp85@@YAXPEAUemulate65c02@@@Z 0000000140004ed0 f   65c02incpp.obj
 0001:00003f20       ?STX_zp86@@YAXPEAUemulate65c02@@@Z 0000000140004f20 f   65c02incpp.obj
 0001:00003f70       ?SMB0_zp87@@YAXPEAUemulate65c02@@@Z 0000000140004f70 f   65c02incpp.obj
 0001:00003fd0       ?DEY88@@YAXPEAUemulate65c02@@@Z 0000000140004fd0 f   65c02incpp.obj
 0001:00004020       ?BIT_imm89@@YAXPEAUemulate65c02@@@Z 0000000140005020 f   65c02incpp.obj
 0001:00004090       ?TXA8A@@YAXPEAUemulate65c02@@@Z 0000000140005090 f   65c02incpp.obj
 0001:000040d0       ?STY_abs8C@@YAXPEAUemulate65c02@@@Z 00000001400050d0 f   65c02incpp.obj
 0001:00004150       ?STA_abs8D@@YAXPEAUemulate65c02@@@Z 0000000140005150 f   65c02incpp.obj
 0001:000041d0       ?STX_abs8E@@YAXPEAUemulate65c02@@@Z 00000001400051d0 f   65c02incpp.obj
 0001:00004250       ?BBS0_zpr8F@@YAXPEAUemulate65c02@@@Z 0000000140005250 f   65c02incpp.obj
 0001:000042e0       ?BCC_rel90@@YAXPEAUemulate65c02@@@Z 00000001400052e0 f   65c02incpp.obj
 0001:00004370       ?STA_izy91@@YAXPEAUemulate65c02@@@Z 0000000140005370 f   65c02incpp.obj
 0001:00004420       ?STA_izp92@@YAXPEAUemulate65c02@@@Z 0000000140005420 f   65c02incpp.obj
 0001:000044c0       ?STY_zpx94@@YAXPEAUemulate65c02@@@Z 00000001400054c0 f   65c02incpp.obj
 0001:00004520       ?STA_zpx95@@YAXPEAUemulate65c02@@@Z 0000000140005520 f   65c02incpp.obj
 0001:00004580       ?STX_zpy96@@YAXPEAUemulate65c02@@@Z 0000000140005580 f   65c02incpp.obj
 0001:000045e0       ?SMB1_zp97@@YAXPEAUemulate65c02@@@Z 00000001400055e0 f   65c02incpp.obj
 0001:00004640       ?TYA98@@YAXPEAUemulate65c02@@@Z 0000000140005640 f   65c02incpp.obj
 0001:00004680       ?STA_aby99@@YAXPEAUemulate65c02@@@Z 0000000140005680 f   65c02incpp.obj
 0001:00004710       ?TXS9A@@YAXPEAUemulate65c02@@@Z 0000000140005710 f   65c02incpp.obj
 0001:00004720       ?STZ_abs9C@@YAXPEAUemulate65c02@@@Z 0000000140005720 f   65c02incpp.obj
 0001:00004790       ?STA_abx9D@@YAXPEAUemulate65c02@@@Z 0000000140005790 f   65c02incpp.obj
 0001:000047a0       ?STZ_abx9E@@YAXPEAUemulate65c02@@@Z 00000001400057a0 f   65c02incpp.obj
 0001:000047b0       ?BBS1_zpr9F@@YAXPEAUemulate65c02@@@Z 00000001400057b0 f   65c02incpp.obj
 0001:00004840       ?LDY_immA0@@YAXPEAUemulate65c02@@@Z 0000000140005840 f   65c02incpp.obj
 0001:000048a0       ?LDA_izxA1@@YAXPEAUemulate65c02@@@Z 00000001400058a0 f   65c02incpp.obj
 0001:000048e0       ?LDX_immA2@@YAXPEAUemulate65c02@@@Z 00000001400058e0 f   65c02incpp.obj
 0001:00004940       ?LDY_zpA4@@YAXPEAUemulate65c02@@@Z 0000000140005940 f   65c02incpp.obj
 0001:000049b0       ?LDA_zpA5@@YAXPEAUemulate65c02@@@Z 00000001400059b0 f   65c02incpp.obj
 0001:00004a20       ?LDX_zpA6@@YAXPEAUemulate65c02@@@Z 0000000140005a20 f   65c02incpp.obj
 0001:00004a90       ?SMB2_zpA7@@YAXPEAUemulate65c02@@@Z 0000000140005a90 f   65c02incpp.obj
 0001:00004af0       ?TAYA8@@YAXPEAUemulate65c02@@@Z 0000000140005af0 f   65c02incpp.obj
 0001:00004b30       ?LDA_immA9@@YAXPEAUemulate65c02@@@Z 0000000140005b30 f   65c02incpp.obj
 0001:00004b90       ?TAXAA@@YAXPEAUemulate65c02@@@Z 0000000140005b90 f   65c02incpp.obj
 0001:00004bd0       ?LDY_absAC@@YAXPEAUemulate65c02@@@Z 0000000140005bd0 f   65c02incpp.obj
 0001:00004c70       ?LDA_absAD@@YAXPEAUemulate65c02@@@Z 0000000140005c70 f   65c02incpp.obj
 0001:00004d10       ?LDX_absAE@@YAXPEAUemulate65c02@@@Z 0000000140005d10 f   65c02incpp.obj
 0001:00004db0       ?BBS2_zprAF@@YAXPEAUemulate65c02@@@Z 0000000140005db0 f   65c02incpp.obj
 0001:00004e40       ?BCS_relB0@@YAXPEAUemulate65c02@@@Z 0000000140005e40 f   65c02incpp.obj
 0001:00004ed0       ?LDA_izyB1@@YAXPEAUemulate65c02@@@Z 0000000140005ed0 f   65c02incpp.obj
 0001:00004f10       ?LDA_izpB2@@YAXPEAUemulate65c02@@@Z 0000000140005f10 f   65c02incpp.obj
 0001:00004f50       ?LDY_zpxB4@@YAXPEAUemulate65c02@@@Z 0000000140005f50 f   65c02incpp.obj
 0001:00004fd0       ?LDA_zpxB5@@YAXPEAUemulate65c02@@@Z 0000000140005fd0 f   65c02incpp.obj
 0001:00005050       ?LDX_zpyB6@@YAXPEAUemulate65c02@@@Z 0000000140006050 f   65c02incpp.obj
 0001:000050d0       ?SMB3_zpB7@@YAXPEAUemulate65c02@@@Z 00000001400060d0 f   65c02incpp.obj
 0001:00005130       ?CLVB8@@YAXPEAUemulate65c02@@@Z 0000000140006130 f   65c02incpp.obj
 0001:00005140       ?LDA_abyB9@@YAXPEAUemulate65c02@@@Z 0000000140006140 f   65c02incpp.obj
 0001:00005180       ?TSXBA@@YAXPEAUemulate65c02@@@Z 0000000140006180 f   65c02incpp.obj
 0001:000051c0       ?LDY_abxBC@@YAXPEAUemulate65c02@@@Z 00000001400061c0 f   65c02incpp.obj
 0001:00005210       ?LDA_abxBD@@YAXPEAUemulate65c02@@@Z 0000000140006210 f   65c02incpp.obj
 0001:00005250       ?LDX_abyBE@@YAXPEAUemulate65c02@@@Z 0000000140006250 f   65c02incpp.obj
 0001:000052a0       ?BBS3_zprBF@@YAXPEAUemulate65c02@@@Z 00000001400062a0 f   65c02incpp.obj
 0001:00005330       ?CPY_immC0@@YAXPEAUemulate65c02@@@Z 0000000140006330 f   65c02incpp.obj
 0001:000053a0       ?CMP_izxC1@@YAXPEAUemulate65c02@@@Z 00000001400063a0 f   65c02incpp.obj
 0001:00005410       ?CPY_zpC4@@YAXPEAUemulate65c02@@@Z 0000000140006410 f   65c02incpp.obj
 0001:00005490       ?CMP_zpC5@@YAXPEAUemulate65c02@@@Z 0000000140006490 f   65c02incpp.obj
 0001:00005510       ?DEC_zpC6@@YAXPEAUemulate65c02@@@Z 0000000140006510 f   65c02incpp.obj
 0001:000055a0       ?SMB4_zpC7@@YAXPEAUemulate65c02@@@Z 00000001400065a0 f   65c02incpp.obj
 0001:00005600       ?INYC8@@YAXPEAUemulate65c02@@@Z 0000000140006600 f   65c02incpp.obj
 0001:00005650       ?CMP_immC9@@YAXPEAUemulate65c02@@@Z 0000000140006650 f   65c02incpp.obj
 0001:000056c0       ?DEXCA@@YAXPEAUemulate65c02@@@Z 00000001400066c0 f   65c02incpp.obj
 0001:00005710       ?WAICB@@YAXPEAUemulate65c02@@@Z 0000000140006710 f   65c02incpp.obj
 0001:00005720       ?CPY_absCC@@YAXPEAUemulate65c02@@@Z 0000000140006720 f   65c02incpp.obj
 0001:000057e0       ?CMP_absCD@@YAXPEAUemulate65c02@@@Z 00000001400067e0 f   65c02incpp.obj
 0001:000058a0       ?DEC_absCE@@YAXPEAUemulate65c02@@@Z 00000001400068a0 f   65c02incpp.obj
 0001:00005950       ?BBS4_zprCF@@YAXPEAUemulate65c02@@@Z 0000000140006950 f   65c02incpp.obj
 0001:000059e0       ?BNE_relD0@@YAXPEAUemulate65c02@@@Z 00000001400069e0 f   65c02incpp.obj
 0001:00005a70       ?CMP_izyD1@@YAXPEAUemulate65c02@@@Z 0000000140006a70 f   65c02incpp.obj
 0001:00005ae0       ?CMP_izpD2@@YAXPEAUemulate65c02@@@Z 0000000140006ae0 f   65c02incpp.obj
 0001:00005b50       ?CMP_zpxD5@@YAXPEAUemulate65c02@@@Z 0000000140006b50 f   65c02incpp.obj
 0001:00005be0       ?DEC_zpxD6@@YAXPEAUemulate65c02@@@Z 0000000140006be0 f   65c02incpp.obj
 0001:00005c80       ?SMB5_zpD7@@YAXPEAUemulate65c02@@@Z 0000000140006c80 f   65c02incpp.obj
 0001:00005ce0       ?CLDD8@@YAXPEAUemulate65c02@@@Z 0000000140006ce0 f   65c02incpp.obj
 0001:00005cf0       ?CMP_abyD9@@YAXPEAUemulate65c02@@@Z 0000000140006cf0 f   65c02incpp.obj
 0001:00005d60       ?PHXDA@@YAXPEAUemulate65c02@@@Z 0000000140006d60 f   65c02incpp.obj
 0001:00005da0       ?STPDB@@YAXPEAUemulate65c02@@@Z 0000000140006da0 f   65c02incpp.obj
 0001:00005db0       ?CMP_abxDD@@YAXPEAUemulate65c02@@@Z 0000000140006db0 f   65c02incpp.obj
 0001:00005e20       ?DEC_abxDE@@YAXPEAUemulate65c02@@@Z 0000000140006e20 f   65c02incpp.obj
 0001:00005ee0       ?BBS5_zprDF@@YAXPEAUemulate65c02@@@Z 0000000140006ee0 f   65c02incpp.obj
 0001:00005f70       ?CPX_immE0@@YAXPEAUemulate65c02@@@Z 0000000140006f70 f   65c02incpp.obj
 0001:00005fe0       ?SBC_izxE1@@YAXPEAUemulate65c02@@@Z 0000000140006fe0 f   65c02incpp.obj
 0001:00006020       ?CPX_zpE4@@YAXPEAUemulate65c02@@@Z 0000000140007020 f   65c02incpp.obj
 0001:000060a0       ?SBC_zpE5@@YAXPEAUemulate65c02@@@Z 00000001400070a0 f   65c02incpp.obj
 0001:00006110       ?INC_zpE6@@YAXPEAUemulate65c02@@@Z 0000000140007110 f   65c02incpp.obj
 0001:000061a0       ?SMB6_zpE7@@YAXPEAUemulate65c02@@@Z 00000001400071a0 f   65c02incpp.obj
 0001:00006200       ?INXE8@@YAXPEAUemulate65c02@@@Z 0000000140007200 f   65c02incpp.obj
 0001:00006250       ?SBC_immE9@@YAXPEAUemulate65c02@@@Z 0000000140007250 f   65c02incpp.obj
 0001:000062b0       ?CPX_absEC@@YAXPEAUemulate65c02@@@Z 00000001400072b0 f   65c02incpp.obj
 0001:00006370       ?SBC_absED@@YAXPEAUemulate65c02@@@Z 0000000140007370 f   65c02incpp.obj
 0001:00006410       ?INC_absEE@@YAXPEAUemulate65c02@@@Z 0000000140007410 f   65c02incpp.obj
 0001:000064c0       ?BBS6_zprEF@@YAXPEAUemulate65c02@@@Z 00000001400074c0 f   65c02incpp.obj
 0001:00006550       ?BEQ_relF0@@YAXPEAUemulate65c02@@@Z 0000000140007550 f   65c02incpp.obj
 0001:000065e0       ?SBC_izyF1@@YAXPEAUemulate65c02@@@Z 00000001400075e0 f   65c02incpp.obj
 0001:00006620       ?SBC_izpF2@@YAXPEAUemulate65c02@@@Z 0000000140007620 f   65c02incpp.obj
 0001:00006660       ?SBC_zpxF5@@YAXPEAUemulate65c02@@@Z 0000000140007660 f   65c02incpp.obj
 0001:000066e0       ?INC_zpxF6@@YAXPEAUemulate65c02@@@Z 00000001400076e0 f   65c02incpp.obj
 0001:00006780       ?SMB7_zpF7@@YAXPEAUemulate65c02@@@Z 0000000140007780 f   65c02incpp.obj
 0001:000067e0       ?SEDF8@@YAXPEAUemulate65c02@@@Z 00000001400077e0 f   65c02incpp.obj
 0001:000067f0       ?SBC_abyF9@@YAXPEAUemulate65c02@@@Z 00000001400077f0 f   65c02incpp.obj
 0001:00006830       ?PLXFA@@YAXPEAUemulate65c02@@@Z 0000000140007830 f   65c02incpp.obj
 0001:00006890       ?SBC_abxFD@@YAXPEAUemulate65c02@@@Z 0000000140007890 f   65c02incpp.obj
 0001:000068d0       ?INC_abxFE@@YAXPEAUemulate65c02@@@Z 00000001400078d0 f   65c02incpp.obj
 0001:00006990       ?BBS7_ZprFF@@YAXPEAUemulate65c02@@@Z 0000000140007990 f   65c02incpp.obj
 0001:00006a30       ?disassemble@emulate65c02@@QEAAPEADXZ 0000000140007a30 f   65c02incpp.obj
 0001:00007160       ??1sentry@?$basic_ostream@DU?$char_traits@D@std@@@std@@QEAA@XZ 0000000140008160 f i 65c02incpp.obj
 0001:000071b0       ??1_Sentry_base@?$basic_ostream@DU?$char_traits@D@std@@@std@@QEAA@XZ 00000001400081b0 f i 65c02incpp.obj
 0001:000071e0       ??$?6U?$char_traits@D@std@@@std@@YAAEAV?$basic_ostream@DU?$char_traits@D@std@@@0@AEAV10@PEBD@Z 00000001400081e0 f i 65c02incpp.obj
 0001:000073b0       ??$?6U?$char_traits@D@std@@@std@@YAAEAV?$basic_ostream@DU?$char_traits@D@std@@@0@AEAV10@D@Z 00000001400083b0 f i compile.obj
 0001:00007570       __local_stdio_scanf_options 0000000140008570 f i debugger.obj
 0001:00007580       snprintf                   0000000140008580 f i debugger.obj
 0001:000075e0       sscanf                     00000001400085e0 f i debugger.obj
 0001:00007640       ?reset@emulate65c02@@QEAAXXZ 0000000140008640 f i debugger.obj
 0001:000076a0       ?DEBUGGetCurrentStatus@@YAHXZ 00000001400086a0 f   debugger.obj
 0001:00007cb0       ?DEBUGRenderDisplay@@YAXHH@Z 0000000140008cb0 f   debugger.obj
 0001:00008e50       _guard_check_icall_nop     0000000140009e50 f   MSVCRT:guard_support.obj
 0001:00008e50       _initialize_invalid_parameter_handler 0000000140009e50 f   MSVCRT:invalid_parameter_handler.obj
 0001:00008e50       _initialize_denormal_control 0000000140009e50 f   MSVCRT:denormal_control.obj
 0001:0000b460       fprintf                    000000014000c460 f i joystick.obj
 0001:0000b4b0       ?get_joystick_state@@YAGPEAU_SDL_GameController@@W4joy_status@@@Z 000000014000c4b0 f   joystick.obj
 0001:0000b7b0       ?ps2_scancode_from_SDL_Scancode@@YAHW4SDL_Scancode@@@Z 000000014000c7b0 f   keyboard.obj
 0001:0000bc70       ?handle_keyboard@@YAX_NHW4SDL_Scancode@@@Z 000000014000cc70 f   keyboard.obj
 0001:0000c3f0       ?LOAD@@YAXXZ               000000014000d3f0 f   loadsave.obj
 0001:0000c700       ?step6502@emulate65c02@@QEAAXXZ 000000014000d700 f i main.obj
 0001:0000c8f0       ?machine_dump@@YAXXZ       000000014000d8f0 f   main.obj
 0001:0000cb80       ?machine_reset@@YAXXZ      000000014000db80 f   main.obj
 0001:0000cf50       ?usage_keymap@@YAXXZ       000000014000df50 f   main.obj
 0001:0000cfa0       main                       000000014000dfa0 f   main.obj
 0001:0000de40       ?emulator_loop@@YAPEAXPEAX@Z 000000014000ee40 f   main.obj
 0001:0000eef0       ?ps2_step@@YAXH@Z          000000014000fef0 f   ps2.obj
 0001:0000f160       ?mouse_send_state@@YAXXZ   0000000140010160 f   ps2.obj
 0001:0000f270       ?DEBUGInitChars@@YAXPEAUSDL_Renderer@@@Z 0000000140010270 f   rendertext.obj
 0001:0000f410       ?DEBUGWrite@@YAXPEAUSDL_Renderer@@HHHUSDL_Color@@@Z 0000000140010410 f   rendertext.obj
 0001:0000f4e0       ?sdcard_handle@@YAEE@Z     00000001400104e0 f   sdcard.obj
 0001:0000f700       ?GifGetClosestPaletteColor@@YAXPEAUGifPalette@@HHHPEAH1H@Z 0000000140010700 f   video.obj
 0001:0000f890       ?GifPartition@@YAHPEAEHHHH@Z 0000000140010890 f   video.obj
 0001:0000fab0       ?GifPartitionByMedian@@YAXPEAEHHHH@Z 0000000140010ab0 f   video.obj
 0001:0000fb60       ?GifSplitPalette@@YAXPEAEHHHHHH_NPEAUGifPalette@@@Z 0000000140010b60 f   video.obj
 0001:0000fe20       ?GifWriteLzwImage@@YAXPEAU_iobuf@@PEAEIIIIIPEAUGifPalette@@@Z 0000000140010e20 f   video.obj
 0001:000105e0       ?GifWriteFrame@@YA_NPEAUGifWriter@@PEBEIIIH_N@Z 00000001400115e0 f   video.obj
 0001:00010860       ?video_reset@@YAXXZ        0000000140011860 f   video.obj
 0001:000109c0       ?video_init@@YA_NHPEBD@Z   00000001400119c0 f   video.obj
 0001:00010cf0       ?refresh_layer_properties@@YAXE@Z 0000000140011cf0 f   video.obj
 0001:000122b0       ?video_update@@YA_NXZ      00000001400132b0 f   video.obj
 0001:00012660       ?get_and_inc_address@@YAIE@Z 0000000140013660 f   video.obj
 0001:00012920       ?video_space_write@@YAXIE@Z 0000000140013920 f   video.obj
 0001:00012d70       ?video_read@@YAEE_N@Z      0000000140013d70 f   video.obj
 0001:00012e90       ?video_write@@YAXEE@Z      0000000140013e90 f   video.obj
 0001:00012fc4       ??3@YAXPEAX_K@Z            0000000140013fc4 f   MSVCRT:delete_scalar_size.obj
 0001:00012fcc       ??_Gtype_info@@UEAAPEAXI@Z 0000000140013fcc f i MSVCRT:std_type_info_static.obj
 0001:00012fcc       ??_Etype_info@@UEAAPEAXI@Z 0000000140013fcc f i MSVCRT:std_type_info_static.obj
 0001:00012ff8       __scrt_acquire_startup_lock 0000000140013ff8 f   MSVCRT:utility.obj
 0001:00013034       __scrt_initialize_crt      0000000140014034 f   MSVCRT:utility.obj
 0001:00013080       __scrt_initialize_onexit_tables 0000000140014080 f   MSVCRT:utility.obj
 0001:00013158       __scrt_is_nonwritable_in_current_image 0000000140014158 f   MSVCRT:utility.obj
 0001:000131f4       __scrt_release_startup_lock 00000001400141f4 f   MSVCRT:utility.obj
 0001:00013218       __scrt_uninitialize_crt    0000000140014218 f   MSVCRT:utility.obj
 0001:00013244       _onexit                    0000000140014244 f   MSVCRT:utility.obj
 0001:00013294       atexit                     0000000140014294 f   MSVCRT:utility.obj
 0001:0001350c       mainCRTStartup             000000014001450c f   MSVCRT:exe_main.obj
 0001:00013520       ??3@YAXPEAX@Z              0000000140014520 f   MSVCRT:delete_scalar.obj
 0001:00013528       __isa_available_init       0000000140014528 f   MSVCRT:cpu_disp.obj
 0001:000136a4       _get_startup_argv_mode     00000001400146a4 f   MSVCRT:argv_mode.obj
 0001:000136ac       __scrt_is_ucrt_dll_in_use  00000001400146ac f   MSVCRT:ucrt_detection.obj
 0001:000136b8       __crt_debugger_hook        00000001400146b8 f   MSVCRT:utility_desktop.obj
 0001:000136c0       __scrt_fastfail            00000001400146c0 f   MSVCRT:utility_desktop.obj
 0001:0001380c       __scrt_initialize_mta      000000014001480c f   MSVCRT:utility_desktop.obj
 0001:00013814       __scrt_exe_initialize_mta  0000000140014814 f   MSVCRT:utility_desktop.obj
 0001:00013814       _get_startup_thread_locale_mode 0000000140014814 f   MSVCRT:thread_locale.obj
 0001:00013814       _get_startup_new_mode      0000000140014814 f   MSVCRT:new_mode.obj
 0001:00013814       _get_startup_commit_mode   0000000140014814 f   MSVCRT:commit_mode.obj
 0001:00013814       _matherr                   0000000140014814 f   MSVCRT:matherr.obj
 0001:00013814       __scrt_initialize_winrt    0000000140014814 f   MSVCRT:utility_desktop.obj
 0001:00013814       __scrt_stub_for_initialize_mta 0000000140014814 f   MSVCRT:utility_desktop.obj
 0001:00013818       __scrt_is_managed_app      0000000140014818 f   MSVCRT:utility_desktop.obj
 0001:0001386c       __scrt_set_unhandled_exception_filter 000000014001486c f   MSVCRT:utility_desktop.obj
 0001:0001387c       __scrt_unhandled_exception_filter 000000014001487c f   MSVCRT:utility_desktop.obj
 0001:000138b4       __security_init_cookie     00000001400148b4 f   MSVCRT:gs_support.obj
 0001:00013960       _get_startup_file_mode     0000000140014960 f   MSVCRT:file_mode.obj
 0001:00013968       ?__scrt_initialize_type_info@@YAXXZ 0000000140014968 f   MSVCRT:tncleanup.obj
 0001:00013978       __acrt_initialize          0000000140014978 f   MSVCRT:ucrt_stubs.obj
 0001:00013978       __vcrt_initialize          0000000140014978 f   MSVCRT:ucrt_stubs.obj
 0001:00013978       __acrt_uninitialize        0000000140014978 f   MSVCRT:ucrt_stubs.obj
 0001:00013978       __scrt_stub_for_acrt_uninitialize 0000000140014978 f   MSVCRT:ucrt_stubs.obj
 0001:00013978       _should_initialize_environment 0000000140014978 f   MSVCRT:env_mode.obj
 0001:00013978       __scrt_stub_for_acrt_initialize 0000000140014978 f   MSVCRT:ucrt_stubs.obj
 0001:00013978       __vcrt_uninitialize        0000000140014978 f   MSVCRT:ucrt_stubs.obj
 0001:0001397c       __scrt_initialize_default_local_stdio_options 000000014001497c f   MSVCRT:default_local_stdio_options.obj
 0001:00013998       __scrt_is_user_matherr_present 0000000140014998 f   MSVCRT:matherr_detection.obj
 0001:000139a4       __scrt_get_dyn_tls_init_callback 00000001400149a4 f   MSVCRT:dyn_tls_init.obj
 0001:000139ac       __scrt_get_dyn_tls_dtor_callback 00000001400149ac f   MSVCRT:dyn_tls_dtor.obj
 0001:000139b4       _RTC_Initialize            00000001400149b4 f   MSVCRT:initsect.obj
 0001:000139f0       _RTC_Terminate             00000001400149f0 f   MSVCRT:initsect.obj
 0001:00013a30       __CxxFrameHandler3         0000000140014a30 f   vcruntime:VCRUNTIME140.dll
 0001:00013a36       __std_terminate            0000000140014a36 f   vcruntime:VCRUNTIME140.dll
 0001:00013a3c       __C_specific_handler       0000000140014a3c f   vcruntime:VCRUNTIME140.dll
 0001:00013a42       _CxxThrowException         0000000140014a42 f   vcruntime:VCRUNTIME140.dll
 0001:00013a48       memset                     0000000140014a48 f   vcruntime:VCRUNTIME140.dll
 0001:00013a4e       free                       0000000140014a4e f   ucrt:api-ms-win-crt-heap-l1-1-0.dll
 0001:00013a54       exit                       0000000140014a54 f   ucrt:api-ms-win-crt-runtime-l1-1-0.dll
 0001:00013a5a       _configure_narrow_argv     0000000140014a5a f   ucrt:api-ms-win-crt-runtime-l1-1-0.dll
 0001:00013a60       _initialize_narrow_environment 0000000140014a60 f   ucrt:api-ms-win-crt-runtime-l1-1-0.dll
 0001:00013a66       _initialize_onexit_table   0000000140014a66 f   ucrt:api-ms-win-crt-runtime-l1-1-0.dll
 0001:00013a6c       _register_onexit_function  0000000140014a6c f   ucrt:api-ms-win-crt-runtime-l1-1-0.dll
 0001:00013a72       _crt_atexit                0000000140014a72 f   ucrt:api-ms-win-crt-runtime-l1-1-0.dll
 0001:00013a78       _cexit                     0000000140014a78 f   ucrt:api-ms-win-crt-runtime-l1-1-0.dll
 0001:00013a7e       _seh_filter_exe            0000000140014a7e f   ucrt:api-ms-win-crt-runtime-l1-1-0.dll
 0001:00013a84       _set_app_type              0000000140014a84 f   ucrt:api-ms-win-crt-runtime-l1-1-0.dll
 0001:00013a8a       __setusermatherr           0000000140014a8a f   ucrt:api-ms-win-crt-math-l1-1-0.dll
 0001:00013a90       _get_initial_narrow_environment 0000000140014a90 f   ucrt:api-ms-win-crt-runtime-l1-1-0.dll
 0001:00013a96       _initterm                  0000000140014a96 f   ucrt:api-ms-win-crt-runtime-l1-1-0.dll
 0001:00013a9c       _initterm_e                0000000140014a9c f   ucrt:api-ms-win-crt-runtime-l1-1-0.dll
 0001:00013aa2       _exit                      0000000140014aa2 f   ucrt:api-ms-win-crt-runtime-l1-1-0.dll
 0001:00013aa8       _set_fmode                 0000000140014aa8 f   ucrt:api-ms-win-crt-stdio-l1-1-0.dll
 0001:00013aae       __p___argc                 0000000140014aae f   ucrt:api-ms-win-crt-runtime-l1-1-0.dll
 0001:00013ab4       __p___argv                 0000000140014ab4 f   ucrt:api-ms-win-crt-runtime-l1-1-0.dll
 0001:00013aba       _c_exit                    0000000140014aba f   ucrt:api-ms-win-crt-runtime-l1-1-0.dll
 0001:00013ac0       _register_thread_local_exe_atexit_callback 0000000140014ac0 f   ucrt:api-ms-win-crt-runtime-l1-1-0.dll
 0001:00013ac6       _configthreadlocale        0000000140014ac6 f   ucrt:api-ms-win-crt-locale-l1-1-0.dll
 0001:00013acc       _set_new_mode              0000000140014acc f   ucrt:api-ms-win-crt-heap-l1-1-0.dll
 0001:00013ad2       __p__commode               0000000140014ad2 f   ucrt:api-ms-win-crt-stdio-l1-1-0.dll
 0001:00013ad8       terminate                  0000000140014ad8 f   ucrt:api-ms-win-crt-runtime-l1-1-0.dll
 0001:00013ade       IsProcessorFeaturePresent  0000000140014ade f   kernel32:KERNEL32.dll
 0001:00013b00       _alloca_probe              0000000140014b00 f   MSVCRT:chkstk.obj
 0001:00013b00       __chkstk                   0000000140014b00 f   MSVCRT:chkstk.obj
 0001:00013b51       memcpy                     0000000140014b51 f   vcruntime:VCRUNTIME140.dll
 0001:00013b57       strcmp                     0000000140014b57 f   ucrt:api-ms-win-crt-string-l1-1-0.dll
 0001:00013b70       _guard_dispatch_icall_nop  0000000140014b70 f   MSVCRT:guard_dispatch.obj
 0002:00000000       __imp_FindFirstFileExW     0000000140015000     kernel32:KERNEL32.dll
 0002:00000008       __imp_GetFullPathNameW     0000000140015008     kernel32:KERNEL32.dll
 0002:00000010       __imp_FindNextFileW        0000000140015010     kernel32:KERNEL32.dll
 0002:00000018       __imp_FindClose            0000000140015018     kernel32:KERNEL32.dll
 0002:00000020       __imp_GetLastError         0000000140015020     kernel32:KERNEL32.dll
 0002:00000028       __imp_SetWaitableTimer     0000000140015028     kernel32:KERNEL32.dll
 0002:00000030       __imp_CreateWaitableTimerW 0000000140015030     kernel32:KERNEL32.dll
 0002:00000038       __imp_WaitForSingleObject  0000000140015038     kernel32:KERNEL32.dll
 0002:00000040       __imp_CloseHandle          0000000140015040     kernel32:KERNEL32.dll
 0002:00000048       __imp_IsDebuggerPresent    0000000140015048     kernel32:KERNEL32.dll
 0002:00000050       __imp_RtlVirtualUnwind     0000000140015050     kernel32:KERNEL32.dll
 0002:00000058       __imp_RtlLookupFunctionEntry 0000000140015058     kernel32:KERNEL32.dll
 0002:00000060       __imp_RtlCaptureContext    0000000140015060     kernel32:KERNEL32.dll
 0002:00000068       __imp_SetUnhandledExceptionFilter 0000000140015068     kernel32:KERNEL32.dll
 0002:00000070       __imp_IsProcessorFeaturePresent 0000000140015070     kernel32:KERNEL32.dll
 0002:00000078       __imp_GetModuleHandleW     0000000140015078     kernel32:KERNEL32.dll
 0002:00000080       __imp_QueryPerformanceCounter 0000000140015080     kernel32:KERNEL32.dll
 0002:00000088       __imp_GetCurrentProcessId  0000000140015088     kernel32:KERNEL32.dll
 0002:00000090       __imp_GetCurrentThreadId   0000000140015090     kernel32:KERNEL32.dll
 0002:00000098       __imp_GetSystemTimeAsFileTime 0000000140015098     kernel32:KERNEL32.dll
 0002:000000a0       __imp_InitializeSListHead  00000001400150a0     kernel32:KERNEL32.dll
 0002:000000a8       __imp_UnhandledExceptionFilter 00000001400150a8     kernel32:KERNEL32.dll
 0002:000000b0       \177KERNEL32_NULL_THUNK_DATA 00000001400150b0     kernel32:KERNEL32.dll
 0002:000000b8       __imp_??6?$basic_ostream@DU?$char_traits@D@std@@@std@@QEAAAEAV01@H@Z 00000001400150b8     msvcprt:MSVCP140.dll
 0002:000000c0       __imp_??6?$basic_ostream@DU?$char_traits@D@std@@@std@@QEAAAEAV01@G@Z 00000001400150c0     msvcprt:MSVCP140.dll
 0002:000000c8       __imp_??6?$basic_ostream@DU?$char_traits@D@std@@@std@@QEAAAEAV01@P6AAEAVios_base@1@AEAV21@@Z@Z 00000001400150c8     msvcprt:MSVCP140.dll
 0002:000000d0       __imp_?setstate@?$basic_ios@DU?$char_traits@D@std@@@std@@QEAAXH_N@Z 00000001400150d0     msvcprt:MSVCP140.dll
 0002:000000d8       __imp_?flush@?$basic_ostream@DU?$char_traits@D@std@@@std@@QEAAAEAV12@XZ 00000001400150d8     msvcprt:MSVCP140.dll
 0002:000000e0       __imp_?_Osfx@?$basic_ostream@DU?$char_traits@D@std@@@std@@QEAAXXZ 00000001400150e0     msvcprt:MSVCP140.dll
 0002:000000e8       __imp_?cout@std@@3V?$basic_ostream@DU?$char_traits@D@std@@@1@A 00000001400150e8     msvcprt:MSVCP140.dll
 0002:000000f0       __imp_?uncaught_exception@std@@YA_NXZ 00000001400150f0     msvcprt:MSVCP140.dll
 0002:000000f8       __imp_?sputn@?$basic_streambuf@DU?$char_traits@D@std@@@std@@QEAA_JPEBD_J@Z 00000001400150f8     msvcprt:MSVCP140.dll
 0002:00000100       __imp_?sputc@?$basic_streambuf@DU?$char_traits@D@std@@@std@@QEAAHD@Z 0000000140015100     msvcprt:MSVCP140.dll
 0002:00000108       \177MSVCP140_NULL_THUNK_DATA 0000000140015108     msvcprt:MSVCP140.dll
 0002:00000110       __imp_SDL_SetWindowTitle   0000000140015110     SDL2:SDL2.dll
 0002:00000118       __imp_SDL_RenderPresent    0000000140015118     SDL2:SDL2.dll
 0002:00000120       __imp_SDL_RenderSetLogicalSize 0000000140015120     SDL2:SDL2.dll
 0002:00000128       __imp_SDL_GetClipboardText 0000000140015128     SDL2:SDL2.dll
 0002:00000130       __imp_SDL_CreateWindowAndRenderer 0000000140015130     SDL2:SDL2.dll
 0002:00000138       __imp_SDL_ShowCursor       0000000140015138     SDL2:SDL2.dll
 0002:00000140       __imp_SDL_DestroyWindow    0000000140015140     SDL2:SDL2.dll
 0002:00000148       __imp_SDL_SetWindowResizable 0000000140015148     SDL2:SDL2.dll
 0002:00000150       __imp_SDL_SetWindowFullscreen 0000000140015150     SDL2:SDL2.dll
 0002:00000158       __imp_SDL_Quit             0000000140015158     SDL2:SDL2.dll
 0002:00000160       __imp_SDL_RenderClear      0000000140015160     SDL2:SDL2.dll
 0002:00000168       __imp_SDL_SetTextureColorMod 0000000140015168     SDL2:SDL2.dll
 0002:00000170       __imp_SDL_CreateTexture    0000000140015170     SDL2:SDL2.dll
 0002:00000178       __imp_SDL_SetHint          0000000140015178     SDL2:SDL2.dll
 0002:00000180       __imp_SDL_UpdateTexture    0000000140015180     SDL2:SDL2.dll
 0002:00000188       __imp_SDL_RenderCopy       0000000140015188     SDL2:SDL2.dll
 0002:00000190       __imp_SDL_GetTicks         0000000140015190     SDL2:SDL2.dll
 0002:00000198       __imp_SDL_DestroyRenderer  0000000140015198     SDL2:SDL2.dll
 0002:000001a0       __imp_SDL_GameControllerOpen 00000001400151a0     SDL2:SDL2.dll
 0002:000001a8       __imp_SDL_IsGameController 00000001400151a8     SDL2:SDL2.dll
 0002:000001b0       __imp_SDL_GetError         00000001400151b0     SDL2:SDL2.dll
 0002:000001b8       __imp_SDL_NumJoysticks     00000001400151b8     SDL2:SDL2.dll
 0002:000001c0       __imp_SDL_SetRenderDrawColor 00000001400151c0     SDL2:SDL2.dll
 0002:000001c8       __imp_SDL_RenderFillRect   00000001400151c8     SDL2:SDL2.dll
 0002:000001d0       __imp_SDL_GetModState      00000001400151d0     SDL2:SDL2.dll
 0002:000001d8       __imp_SDL_RenderDrawLine   00000001400151d8     SDL2:SDL2.dll
 0002:000001e0       __imp_SDL_PollEvent        00000001400151e0     SDL2:SDL2.dll
 0002:000001e8       __imp_SDL_Init             00000001400151e8     SDL2:SDL2.dll
 0002:000001f0       __imp_SDL_GameControllerGetButton 00000001400151f0     SDL2:SDL2.dll
 0002:000001f8       __imp_SDL_GetKeyboardState 00000001400151f8     SDL2:SDL2.dll
 0002:00000200       __imp_SDL_GetBasePath      0000000140015200     SDL2:SDL2.dll
 0002:00000208       \177SDL2_NULL_THUNK_DATA   0000000140015208     SDL2:SDL2.dll
 0002:00000210       __imp___C_specific_handler 0000000140015210     vcruntime:VCRUNTIME140.dll
 0002:00000218       __imp_strchr               0000000140015218     vcruntime:VCRUNTIME140.dll
 0002:00000220       __imp_memcpy               0000000140015220     vcruntime:VCRUNTIME140.dll
 0002:00000228       __imp_strstr               0000000140015228     vcruntime:VCRUNTIME140.dll
 0002:00000230       __imp__CxxThrowException   0000000140015230     vcruntime:VCRUNTIME140.dll
 0002:00000238       __imp___CxxFrameHandler3   0000000140015238     vcruntime:VCRUNTIME140.dll
 0002:00000240       __imp___std_terminate      0000000140015240     vcruntime:VCRUNTIME140.dll
 0002:00000248       __imp_memset               0000000140015248     vcruntime:VCRUNTIME140.dll
 0002:00000250       \177VCRUNTIME140_NULL_THUNK_DATA 0000000140015250     vcruntime:VCRUNTIME140.dll
 0002:00000258       __imp_wcstombs_s           0000000140015258     ucrt:api-ms-win-crt-convert-l1-1-0.dll
 0002:00000260       __imp_mbstowcs_s           0000000140015260     ucrt:api-ms-win-crt-convert-l1-1-0.dll
 0002:00000268       __imp_atoi                 0000000140015268     ucrt:api-ms-win-crt-convert-l1-1-0.dll
 0002:00000270       __imp_strtol               0000000140015270     ucrt:api-ms-win-crt-convert-l1-1-0.dll
 0002:00000278       \177api-ms-win-crt-convert-l1-1-0_NULL_THUNK_DATA 0000000140015278     ucrt:api-ms-win-crt-convert-l1-1-0.dll
 0002:00000280       __imp__stat64i32           0000000140015280     ucrt:api-ms-win-crt-filesystem-l1-1-0.dll
 0002:00000288       __imp__access              0000000140015288     ucrt:api-ms-win-crt-filesystem-l1-1-0.dll
 0002:00000290       \177api-ms-win-crt-filesystem-l1-1-0_NULL_THUNK_DATA 0000000140015290     ucrt:api-ms-win-crt-filesystem-l1-1-0.dll
 0002:00000298       __imp_free                 0000000140015298     ucrt:api-ms-win-crt-heap-l1-1-0.dll
 0002:000002a0       __imp__set_new_mode        00000001400152a0     ucrt:api-ms-win-crt-heap-l1-1-0.dll
 0002:000002a8       __imp_malloc               00000001400152a8     ucrt:api-ms-win-crt-heap-l1-1-0.dll
 0002:000002b0       \177api-ms-win-crt-heap-l1-1-0_NULL_THUNK_DATA 00000001400152b0     ucrt:api-ms-win-crt-heap-l1-1-0.dll
 0002:000002b8       __imp__configthreadlocale  00000001400152b8     ucrt:api-ms-win-crt-locale-l1-1-0.dll
 0002:000002c0       \177api-ms-win-crt-locale-l1-1-0_NULL_THUNK_DATA 00000001400152c0     ucrt:api-ms-win-crt-locale-l1-1-0.dll
 0002:000002c8       __imp___setusermatherr     00000001400152c8     ucrt:api-ms-win-crt-math-l1-1-0.dll
 0002:000002d0       \177api-ms-win-crt-math-l1-1-0_NULL_THUNK_DATA 00000001400152d0     ucrt:api-ms-win-crt-math-l1-1-0.dll
 0002:000002d8       __imp_terminate            00000001400152d8     ucrt:api-ms-win-crt-runtime-l1-1-0.dll
 0002:000002e0       __imp_exit                 00000001400152e0     ucrt:api-ms-win-crt-runtime-l1-1-0.dll
 0002:000002e8       __imp__configure_narrow_argv 00000001400152e8     ucrt:api-ms-win-crt-runtime-l1-1-0.dll
 0002:000002f0       __imp__initialize_narrow_environment 00000001400152f0     ucrt:api-ms-win-crt-runtime-l1-1-0.dll
 0002:000002f8       __imp__initialize_onexit_table 00000001400152f8     ucrt:api-ms-win-crt-runtime-l1-1-0.dll
 0002:00000300       __imp__register_onexit_function 0000000140015300     ucrt:api-ms-win-crt-runtime-l1-1-0.dll
 0002:00000308       __imp__crt_atexit          0000000140015308     ucrt:api-ms-win-crt-runtime-l1-1-0.dll
 0002:00000310       __imp__cexit               0000000140015310     ucrt:api-ms-win-crt-runtime-l1-1-0.dll
 0002:00000318       __imp__seh_filter_exe      0000000140015318     ucrt:api-ms-win-crt-runtime-l1-1-0.dll
 0002:00000320       __imp__set_errno           0000000140015320     ucrt:api-ms-win-crt-runtime-l1-1-0.dll
 0002:00000328       __imp__get_initial_narrow_environment 0000000140015328     ucrt:api-ms-win-crt-runtime-l1-1-0.dll
 0002:00000330       __imp__initterm            0000000140015330     ucrt:api-ms-win-crt-runtime-l1-1-0.dll
 0002:00000338       __imp__initterm_e          0000000140015338     ucrt:api-ms-win-crt-runtime-l1-1-0.dll
 0002:00000340       __imp__exit                0000000140015340     ucrt:api-ms-win-crt-runtime-l1-1-0.dll
 0002:00000348       __imp__register_thread_local_exe_atexit_callback 0000000140015348     ucrt:api-ms-win-crt-runtime-l1-1-0.dll
 0002:00000350       __imp___p___argc           0000000140015350     ucrt:api-ms-win-crt-runtime-l1-1-0.dll
 0002:00000358       __imp___p___argv           0000000140015358     ucrt:api-ms-win-crt-runtime-l1-1-0.dll
 0002:00000360       __imp__c_exit              0000000140015360     ucrt:api-ms-win-crt-runtime-l1-1-0.dll
 0002:00000368       __imp__set_app_type        0000000140015368     ucrt:api-ms-win-crt-runtime-l1-1-0.dll
 0002:00000370       \177api-ms-win-crt-runtime-l1-1-0_NULL_THUNK_DATA 0000000140015370     ucrt:api-ms-win-crt-runtime-l1-1-0.dll
 0002:00000378       __imp___p__commode         0000000140015378     ucrt:api-ms-win-crt-stdio-l1-1-0.dll
 0002:00000380       __imp_fopen_s              0000000140015380     ucrt:api-ms-win-crt-stdio-l1-1-0.dll
 0002:00000388       __imp_fputc                0000000140015388     ucrt:api-ms-win-crt-stdio-l1-1-0.dll
 0002:00000390       __imp_fputs                0000000140015390     ucrt:api-ms-win-crt-stdio-l1-1-0.dll
 0002:00000398       __imp_fwrite               0000000140015398     ucrt:api-ms-win-crt-stdio-l1-1-0.dll
 0002:000003a0       __imp_fflush               00000001400153a0     ucrt:api-ms-win-crt-stdio-l1-1-0.dll
 0002:000003a8       __imp_fopen                00000001400153a8     ucrt:api-ms-win-crt-stdio-l1-1-0.dll
 0002:000003b0       __imp_fclose               00000001400153b0     ucrt:api-ms-win-crt-stdio-l1-1-0.dll
 0002:000003b8       __imp_feof                 00000001400153b8     ucrt:api-ms-win-crt-stdio-l1-1-0.dll
 0002:000003c0       __imp___stdio_common_vsscanf 00000001400153c0     ucrt:api-ms-win-crt-stdio-l1-1-0.dll
 0002:000003c8       __imp_fseek                00000001400153c8     ucrt:api-ms-win-crt-stdio-l1-1-0.dll
 0002:000003d0       __imp__getcwd              00000001400153d0     ucrt:api-ms-win-crt-stdio-l1-1-0.dll
 0002:000003d8       __imp_fread                00000001400153d8     ucrt:api-ms-win-crt-stdio-l1-1-0.dll
 0002:000003e0       __imp___stdio_common_vsprintf 00000001400153e0     ucrt:api-ms-win-crt-stdio-l1-1-0.dll
 0002:000003e8       __imp___stdio_common_vfprintf 00000001400153e8     ucrt:api-ms-win-crt-stdio-l1-1-0.dll
 0002:000003f0       __imp___acrt_iob_func      00000001400153f0     ucrt:api-ms-win-crt-stdio-l1-1-0.dll
 0002:000003f8       __imp__set_fmode           00000001400153f8     ucrt:api-ms-win-crt-stdio-l1-1-0.dll
 0002:00000400       __imp_fgetc                0000000140015400     ucrt:api-ms-win-crt-stdio-l1-1-0.dll
 0002:00000408       \177api-ms-win-crt-stdio-l1-1-0_NULL_THUNK_DATA 0000000140015408     ucrt:api-ms-win-crt-stdio-l1-1-0.dll
 0002:00000410       __imp_isspace              0000000140015410     ucrt:api-ms-win-crt-string-l1-1-0.dll
 0002:00000418       __imp_strncpy              0000000140015418     ucrt:api-ms-win-crt-string-l1-1-0.dll
 0002:00000420       __imp_tolower              0000000140015420     ucrt:api-ms-win-crt-string-l1-1-0.dll
 0002:00000428       __imp_strcmp               0000000140015428     ucrt:api-ms-win-crt-string-l1-1-0.dll
 0002:00000430       \177api-ms-win-crt-string-l1-1-0_NULL_THUNK_DATA 0000000140015430     ucrt:api-ms-win-crt-string-l1-1-0.dll
 0002:00000438       __imp__time64              0000000140015438     ucrt:api-ms-win-crt-time-l1-1-0.dll
 0002:00000440       \177api-ms-win-crt-time-l1-1-0_NULL_THUNK_DATA 0000000140015440     ucrt:api-ms-win-crt-time-l1-1-0.dll
 0002:00000448       __imp_rand                 0000000140015448     ucrt:api-ms-win-crt-utility-l1-1-0.dll
 0002:00000450       __imp_srand                0000000140015450     ucrt:api-ms-win-crt-utility-l1-1-0.dll
 0002:00000458       \177api-ms-win-crt-utility-l1-1-0_NULL_THUNK_DATA 0000000140015458     ucrt:api-ms-win-crt-utility-l1-1-0.dll
 0002:00000460       __guard_check_icall_fptr   0000000140015460     MSVCRT:guard_support.obj
 0002:00000468       __guard_dispatch_icall_fptr 0000000140015468     MSVCRT:guard_support.obj
 0002:00000470       __xc_a                     0000000140015470     MSVCRT:initializers.obj
 0002:00000488       __xc_z                     0000000140015488     MSVCRT:initializers.obj
 0002:00000490       __xi_a                     0000000140015490     MSVCRT:initializers.obj
 0002:000004a8       __xi_z                     00000001400154a8     MSVCRT:initializers.obj
 0002:000004b0       __xp_a                     00000001400154b0     MSVCRT:initializers.obj
 0002:000004b8       __xp_z                     00000001400154b8     MSVCRT:initializers.obj
 0002:000004c0       __xt_a                     00000001400154c0     MSVCRT:initializers.obj
 0002:000004c8       __xt_z                     00000001400154c8     MSVCRT:initializers.obj
 0002:000004d8       ??_7type_info@@6B@         00000001400154d8     MSVCRT:std_type_info_static.obj
 0002:000004e0       ??_C@_0CB@HEPJEJOI@WARN?3?5Write?5Invalid?5register?5?$CFx@ 00000001400154e0     65c02incpp.obj
 0002:00000508       ??_C@_0CJ@DBLJJOLL@?6?$CK?$CK?$CK?$CK?$CK?$CK?$CK?$CK?$CK?$CK?$CK?$CK?$CK?$CK?$CK?$CK?$CK?$CK?$CK?$CK?$CK?$CK?$CK?$CK?$CK?$CK?$CK?$CK?$CK?$CK@ 0000000140015508     65c02incpp.obj
 0002:00000540       ??_C@_0EA@CEPIFFJC@?$CK?$CK?$CK?$CK?$CK?$CK?$CK?$CK?$CK?$CK?$CK?$CK?$CK?$CK?$CK?$CK?$CK?$CK?$CK?$CK?$CK?$CK?$CK?$CK?$CK?$CK?$CK?$CK?$CK?$CK?$CK@ 0000000140015540     65c02incpp.obj
 0002:00000580       ??_C@_05PJEGGFMP@BRK00@    0000000140015580     65c02incpp.obj
 0002:00000588       ??_C@_09MPOODFNE@ORA_izx01@ 0000000140015588     65c02incpp.obj
 0002:00000598       ??_C@_09FDJIHFIF@NOP_imm02@ 0000000140015598     65c02incpp.obj
 0002:000005a4       ??_C@_05LKMBHFNK@NOP03@    00000001400155a4     65c02incpp.obj
 0002:000005b0       ??_C@_08IELBJPOJ@TSB_zp04@ 00000001400155b0     65c02incpp.obj
 0002:000005c0       ??_C@_08EOHNGIAH@ORA_zp05@ 00000001400155c0     65c02incpp.obj
 0002:000005d0       ??_C@_08OPIBAI@ASL_zp06@   00000001400155d0     65c02incpp.obj
 0002:000005e0       ??_C@_09NMHLOCBK@RMB0_zp07@ 00000001400155e0     65c02incpp.obj
 0002:000005ec       ??_C@_05NCMJBDOK@PHP08@    00000001400155ec     65c02incpp.obj
 0002:000005f8       ??_C@_09LCDAFDOD@ORA_imm09@ 00000001400155f8     65c02incpp.obj
 0002:00000604       ??_C@_05OJEBEONP@ASL0A@    0000000140015604     65c02incpp.obj
 0002:0000060c       ??_C@_05IMOFDNGN@NOP0B@    000000014001560c     65c02incpp.obj
 0002:00000618       ??_C@_09PPJPJODA@TSB_abs0C@ 0000000140015618     65c02incpp.obj
 0002:00000628       ??_C@_09PGGEGBEI@ORA_abs0D@ 0000000140015628     65c02incpp.obj
 0002:00000638       ??_C@_09HNMIGBCI@ASL_abs0E@ 0000000140015638     65c02incpp.obj
 0002:00000648       ??_C@_0L@JMPCDBBP@BBR0_zpr0F@ 0000000140015648     65c02incpp.obj
 0002:00000658       ??_C@_09MDOAOKIG@BPL_rel10@ 0000000140015658     65c02incpp.obj
 0002:00000668       ??_C@_09HGJADIIG@ORA_izy11@ 0000000140015668     65c02incpp.obj
 0002:00000678       ??_C@_09CALFCEMP@ORA_izp12@ 0000000140015678     65c02incpp.obj
 0002:00000684       ??_C@_05LLADBPON@NOP13@    0000000140015684     65c02incpp.obj
 0002:00000690       ??_C@_08EJNJPFEA@TRB_zp14@ 0000000140015690     65c02incpp.obj
 0002:000006a0       ??_C@_09GFLCPCHD@ORA_zpx15@ 00000001400156a0     65c02incpp.obj
 0002:000006b0       ??_C@_09NMCIJAJB@ASL_zpx16@ 00000001400156b0     65c02incpp.obj
 0002:000006c0       ??_C@_09HLMOIDJJ@RMB1_zp17@ 00000001400156c0     65c02incpp.obj
 0002:000006cc       ??_C@_05OBGFFHFJ@CLC18@    00000001400156cc     65c02incpp.obj
 0002:000006d8       ??_C@_09CIKOMKA@ORA_aby19@ 00000001400156d8     65c02incpp.obj
 0002:000006e4       ??_C@_05MEMDOFOA@INC1A@    00000001400156e4     65c02incpp.obj
 0002:000006ec       ??_C@_05INCHFHFK@NOP1B@    00000001400156ec     65c02incpp.obj
 0002:000006f8       ??_C@_09OJCGOAEE@TRB_abs1C@ 00000001400156f8     65c02incpp.obj
 0002:00000708       ??_C@_09CAKHIMHO@ORA_abx1D@ 0000000140015708     65c02incpp.obj
 0002:00000718       ??_C@_09KLALIMBO@ASL_abx1E@ 0000000140015718     65c02incpp.obj
 0002:00000728       ??_C@_0L@FBJKFLLG@BBR1_zpr1F@ 0000000140015728     65c02incpp.obj
 0002:00000738       ??_C@_09LNNFOABL@JSR_abs20@ 0000000140015738     65c02incpp.obj
 0002:00000748       ??_C@_09NALHGOAI@AND_izx21@ 0000000140015748     65c02incpp.obj
 0002:00000758       ??_C@_09FABMKBOL@NOP_imm22@ 0000000140015758     65c02incpp.obj
 0002:00000764       ??_C@_05LJEFKBLE@NOP23@    0000000140015764     65c02incpp.obj
 0002:00000770       ??_C@_08LBJKPEGL@BIT_zp24@ 0000000140015770     65c02incpp.obj
 0002:00000780       ??_C@_08PMBHGMDI@AND_zp25@ 0000000140015780     65c02incpp.obj
 0002:00000790       ??_C@_08LNDCAPLG@ROL_zp26@ 0000000140015790     65c02incpp.obj
 0002:000007a0       ??_C@_09EIGACHFN@RMB2_zp27@ 00000001400157a0     65c02incpp.obj
 0002:000007ac       ??_C@_05CEMNGBEE@PLP28@    00000001400157ac     65c02incpp.obj
 0002:000007b8       ??_C@_09KNGJAIDP@AND_imm29@ 00000001400157b8     65c02incpp.obj
 0002:000007c4       ??_C@_05MKJHJAAH@ROL2A@    00000001400157c4     65c02incpp.obj
 0002:000007cc       ??_C@_05IPGBOJAD@NOP2B@    00000001400157cc     65c02incpp.obj
 0002:000007d8       ??_C@_09FFJBELLC@BIT_abs2C@ 00000001400157d8     65c02incpp.obj
 0002:000007e8       ??_C@_09OJDNDKJE@AND_abs2D@ 00000001400157e8     65c02incpp.obj
 0002:000007f8       ??_C@_09PICBDOMI@ROL_abs2E@ 00000001400157f8     65c02incpp.obj
 0002:00000808       ??_C@_0L@NNFDOCAM@BBR2_zpr2F@ 0000000140015808     65c02incpp.obj
 0002:00000818       ??_C@_09NFALJFKK@BMI_rel30@ 0000000140015818     65c02incpp.obj
 0002:00000828       ??_C@_09GJMJGDFK@AND_izy31@ 0000000140015828     65c02incpp.obj
 0002:00000838       ??_C@_09DPOMHPBD@AND_izp32@ 0000000140015838     65c02incpp.obj
 0002:00000844       ??_C@_05LIIHMLID@NOP33@    0000000140015844     65c02incpp.obj
 0002:00000850       ??_C@_09JABNHPAP@BIT_zpx34@ 0000000140015850     65c02incpp.obj
 0002:00000860       ??_C@_09HKOLKJKP@AND_zpx35@ 0000000140015860     65c02incpp.obj
 0002:00000870       ??_C@_09FJMBMPHB@ROL_zpx36@ 0000000140015870     65c02incpp.obj
 0002:00000880       ??_C@_09OPNFEGNO@RMB3_zp37@ 0000000140015880     65c02incpp.obj
 0002:0000088c       ??_C@_05OMCHODNN@SEC38@    000000014001588c     65c02incpp.obj
 0002:00000898       ??_C@_09BNNDLHHM@AND_aby39@ 0000000140015898     65c02incpp.obj
 0002:000008a4       ??_C@_05MAJBDEB@DEC3A@     00000001400158a4     65c02incpp.obj
 0002:000008ac       ??_C@_05IOKDIDDE@NOP3B@    00000001400158ac     65c02incpp.obj
 0002:000008b8       ??_C@_09IDFCKGIE@BIT_abx3C@ 00000001400158b8     65c02incpp.obj
 0002:000008c8       ??_C@_09DPPONHKC@AND_abx3D@ 00000001400158c8     65c02incpp.obj
 0002:000008d8       ??_C@_09COOCNDPO@ROL_abx3E@ 00000001400158d8     65c02incpp.obj
 0002:000008e8       ??_C@_0L@BADLIIKF@BBR3_zpr3F@ 00000001400158e8     65c02incpp.obj
 0002:000008f4       ??_C@_05NINAPCKD@RTI40@    00000001400158f4     65c02incpp.obj
 0002:00000900       ??_C@_09HAHOJOCP@EOR_izx41@ 0000000140015900     65c02incpp.obj
 0002:00000910       ??_C@_09FEJBNNFJ@NOP_imm42@ 0000000140015910     65c02incpp.obj
 0002:0000091c       ??_C@_05LNMINNAG@NOP43@    000000014001591c     65c02incpp.obj
 0002:00000928       ??_C@_08GBADFGFJ@NOP_zp44@ 0000000140015928     65c02incpp.obj
 0002:00000938       ??_C@_08GNNCOIOM@EOR_zp45@ 0000000140015938     65c02incpp.obj
 0002:00000948       ??_C@_08MBEICJBA@LSR_zp46@ 0000000140015948     65c02incpp.obj
 0002:00000958       ??_C@_09CPDNGONF@RMB4_zp47@ 0000000140015958     65c02incpp.obj
 0002:00000964       ??_C@_05DNGFILMM@PHA48@    0000000140015964     65c02incpp.obj
 0002:00000970       ??_C@_09NKAPIBI@EOR_imm49@ 0000000140015970     65c02incpp.obj
 0002:0000097c       ??_C@_05OCBANFHB@LSR4A@    000000014001597c     65c02incpp.obj
 0002:00000984       ??_C@_05ILOMJFLB@NOP4B@    0000000140015984     65c02incpp.obj
 0002:00000990       ??_C@_09JLGNCIAC@JMP_abs4C@ 0000000140015990     65c02incpp.obj
 0002:000009a0       ??_C@_09EJPEMKLD@EOR_abs4D@ 00000001400159a0     65c02incpp.obj
 0002:000009b0       ??_C@_09OGAOGBFN@LSR_abs4E@ 00000001400159b0     65c02incpp.obj
 0002:000009c0       ??_C@_0L@BPLBJHDJ@BBR4_zpr4F@ 00000001400159c0     65c02incpp.obj
 0002:000009d0       ??_C@_09GONDCJHM@BVC_rel50@ 00000001400159d0     65c02incpp.obj
 0002:000009e0       ??_C@_09MJAAJDHN@EOR_izy51@ 00000001400159e0     65c02incpp.obj
 0002:000009f0       ??_C@_09JPCFIPDE@EOR_izp52@ 00000001400159f0     65c02incpp.obj
 0002:000009fc       ??_C@_05LMAKLHDB@NOP53@    00000001400159fc     65c02incpp.obj
 0002:00000a08       ??_C@_09HJPMJEED@NOP_zpx54@ 0000000140015a08     65c02incpp.obj
 0002:00000a18       ??_C@_09NKCCFJII@EOR_zpx55@ 0000000140015a18     65c02incpp.obj
 0002:00000a28       ??_C@_09EHOOJAOE@LSR_zpx56@ 0000000140015a28     65c02incpp.obj
 0002:00000a38       ??_C@_09IIIIAPFG@RMB5_zp57@ 0000000140015a38     65c02incpp.obj
 0002:00000a44       ??_C@_05IJNBBPOB@CLI58@    0000000140015a44     65c02incpp.obj
 0002:00000a50       ??_C@_09LNBKEHFL@EOR_aby59@ 0000000140015a50     65c02incpp.obj
 0002:00000a5c       ??_C@_05FHPHFMDE@PHY5A@    0000000140015a5c     65c02incpp.obj
 0002:00000a64       ??_C@_05IKCOPPIG@NOP5B@    0000000140015a64     65c02incpp.obj
 0002:00000a70       ??_C@_09LNLCMKMJ@NOP_abs5C@ 0000000140015a70     65c02incpp.obj
 0002:00000a80       ??_C@_09JPDHCHIF@EOR_abx5D@ 0000000140015a80     65c02incpp.obj
 0002:00000a90       ??_C@_09DAMNIMGL@LSR_abx5E@ 0000000140015a90     65c02incpp.obj
 0002:00000aa0       ??_C@_0L@NCNJPNJA@BBR5_zpr5F@ 0000000140015aa0     65c02incpp.obj
 0002:00000aac       ??_C@_05OEPAJBDG@RTS60@    0000000140015aac     65c02incpp.obj
 0002:00000ab8       ??_C@_09EIFFEFFD@ADC_izx61@ 0000000140015ab8     65c02incpp.obj
 0002:00000ac8       ??_C@_09FHBFAJDH@NOP_imm62@ 0000000140015ac8     65c02incpp.obj
 0002:00000ad4       ??_C@_05LOEMAJGI@NOP63@    0000000140015ad4     65c02incpp.obj
 0002:00000ae0       ??_C@_08LKKJFFCC@STZ_zp64@ 0000000140015ae0     65c02incpp.obj
 0002:00000af0       ??_C@_08KPHJOGKC@ADC_zp65@ 0000000140015af0     65c02incpp.obj
 0002:00000b00       ??_C@_08INNKEAPJ@ROR_zp66@ 0000000140015b00     65c02incpp.obj
 0002:00000b10       ??_C@_09LLCGKLJC@RMB6_zp67@ 0000000140015b10     65c02incpp.obj
 0002:00000b1c       ??_C@_05MLGBPJGC@PLA68@    0000000140015b1c     65c02incpp.obj
 0002:00000b28       ??_C@_09DFILCDGE@ADC_imm69@ 0000000140015b28     65c02incpp.obj
 0002:00000b34       ??_C@_05HNFIBIHH@ROR6A@    0000000140015b34     65c02incpp.obj
 0002:00000b3c       ??_C@_05IIGIEBNP@NOP6B@    0000000140015b3c     65c02incpp.obj
 0002:00000b48       ??_C@_09HMIEPMCG@JMP_ind6C@ 0000000140015b48     65c02incpp.obj
 0002:00000b58       ??_C@_09HBNPBBMP@ADC_abs6D@ 0000000140015b58     65c02incpp.obj
 0002:00000b68       ??_C@_09JGBJLFAN@ROR_abs6E@ 0000000140015b68     65c02incpp.obj
 0002:00000b78       ??_C@_0L@FOBAEECK@BBR6_zpr6F@ 0000000140015b78     65c02incpp.obj
 0002:00000b88       ??_C@_09BBOMMMDJ@BVS_rel70@ 0000000140015b88     65c02incpp.obj
 0002:00000b98       ??_C@_09PBCLEIAB@ADC_izy71@ 0000000140015b98     65c02incpp.obj
 0002:00000ba8       ??_C@_09KHAOFEEI@ADC_izp72@ 0000000140015ba8     65c02incpp.obj
 0002:00000bb4       ??_C@_05LPIOGDFP@NOP73@    0000000140015bb4     65c02incpp.obj
 0002:00000bc0       ??_C@_09BHHNIKBB@STZ_zpx74@ 0000000140015bc0     65c02incpp.obj
 0002:00000bd0       ??_C@_09OCAJICPE@ADC_zpx75@ 0000000140015bd0     65c02incpp.obj
 0002:00000be0       ??_C@_09DHPJEELE@ROR_zpx76@ 0000000140015be0     65c02incpp.obj
 0002:00000bf0       ??_C@_09BMJDMKBB@RMB7_zp77@ 0000000140015bf0     65c02incpp.obj
 0002:00000bfc       ??_C@_05IEJDKLGF@SEI78@    0000000140015bfc     65c02incpp.obj
 0002:00000c08       ??_C@_09IFDBJMCH@ADC_aby79@ 0000000140015c08     65c02incpp.obj
 0002:00000c14       ??_C@_05KBPDCOJK@PLY7A@    0000000140015c14     65c02incpp.obj
 0002:00000c1c       ??_C@_05IJKKCLOI@NOP7B@    0000000140015c1c     65c02incpp.obj
 0002:00000c28       ??_C@_09OFNJOJOH@JMP_iax7C@ 0000000140015c28     65c02incpp.obj
 0002:00000c38       ??_C@_09KHBMPMPJ@ADC_abx7D@ 0000000140015c38     65c02incpp.obj
 0002:00000c48       ??_C@_09EANKFIDL@ROR_abx7E@ 0000000140015c48     65c02incpp.obj
 0002:00000c58       ??_C@_0L@JDHICOID@BBR7_zpr7F@ 0000000140015c58     65c02incpp.obj
 0002:00000c68       ??_C@_09HJMCOMFO@BRA_rel80@ 0000000140015c68     65c02incpp.obj
 0002:00000c78       ??_C@_09IPHFHMIA@STA_izx81@ 0000000140015c78     65c02incpp.obj
 0002:00000c88       ??_C@_09FNILCEDN@NOP_imm82@ 0000000140015c88     65c02incpp.obj
 0002:00000c94       ??_C@_05LENCCEGC@NOP83@    0000000140015c94     65c02incpp.obj
 0002:00000ca0       ??_C@_08IBNPGCLF@STY_zp84@ 0000000140015ca0     65c02incpp.obj
 0002:00000cb0       ??_C@_08MMPFIBFN@STA_zp85@ 0000000140015cb0     65c02incpp.obj
 0002:00000cc0       ??_C@_08BFJOALID@STX_zp86@ 0000000140015cc0     65c02incpp.obj
 0002:00000cd0       ??_C@_09DNKKNIJM@SMB0_zp87@ 0000000140015cd0     65c02incpp.obj
 0002:00000cdc       ??_C@_05MBAFIJOE@DEY88@    0000000140015cdc     65c02incpp.obj
 0002:00000ce8       ??_C@_09FDBDGKAI@BIT_imm89@ 0000000140015ce8     65c02incpp.obj
 0002:00000cf4       ??_C@_05DBPDGFID@TXA8A@    0000000140015cf4     65c02incpp.obj
 0002:00000cfc       ??_C@_05ICPGGMNF@NOP8B@    0000000140015cfc     65c02incpp.obj
 0002:00000d08       ??_C@_09FGOAJEEF@STY_abs8C@ 0000000140015d08     65c02incpp.obj
 0002:00000d18       ??_C@_09LGPPCIBM@STA_abs8D@ 0000000140015d18     65c02incpp.obj
 0002:00000d28       ??_C@_09MMBADDFN@STX_abs8E@ 0000000140015d28     65c02incpp.obj
 0002:00000d38       ??_C@_0L@IFJKHEOE@BBS0_zpr8F@ 0000000140015d38     65c02incpp.obj
 0002:00000d48       ??_C@_09IBJONHCG@BCC_rel90@ 0000000140015d48     65c02incpp.obj
 0002:00000d58       ??_C@_09DGALHBNC@STA_izy91@ 0000000140015d58     65c02incpp.obj
 0002:00000d68       ??_C@_09GACOGNJL@STA_izp92@ 0000000140015d68     65c02incpp.obj
 0002:00000d74       ??_C@_05LFBAEOFF@NOP93@    0000000140015d74     65c02incpp.obj
 0002:00000d80       ??_C@_09JDGMKAPI@STY_zpx94@ 0000000140015d80     65c02incpp.obj
 0002:00000d90       ??_C@_09CFCJLLCH@STA_zpx95@ 0000000140015d90     65c02incpp.obj
 0002:00000da0       ??_C@_09NFEMKFIB@STX_zpy96@ 0000000140015da0     65c02incpp.obj
 0002:00000db0       ??_C@_09JKBPLJBP@SMB1_zp97@ 0000000140015db0     65c02incpp.obj
 0002:00000dbc       ??_C@_05PDKMOELL@TYA98@    0000000140015dbc     65c02incpp.obj
 0002:00000dc8       ??_C@_09ECBBKFPE@STA_aby99@ 0000000140015dc8     65c02incpp.obj
 0002:00000dd4       ??_C@_05MKCBJAKA@TXS9A@    0000000140015dd4     65c02incpp.obj
 0002:00000ddc       ??_C@_05IDDEAGOC@NOP9B@    0000000140015ddc     65c02incpp.obj
 0002:00000de8       ??_C@_09NJKNPJJB@STZ_abs9C@ 0000000140015de8     65c02incpp.obj
 0002:00000df8       ??_C@_09GADMMFCK@STA_abx9D@ 0000000140015df8     65c02incpp.obj
 0002:00000e08       ??_C@_09FIPGNJBG@STZ_abx9E@ 0000000140015e08     65c02incpp.obj
 0002:00000e18       ??_C@_0L@EIPCBOEN@BBS1_zpr9F@ 0000000140015e18     65c02incpp.obj
 0002:00000e28       ??_C@_09KNHCEAKL@LDY_immA0@ 0000000140015e28     65c02incpp.obj
 0002:00000e38       ??_C@_09KODALHEL@LDA_izxA1@ 0000000140015e38     65c02incpp.obj
 0002:00000e48       ??_C@_09FDOOCCLH@LDX_immA2@ 0000000140015e48     65c02incpp.obj
 0002:00000e54       ??_C@_05OPPCHHLN@NOPA3@    0000000140015e54     65c02incpp.obj
 0002:00000e60       ??_C@_08NFDNINOB@LDY_zpA4@ 0000000140015e60     65c02incpp.obj
 0002:00000e70       ??_C@_08JIBHGOAJ@LDA_zpA5@ 0000000140015e70     65c02incpp.obj
 0002:00000e80       ??_C@_08EBHMOENH@LDX_zpA6@ 0000000140015e80     65c02incpp.obj
 0002:00000e90       ??_C@_09PBBFJKGK@SMB2_zpA7@ 0000000140015e90     65c02incpp.obj
 0002:00000e9c       ??_C@_05GMHDHOGA@TAYA8@    0000000140015e9c     65c02incpp.obj
 0002:00000ea8       ??_C@_09NDOONBHM@LDA_immA9@ 0000000140015ea8     65c02incpp.obj
 0002:00000eb4       ??_C@_05CKDCNLLK@TAXAA@    0000000140015eb4     65c02incpp.obj
 0002:00000ebc       ??_C@_05NJNGDPAK@NOPAB@    0000000140015ebc     65c02incpp.obj
 0002:00000ec8       ??_C@_09HHKFFPIO@LDY_absAC@ 0000000140015ec8     65c02incpp.obj
 0002:00000ed8       ??_C@_09JHLKODNH@LDA_absAD@ 0000000140015ed8     65c02incpp.obj
 0002:00000ee8       ??_C@_09ONFFPIJG@LDX_absAE@ 0000000140015ee8     65c02incpp.obj
 0002:00000ef8       ??_C@_0L@JMJPCAEG@BBS2_zprAF@ 0000000140015ef8     65c02incpp.obj
 0002:00000f08       ??_C@_09KFIBGBLM@BCS_relB0@ 0000000140015f08     65c02incpp.obj
 0002:00000f18       ??_C@_09BEMKGOHH@LDA_izyB1@ 0000000140015f18     65c02incpp.obj
 0002:00000f28       ??_C@_09ECOPHCDO@LDA_izpB2@ 0000000140015f28     65c02incpp.obj
 0002:00000f34       ??_C@_05ONLEMJOE@NOPB3@    0000000140015f34     65c02incpp.obj
 0002:00000f40       ??_C@_09LBKNLPFN@LDY_zpxB4@ 0000000140015f40     65c02incpp.obj
 0002:00000f50       ??_C@_09HOIKEIC@LDA_zpxB5@ 0000000140015f50     65c02incpp.obj
 0002:00000f60       ??_C@_09PHINLKCE@LDX_zpyB6@ 0000000140015f60     65c02incpp.obj
 0002:00000f70       ??_C@_09FFCECPIH@SMB3_zpB7@ 0000000140015f70     65c02incpp.obj
 0002:00000f7c       ??_C@_05NABFCGPN@CLVB8@    0000000140015f7c     65c02incpp.obj
 0002:00000f88       ??_C@_09GANALKFB@LDA_abyB9@ 0000000140015f88     65c02incpp.obj
 0002:00000f94       ??_C@_05DCFEKBAB@TSXBA@    0000000140015f94     65c02incpp.obj
 0002:00000f9c       ??_C@_05NLJAIBFD@NOPBB@    0000000140015f9c     65c02incpp.obj
 0002:00000fa8       ??_C@_09KCOCGGNG@LDY_abxBC@ 0000000140015fa8     65c02incpp.obj
 0002:00000fb8       ??_C@_09ECPNNKIP@LDA_abxBD@ 0000000140015fb8     65c02incpp.obj
 0002:00000fc8       ??_C@_09IAKOKGKL@LDX_abyBE@ 0000000140015fc8     65c02incpp.obj
 0002:00000fd8       ??_C@_0L@FCHDJOIB@BBS3_zprBF@ 0000000140015fd8     65c02incpp.obj
 0002:00000fe8       ??_C@_09KONBNMDF@CPY_immC0@ 0000000140015fe8     65c02incpp.obj
 0002:00000ff8       ??_C@_09EAANLPEG@CMP_izxC1@ 0000000140015ff8     65c02incpp.obj
 0002:00001008       ??_C@_09FCPKDIM@NOP_immC2@ 0000000140016008     65c02incpp.obj
 0002:00001014       ??_C@_05OMHGKDND@NOPC3@    0000000140016014     65c02incpp.obj
 0002:00001020       ??_C@_08PBPBKJIP@CPY_zpC4@ 0000000140016020     65c02incpp.obj
 0002:00001030       ??_C@_08JKMMPJOH@CMP_zpC5@ 0000000140016030     65c02incpp.obj
 0002:00001040       ??_C@_08FAFDFKAL@DEC_zpC6@ 0000000140016040     65c02incpp.obj
 0002:00001050       ??_C@_09JBEBHLDO@SMB4_zpC7@ 0000000140016050     65c02incpp.obj
 0002:0000105c       ??_C@_05FCOPCMJK@INYC8@    000000014001605c     65c02incpp.obj
 0002:00001068       ??_C@_09DNNDNJHB@CMP_immC9@ 0000000140016068     65c02incpp.obj
 0002:00001074       ??_C@_05NPOAKLIP@DEXCA@    0000000140016074     65c02incpp.obj
 0002:0000107c       ??_C@_05GMKKBOED@WAICB@    000000014001607c     65c02incpp.obj
 0002:00001088       ??_C@_09HEAGMDBA@CPY_absCC@ 0000000140016088     65c02incpp.obj
 0002:00001098       ??_C@_09HJIHOLNK@CMP_absCD@ 0000000140016098     65c02incpp.obj
 0002:000010a8       ??_C@_09MLKMFFDC@DEC_absCE@ 00000001400160a8     65c02incpp.obj
 0002:000010b8       ??_C@_0L@FJHEPNKP@BBS4_zprCF@ 00000001400160b8     65c02incpp.obj
 0002:000010c8       ??_C@_09OKJHMCPF@BNE_relD0@ 00000001400160c8     65c02incpp.obj
 0002:000010d8       ??_C@_09PNPOMOKG@CMP_izyD1@ 00000001400160d8     65c02incpp.obj
 0002:000010e8       ??_C@_09KLNLNCOP@CMP_izpD2@ 00000001400160e8     65c02incpp.obj
 0002:000010f4       ??_C@_05OJDJLFFG@NOPD3@    00000001400160f4     65c02incpp.obj
 0002:00001100       ??_C@_09CMMPJGCE@NOP_zpxD4@ 0000000140016100     65c02incpp.obj
 0002:00001110       ??_C@_09OONMAEFD@CMP_zpxD5@ 0000000140016110     65c02incpp.obj
 0002:00001120       ??_C@_09GOMBNIDJ@DEC_zpxD6@ 0000000140016120     65c02incpp.obj
 0002:00001130       ??_C@_09DCHJGGAP@SMB5_zpD7@ 0000000140016130     65c02incpp.obj
 0002:0000113c       ??_C@_05COIIMFFL@CLDD8@    000000014001613c     65c02incpp.obj
 0002:00001148       ??_C@_09IJOEBKIA@CMP_abyD9@ 0000000140016148     65c02incpp.obj
 0002:00001154       ??_C@_05LKHIDJDG@PHXDA@    0000000140016154     65c02incpp.obj
 0002:0000115c       ??_C@_05HHGFEKDH@STPDB@    000000014001615c     65c02incpp.obj
 0002:00001168       ??_C@_09OIIBMIKO@NOP_absDC@ 0000000140016168     65c02incpp.obj
 0002:00001178       ??_C@_09KLMJHKFO@CMP_abxDD@ 0000000140016178     65c02incpp.obj
 0002:00001188       ??_C@_09BJOCMELG@DEC_abxDE@ 0000000140016188     65c02incpp.obj
 0002:00001198       ??_C@_0L@JAJBOLLE@BBS5_zprDF@ 0000000140016198     65c02incpp.obj
 0002:000011a8       ??_C@_09GGPGKABJ@CPX_immE0@ 00000001400161a8     65c02incpp.obj
 0002:000011b8       ??_C@_09EOKDLLAF@SBC_izxE1@ 00000001400161b8     65c02incpp.obj
 0002:000011c8       ??_C@_09BKCNPDO@NOP_immE2@ 00000001400161c8     65c02incpp.obj
 0002:000011d4       ??_C@_05OIPLNPGB@NOPE3@    00000001400161d4     65c02incpp.obj
 0002:000011e0       ??_C@_08FDALNOIJ@CPX_zpE4@ 00000001400161e0     65c02incpp.obj
 0002:000011f0       ??_C@_08LNJHFDNL@SBC_zpE5@ 00000001400161f0     65c02incpp.obj
 0002:00001200       ??_C@_08PIPLNNLI@INC_zpE6@ 0000000140016200     65c02incpp.obj
 0002:00001210       ??_C@_09CFDBGKF@SMB6_zpE7@ 0000000140016210     65c02incpp.obj
 0002:0000121c       ??_C@_05OONODHEN@INXE8@    000000014001621c     65c02incpp.obj
 0002:00001228       ??_C@_09DDHNNNDC@SBC_immE9@ 0000000140016228     65c02incpp.obj
 0002:00001234       ??_C@_05PFPCMEBF@NOPEA@    0000000140016234     65c02incpp.obj
 0002:0000123c       ??_C@_05NONPJHNG@NOPEB@    000000014001623c     65c02incpp.obj
 0002:00001248       ??_C@_09LMCBLPDM@CPX_absEC@ 0000000140016248     65c02incpp.obj
 0002:00001258       ??_C@_09HHCJOPJJ@SBC_absED@ 0000000140016258     65c02incpp.obj
 0002:00001268       ??_C@_09LIIKDMON@INC_absEE@ 0000000140016268     65c02incpp.obj
 0002:00001278       ??_C@_0L@BPNMIGGA@BBS6_zprEF@ 0000000140016278     65c02incpp.obj
 0002:00001288       ??_C@_09JDLHLHJH@BEQ_relF0@ 0000000140016288     65c02incpp.obj
 0002:00001298       ??_C@_09PEFJGCDJ@SBC_izyF1@ 0000000140016298     65c02incpp.obj
 0002:000012a8       ??_C@_09KCHMHOHA@SBC_izpF2@ 00000001400162a8     65c02incpp.obj
 0002:000012b4       ??_C@_05OKLNGBDI@NOPF3@    00000001400162b4     65c02incpp.obj
 0002:000012c0       ??_C@_09CPELECEK@NOP_zpxF4@ 00000001400162c0     65c02incpp.obj
 0002:000012d0       ??_C@_09OHHLKIMM@SBC_zpxF5@ 00000001400162d0     65c02incpp.obj
 0002:000012e0       ??_C@_09BKOOBJDK@INC_zpxF6@ 00000001400162e0     65c02incpp.obj
 0002:000012f0       ??_C@_09KGGCKDEI@SMB7_zpF7@ 00000001400162f0     65c02incpp.obj
 0002:000012fc       ??_C@_05CDMKHBNP@SEDF8@    00000001400162fc     65c02incpp.obj
 0002:00001308       ??_C@_09IAEDLGBP@SBC_abyF9@ 0000000140016308     65c02incpp.obj
 0002:00001314       ??_C@_05EMHMELJI@PLXFA@    0000000140016314     65c02incpp.obj
 0002:0000131c       ??_C@_05NMJJCJIP@NOPFB@    000000014001631c     65c02incpp.obj
 0002:00001328       ??_C@_09OLAFBMMA@NOP_absFC@ 0000000140016328     65c02incpp.obj
 0002:00001338       ??_C@_09KCGONGMB@SBC_abxFD@ 0000000140016338     65c02incpp.obj
 0002:00001348       ??_C@_09GNMNAFLF@INC_abxFE@ 0000000140016348     65c02incpp.obj
 0002:00001358       ??_C@_0L@NGJMDNJB@BBS7_ZprFF@ 0000000140016358     65c02incpp.obj
 0002:00001364       ??_C@_06LNDOODMG@?$CF04x?3?5@ 0000000140016364     65c02incpp.obj
 0002:0000136c       ??_C@_02DKCKIIND@?$CFs@    000000014001636c     65c02incpp.obj
 0002:00001370       ??_C@_08LEAIBAKL@?5?$CD$?$CF02x?5@ 0000000140016370     65c02incpp.obj
 0002:00001380       ??_C@_07DLFNFOCM@?5$?$CF02x?5@ 0000000140016380     65c02incpp.obj
 0002:00001388       ??_C@_09DAFCIOPC@?5$?$CF02x?0x?5@ 0000000140016388     65c02incpp.obj
 0002:00001398       ??_C@_09DBJAOEMF@?5$?$CF02x?0y?5@ 0000000140016398     65c02incpp.obj
 0002:000013a8       ??_C@_07BODGABPA@?5$?$CF04x?5@ 00000001400163a8     65c02incpp.obj
 0002:000013b0       ??_C@_09OGALGNOP@?5$?$CF04x?0x?5@ 00000001400163b0     65c02incpp.obj
[...]
 0004:0000072c       $pdata$?EOR_zpx55@@YAXPEAUemulate65c02@@@Z 000000014018e72c     65c02incpp.obj
 0004:00000738       $pdata$?EOR_izp52@@YAXPEAUemulate65c02@@@Z 000000014018e738     65c02incpp.obj
 0004:00000744       $pdata$?EOR_izy51@@YAXPEAUemulate65c02@@@Z 000000014018e744     65c02incpp.obj
 0004:00000750       $pdata$?BVC_rel50@@YAXPEAUemulate65c02@@@Z 000000014018e750     65c02incpp.obj
 0004:0000075c       $pdata$?BBR4_zpr4F@@YAXPEAUemulate65c02@@@Z 000000014018e75c     65c02incpp.obj
 0004:00000768       $pdata$?LSR_abs4E@@YAXPEAUemulate65c02@@@Z 000000014018e768     65c02incpp.obj
 0004:00000774       $pdata$?EOR_abs4D@@YAXPEAUemulate65c02@@@Z 000000014018e774     65c02incpp.obj
 0004:00000780       $pdata$?JMP_abs4C@@YAXPEAUemulate65c02@@@Z 000000014018e780     65c02incpp.obj
 0004:0000078c       $pdata$?EOR_imm49@@YAXPEAUemulate65c02@@@Z 000000014018e78c     65c02incpp.obj
 0004:00000798       $pdata$?PHA48@@YAXPEAUemulate65c02@@@Z 000000014018e798     65c02incpp.obj
 0004:000007a4       $pdata$?RMB4_zp47@@YAXPEAUemulate65c02@@@Z 000000014018e7a4     65c02incpp.obj
 0004:000007b0       $pdata$?LSR_zp46@@YAXPEAUemulate65c02@@@Z 000000014018e7b0     65c02incpp.obj
 0004:000007bc       $pdata$?EOR_zp45@@YAXPEAUemulate65c02@@@Z 000000014018e7bc     65c02incpp.obj
 0004:000007c8       $pdata$?NOP_zp44@@YAXPEAUemulate65c02@@@Z 000000014018e7c8     65c02incpp.obj
 0004:000007d4       $pdata$?EOR_izx41@@YAXPEAUemulate65c02@@@Z 000000014018e7d4     65c02incpp.obj
 0004:000007e0       $pdata$?RTI40@@YAXPEAUemulate65c02@@@Z 000000014018e7e0     65c02incpp.obj
 0004:000007ec       $pdata$?BBR3_zpr3F@@YAXPEAUemulate65c02@@@Z 000000014018e7ec     65c02incpp.obj
 0004:000007f8       $pdata$?ROL_abx3E@@YAXPEAUemulate65c02@@@Z 000000014018e7f8     65c02incpp.obj
 0004:00000804       $pdata$?AND_abx3D@@YAXPEAUemulate65c02@@@Z 000000014018e804     65c02incpp.obj
 0004:00000810       $pdata$?BIT_abx3C@@YAXPEAUemulate65c02@@@Z 000000014018e810     65c02incpp.obj
 0004:0000081c       $pdata$?AND_aby39@@YAXPEAUemulate65c02@@@Z 000000014018e81c     65c02incpp.obj
 0004:00000828       $pdata$?RMB3_zp37@@YAXPEAUemulate65c02@@@Z 000000014018e828     65c02incpp.obj
 0004:00000834       $pdata$?ROL_zpx36@@YAXPEAUemulate65c02@@@Z 000000014018e834     65c02incpp.obj
 0004:00000840       $pdata$?AND_zpx35@@YAXPEAUemulate65c02@@@Z 000000014018e840     65c02incpp.obj
 0004:0000084c       $pdata$?BIT_zpx34@@YAXPEAUemulate65c02@@@Z 000000014018e84c     65c02incpp.obj
 0004:00000858       $pdata$?AND_izp32@@YAXPEAUemulate65c02@@@Z 000000014018e858     65c02incpp.obj
 0004:00000864       $pdata$?AND_izy31@@YAXPEAUemulate65c02@@@Z 000000014018e864     65c02incpp.obj
 0004:00000870       $pdata$?BMI_rel30@@YAXPEAUemulate65c02@@@Z 000000014018e870     65c02incpp.obj
 0004:0000087c       $pdata$?BBR2_zpr2F@@YAXPEAUemulate65c02@@@Z 000000014018e87c     65c02incpp.obj
 0004:00000888       $pdata$?ROL_abs2E@@YAXPEAUemulate65c02@@@Z 000000014018e888     65c02incpp.obj
 0004:00000894       $pdata$?AND_abs2D@@YAXPEAUemulate65c02@@@Z 000000014018e894     65c02incpp.obj
 0004:000008a0       $pdata$?BIT_abs2C@@YAXPEAUemulate65c02@@@Z 000000014018e8a0     65c02incpp.obj
 0004:000008ac       $pdata$?AND_imm29@@YAXPEAUemulate65c02@@@Z 000000014018e8ac     65c02incpp.obj
 0004:000008b8       $pdata$?PLP28@@YAXPEAUemulate65c02@@@Z 000000014018e8b8     65c02incpp.obj
 0004:000008c4       $pdata$?RMB2_zp27@@YAXPEAUemulate65c02@@@Z 000000014018e8c4     65c02incpp.obj
 0004:000008d0       $pdata$?ROL_zp26@@YAXPEAUemulate65c02@@@Z 000000014018e8d0     65c02incpp.obj
 0004:000008dc       $pdata$?AND_zp25@@YAXPEAUemulate65c02@@@Z 000000014018e8dc     65c02incpp.obj
 0004:000008e8       $pdata$?BIT_zp24@@YAXPEAUemulate65c02@@@Z 000000014018e8e8     65c02incpp.obj
 0004:000008f4       $pdata$?AND_izx21@@YAXPEAUemulate65c02@@@Z 000000014018e8f4     65c02incpp.obj
 0004:00000900       $pdata$?JSR_abs20@@YAXPEAUemulate65c02@@@Z 000000014018e900     65c02incpp.obj
 0004:0000090c       $pdata$?BBR1_zpr1F@@YAXPEAUemulate65c02@@@Z 000000014018e90c     65c02incpp.obj
 0004:00000918       $pdata$?ASL_abx1E@@YAXPEAUemulate65c02@@@Z 000000014018e918     65c02incpp.obj
 0004:00000924       $pdata$?ORA_abx1D@@YAXPEAUemulate65c02@@@Z 000000014018e924     65c02incpp.obj
 0004:00000930       $pdata$?TRB_abs1C@@YAXPEAUemulate65c02@@@Z 000000014018e930     65c02incpp.obj
 0004:0000093c       $pdata$?ORA_aby19@@YAXPEAUemulate65c02@@@Z 000000014018e93c     65c02incpp.obj
 0004:00000948       $pdata$?RMB1_zp17@@YAXPEAUemulate65c02@@@Z 000000014018e948     65c02incpp.obj
 0004:00000954       $pdata$?ASL_zpx16@@YAXPEAUemulate65c02@@@Z 000000014018e954     65c02incpp.obj
 0004:00000960       $pdata$?ORA_zpx15@@YAXPEAUemulate65c02@@@Z 000000014018e960     65c02incpp.obj
 0004:0000096c       $pdata$?TRB_zp14@@YAXPEAUemulate65c02@@@Z 000000014018e96c     65c02incpp.obj
 0004:00000978       $pdata$?ORA_izp12@@YAXPEAUemulate65c02@@@Z 000000014018e978     65c02incpp.obj
 0004:00000984       $pdata$?ORA_izy11@@YAXPEAUemulate65c02@@@Z 000000014018e984     65c02incpp.obj
 0004:00000990       $pdata$?BPL_rel10@@YAXPEAUemulate65c02@@@Z 000000014018e990     65c02incpp.obj
 0004:0000099c       $pdata$?BBR0_zpr0F@@YAXPEAUemulate65c02@@@Z 000000014018e99c     65c02incpp.obj
 0004:000009a8       $pdata$?ASL_abs0E@@YAXPEAUemulate65c02@@@Z 000000014018e9a8     65c02incpp.obj
 0004:000009b4       $pdata$?ORA_abs0D@@YAXPEAUemulate65c02@@@Z 000000014018e9b4     65c02incpp.obj
 0004:000009c0       $pdata$?TSB_abs0C@@YAXPEAUemulate65c02@@@Z 000000014018e9c0     65c02incpp.obj
 0004:000009cc       $pdata$?ORA_imm09@@YAXPEAUemulate65c02@@@Z 000000014018e9cc     65c02incpp.obj
 0004:000009d8       $pdata$?PHP08@@YAXPEAUemulate65c02@@@Z 000000014018e9d8     65c02incpp.obj
 0004:000009e4       $pdata$?RMB0_zp07@@YAXPEAUemulate65c02@@@Z 000000014018e9e4     65c02incpp.obj
 0004:000009f0       $pdata$?ASL_zp06@@YAXPEAUemulate65c02@@@Z 000000014018e9f0     65c02incpp.obj
 0004:000009fc       $pdata$?ORA_zp05@@YAXPEAUemulate65c02@@@Z 000000014018e9fc     65c02incpp.obj
 0004:00000a08       $pdata$?TSB_zp04@@YAXPEAUemulate65c02@@@Z 000000014018ea08     65c02incpp.obj
 0004:00000a14       $pdata$?ORA_izx01@@YAXPEAUemulate65c02@@@Z 000000014018ea14     65c02incpp.obj
 0004:00000a20       $pdata$?BRK00@@YAXPEAUemulate65c02@@@Z 000000014018ea20     65c02incpp.obj
 0004:00000a2c       $pdata$?decode_addr_writeABX@emulate65c02@@QEAAXE@Z 000000014018ea2c     65c02incpp.obj
 0004:00000a38       $pdata$?decode_addr_readABX@emulate65c02@@QEAAEXZ 000000014018ea38     65c02incpp.obj
 0004:00000a44       $pdata$?decode_addr_readABY@emulate65c02@@QEAAEXZ 000000014018ea44     65c02incpp.obj
 0004:00000a50       $pdata$?decode_addr_readIZP@emulate65c02@@QEAAEXZ 000000014018ea50     65c02incpp.obj
 0004:00000a5c       $pdata$?decode_addr_readIZY@emulate65c02@@QEAAEXZ 000000014018ea5c     65c02incpp.obj
 0004:00000a68       $pdata$?decode_addr_readIZX@emulate65c02@@QEAAEXZ 000000014018ea68     65c02incpp.obj
 0004:00000a74       $pdata$?write6502@emulate65c02@@QEAAXGE@Z 000000014018ea74     65c02incpp.obj
 0004:00000a80       $pdata$?do_adc@emulate65c02@@QEAAXH@Z 000000014018ea80     65c02incpp.obj
 0004:00000a8c       $pdata$sprintf             000000014018ea8c     65c02incpp.obj
 0004:00000a98       $pdata$printf              000000014018ea98     65c02incpp.obj
 0004:00000aa4       $pdata$??$?6U?$char_traits@D@std@@@std@@YAAEAV?$basic_ostream@DU?$char_traits@D@std@@@0@AEAV10@D@Z 000000014018eaa4     compile.obj
 0004:00000ab0       $pdata$?catch$4@?0???$?6U?$char_traits@D@std@@@std@@YAAEAV?$basic_ostream@DU?$char_traits@D@std@@@0@AEAV10@D@Z@4HA 000000014018eab0     compile.obj
 0004:00000abc       $pdata$?DEBUGAddress@@YAXHHHHUSDL_Color@@@Z 000000014018eabc     debugger.obj
 0004:00000ac8       $pdata$?DEBUGRenderRegisters@@YAHXZ 000000014018eac8     debugger.obj
 0004:00000ad4       $pdata$?DEBUGRenderCode@@YAXHH@Z 000000014018ead4     debugger.obj
 0004:00000ae0       $pdata$?DEBUGRenderDisplay@@YAXHH@Z 000000014018eae0     debugger.obj
 0004:00000aec       $pdata$2$?DEBUGRenderDisplay@@YAXHH@Z 000000014018eaec     debugger.obj
 0004:00000af8       $pdata$6$?DEBUGRenderDisplay@@YAXHH@Z 000000014018eaf8     debugger.obj
 0004:00000b04       $pdata$7$?DEBUGRenderDisplay@@YAXHH@Z 000000014018eb04     debugger.obj
 0004:00000b10       $pdata$8$?DEBUGRenderDisplay@@YAXHH@Z 000000014018eb10     debugger.obj
 0004:00000b1c       $pdata$?DEBUGExecCmd@@YAXXZ 000000014018eb1c     debugger.obj
 0004:00000b28       $pdata$?DEBUGGetCurrentStatus@@YAHXZ 000000014018eb28     debugger.obj
 0004:00000b34       $pdata$?reset@emulate65c02@@QEAAXXZ 000000014018eb34     debugger.obj
 0004:00000b40       $pdata$sscanf              000000014018eb40     debugger.obj
 0004:00000b4c       $pdata$snprintf            000000014018eb4c     debugger.obj
 0004:00000b58       $pdata$?trb@@YAXXZ         000000014018eb58     fake65c02.obj
 0004:00000b64       $pdata$?tsb@@YAXXZ         000000014018eb64     fake65c02.obj
 0004:00000b70       $pdata$?ply@@YAXXZ         000000014018eb70     fake65c02.obj
 0004:00000b7c       $pdata$?phy@@YAXXZ         000000014018eb7c     fake65c02.obj
 0004:00000b88       $pdata$?plx@@YAXXZ         000000014018eb88     fake65c02.obj
 0004:00000b94       $pdata$?phx@@YAXXZ         000000014018eb94     fake65c02.obj
 0004:00000ba0       $pdata$?ainx@@YAXXZ        000000014018eba0     fake65c02.obj
 0004:00000bac       $pdata$?ind0@@YAXXZ        000000014018ebac     fake65c02.obj
 0004:00000bb8       $pdata$?sbc@@YAXXZ         000000014018ebb8     fake65c02.obj
 0004:00000bc4       $pdata$0$?sbc@@YAXXZ       000000014018ebc4     fake65c02.obj
 0004:00000bd0       $pdata$1$?sbc@@YAXXZ       000000014018ebd0     fake65c02.obj
 0004:00000bdc       $pdata$?rts@@YAXXZ         000000014018ebdc     fake65c02.obj
 0004:00000be8       $pdata$?rti@@YAXXZ         000000014018ebe8     fake65c02.obj
 0004:00000bf4       $pdata$?ror@@YAXXZ         000000014018ebf4     fake65c02.obj
 0004:00000c00       $pdata$?rol@@YAXXZ         000000014018ec00     fake65c02.obj
 0004:00000c0c       $pdata$?plp@@YAXXZ         000000014018ec0c     fake65c02.obj
 0004:00000c18       $pdata$?pla@@YAXXZ         000000014018ec18     fake65c02.obj
 0004:00000c24       $pdata$?php@@YAXXZ         000000014018ec24     fake65c02.obj
 0004:00000c30       $pdata$?pha@@YAXXZ         000000014018ec30     fake65c02.obj
 0004:00000c3c       $pdata$?ora@@YAXXZ         000000014018ec3c     fake65c02.obj
 0004:00000c48       $pdata$?lsr@@YAXXZ         000000014018ec48     fake65c02.obj
 0004:00000c54       $pdata$?ldy@@YAXXZ         000000014018ec54     fake65c02.obj
 0004:00000c60       $pdata$?ldx@@YAXXZ         000000014018ec60     fake65c02.obj
 0004:00000c6c       $pdata$?lda@@YAXXZ         000000014018ec6c     fake65c02.obj
 0004:00000c78       $pdata$?jsr@@YAXXZ         000000014018ec78     fake65c02.obj
 0004:00000c84       $pdata$?inc@@YAXXZ         000000014018ec84     fake65c02.obj
 0004:00000c90       $pdata$?eor@@YAXXZ         000000014018ec90     fake65c02.obj
 0004:00000c9c       $pdata$?dec@@YAXXZ         000000014018ec9c     fake65c02.obj
 0004:00000ca8       $pdata$?cpy@@YAXXZ         000000014018eca8     fake65c02.obj
 0004:00000cb4       $pdata$?cpx@@YAXXZ         000000014018ecb4     fake65c02.obj
 0004:00000cc0       $pdata$?cmp@@YAXXZ         000000014018ecc0     fake65c02.obj
 0004:00000ccc       $pdata$?brk@@YAXXZ         000000014018eccc     fake65c02.obj
 0004:00000cd8       $pdata$?bit@@YAXXZ         000000014018ecd8     fake65c02.obj
 0004:00000ce4       $pdata$?asl@@YAXXZ         000000014018ece4     fake65c02.obj
 0004:00000cf0       $pdata$?_and_@@YAXXZ       000000014018ecf0     fake65c02.obj
 0004:00000cfc       $pdata$?adc@@YAXXZ         000000014018ecfc     fake65c02.obj
 0004:00000d08       $pdata$?indy@@YAXXZ        000000014018ed08     fake65c02.obj
 0004:00000d14       $pdata$?indx@@YAXXZ        000000014018ed14     fake65c02.obj
 0004:00000d20       $pdata$?ind@@YAXXZ         000000014018ed20     fake65c02.obj
 0004:00000d2c       $pdata$?absy@@YAXXZ        000000014018ed2c     fake65c02.obj
 0004:00000d38       $pdata$?absx@@YAXXZ        000000014018ed38     fake65c02.obj
 0004:00000d44       $pdata$?abso@@YAXXZ        000000014018ed44     fake65c02.obj
 0004:00000d50       $pdata$?rel@@YAXXZ         000000014018ed50     fake65c02.obj
 0004:00000d5c       $pdata$?zpy@@YAXXZ         000000014018ed5c     fake65c02.obj
 0004:00000d68       $pdata$?zpx@@YAXXZ         000000014018ed68     fake65c02.obj
 0004:00000d74       $pdata$?zp@@YAXXZ          000000014018ed74     fake65c02.obj
 0004:00000d80       $pdata$?get_joystick_state@@YAGPEAU_SDL_GameController@@W4joy_status@@@Z 000000014018ed80     joystick.obj
 0004:00000d8c       $pdata$fprintf             000000014018ed8c     joystick.obj
 0004:00000d98       $pdata$?handle_keyboard@@YAX_NHW4SDL_Scancode@@@Z 000000014018ed98     keyboard.obj
 0004:00000da4       $pdata$?LOAD@@YAXXZ        000000014018eda4     loadsave.obj
 0004:00000db0       $pdata$0$?LOAD@@YAXXZ      000000014018edb0     loadsave.obj
 0004:00000dbc       $pdata$1$?LOAD@@YAXXZ      000000014018edbc     loadsave.obj
 0004:00000dc8       $pdata$2$?LOAD@@YAXXZ      000000014018edc8     loadsave.obj
 0004:00000dd4       $pdata$3$?LOAD@@YAXXZ      000000014018edd4     loadsave.obj
 0004:00000de0       $pdata$?create_directory_listing@@YAHPEAE@Z 000000014018ede0     loadsave.obj
 0004:00000dec       $pdata$1$?create_directory_listing@@YAHPEAE@Z 000000014018edec     loadsave.obj
 0004:00000df8       $pdata$4$?create_directory_listing@@YAHPEAE@Z 000000014018edf8     loadsave.obj
 0004:00000e04       $pdata$5$?create_directory_listing@@YAHPEAE@Z 000000014018ee04     loadsave.obj
 0004:00000e10       $pdata$6$?create_directory_listing@@YAHPEAE@Z 000000014018ee10     loadsave.obj
 0004:00000e1c       $pdata$_wopendir           000000014018ee1c     loadsave.obj
 0004:00000e28       $pdata$0$_wopendir         000000014018ee28     loadsave.obj
 0004:00000e34       $pdata$4$_wopendir         000000014018ee34     loadsave.obj
 0004:00000e40       $pdata$6$_wopendir         000000014018ee40     loadsave.obj
 0004:00000e4c       $pdata$7$_wopendir         000000014018ee4c     loadsave.obj
 0004:00000e58       $pdata$?emulator_loop@@YAPEAXPEAX@Z 000000014018ee58     main.obj
 0004:00000e64       $pdata$main                000000014018ee64     main.obj
 0004:00000e70       $pdata$??__Femulator@@YAXXZ 000000014018ee70     main.obj
 0004:00000e7c       $pdata$?usage_keymap@@YAXXZ 000000014018ee7c     main.obj
 0004:00000e88       $pdata$?usage@@YAXXZ       000000014018ee88     main.obj
 0004:00000e94       $pdata$?machine_dump@@YAXXZ 000000014018ee94     main.obj
 0004:00000ea0       $pdata$0$?machine_dump@@YAXXZ 000000014018eea0     main.obj
 0004:00000eac       $pdata$1$?machine_dump@@YAXXZ 000000014018eeac     main.obj
 0004:00000eb8       $pdata$?step6502@emulate65c02@@QEAAXXZ 000000014018eeb8     main.obj
 0004:00000ec4       $pdata$0$?step6502@emulate65c02@@QEAAXXZ 000000014018eec4     main.obj
 0004:00000ed0       $pdata$1$?step6502@emulate65c02@@QEAAXXZ 000000014018eed0     main.obj
 0004:00000edc       $pdata$?machine_reset@@YAXXZ 000000014018eedc     main.obj
 0004:00000ee8       $pdata$?mouse_send_state@@YAXXZ 000000014018eee8     ps2.obj
 0004:00000ef4       $pdata$?mouse_send@@YA_NHHH@Z 000000014018eef4     ps2.obj
 0004:00000f00       $pdata$?DEBUGInitChars@@YAXPEAUSDL_Renderer@@@Z 000000014018ef00     rendertext.obj
 0004:00000f0c       $pdata$?DEBUGWrite@@YAXPEAUSDL_Renderer@@HHHUSDL_Color@@@Z 000000014018ef0c     rendertext.obj
 0004:00000f18       $pdata$?sdcard_handle@@YAEE@Z 000000014018ef18     sdcard.obj
 0004:00000f24       $pdata$?video_space_write@@YAXIE@Z 000000014018ef24     video.obj
 0004:00000f30       $pdata$3$?video_space_write@@YAXIE@Z 000000014018ef30     video.obj
 0004:00000f3c       $pdata$4$?video_space_write@@YAXIE@Z 000000014018ef3c     video.obj
 0004:00000f48       $pdata$5$?video_space_write@@YAXIE@Z 000000014018ef48     video.obj
 0004:00000f54       $pdata$?video_space_read@@YAEI@Z 000000014018ef54     video.obj
 0004:00000f60       $pdata$0$?video_space_read@@YAEI@Z 000000014018ef60     video.obj
 0004:00000f6c       $pdata$2$?video_space_read@@YAEI@Z 000000014018ef6c     video.obj
 0004:00000f78       $pdata$4$?video_space_read@@YAEI@Z 000000014018ef78     video.obj
 0004:00000f84       $pdata$6$?video_space_read@@YAEI@Z 000000014018ef84     video.obj
 0004:00000f90       $pdata$8$?video_space_read@@YAEI@Z 000000014018ef90     video.obj
 0004:00000f9c       $pdata$10$?video_space_read@@YAEI@Z 000000014018ef9c     video.obj
 0004:00000fa8       $pdata$11$?video_space_read@@YAEI@Z 000000014018efa8     video.obj
 0004:00000fb4       $pdata$?render_line@@YAXG@Z 000000014018efb4     video.obj
 0004:00000fc0       $pdata$1$?render_line@@YAXG@Z 000000014018efc0     video.obj
 0004:00000fcc       $pdata$3$?render_line@@YAXG@Z 000000014018efcc     video.obj
 0004:00000fd8       $pdata$4$?render_line@@YAXG@Z 000000014018efd8     video.obj
 0004:00000fe4       $pdata$5$?render_line@@YAXG@Z 000000014018efe4     video.obj
 0004:00000ff0       $pdata$6$?render_line@@YAXG@Z 000000014018eff0     video.obj
 0004:00000ffc       $pdata$?render_layer_line@@YAXEG@Z 000000014018effc     video.obj
 0004:00001008       $pdata$?render_sprite_line@@YAXG@Z 000000014018f008     video.obj
 0004:00001014       $pdata$?refresh_palette@@YAXXZ 000000014018f014     video.obj
 0004:00001020       $pdata$?refresh_layer_properties@@YAXE@Z 000000014018f020     video.obj
 0004:0000102c       $pdata$?GifWriteFrame@@YA_NPEAUGifWriter@@PEBEIIIH_N@Z 000000014018f02c     video.obj
 0004:00001038       $pdata$?GifWriteLzwImage@@YAXPEAU_iobuf@@PEAEIIIIIPEAUGifPalette@@@Z 000000014018f038     video.obj
 0004:00001044       $pdata$?GifSplitPalette@@YAXPEAEHHHHHH_NPEAUGifPalette@@@Z 000000014018f044     video.obj
 0004:00001050       $pdata$4$?GifSplitPalette@@YAXPEAEHHHHHH_NPEAUGifPalette@@@Z 000000014018f050     video.obj
 0004:0000105c       $pdata$5$?GifSplitPalette@@YAXPEAEHHHHHH_NPEAUGifPalette@@@Z 000000014018f05c     video.obj
 0004:00001068       $pdata$?GifPartitionByMedian@@YAXPEAEHHHH@Z 000000014018f068     video.obj
 0004:00001074       $pdata$1$?GifPartitionByMedian@@YAXPEAEHHHH@Z 000000014018f074     video.obj
 0004:00001080       $pdata$2$?GifPartitionByMedian@@YAXPEAEHHHH@Z 000000014018f080     video.obj
 0004:0000108c       $pdata$?GifPartition@@YAHPEAEHHHH@Z 000000014018f08c     video.obj
 0004:00001098       $pdata$?GifGetClosestPaletteColor@@YAXPEAUGifPalette@@HHHPEAH1H@Z 000000014018f098     video.obj
 0004:000010a4       $pdata$?video_init@@YA_NHPEBD@Z 000000014018f0a4     video.obj
 0004:000010b0       $pdata$?video_reset@@YAXXZ 000000014018f0b0     video.obj
 0004:000010bc       $pdata$?video_update@@YA_NXZ 000000014018f0bc     video.obj
 0004:000010c8       $pdata$1$?video_update@@YA_NXZ 000000014018f0c8     video.obj
 0004:000010d4       $pdata$3$?video_update@@YA_NXZ 000000014018f0d4     video.obj
 0004:000010e0       $pdata$?video_read@@YAEE_N@Z 000000014018f0e0     video.obj
 0004:000010ec       $pdata$1$?video_read@@YAEE_N@Z 000000014018f0ec     video.obj
 0004:000010f8       $pdata$2$?video_read@@YAEE_N@Z 000000014018f0f8     video.obj
 0004:00001104       $pdata$?video_write@@YAXEE@Z 000000014018f104     video.obj
 0004:00001110       $pdata$0$?video_write@@YAXEE@Z 000000014018f110     video.obj
 0004:0000111c       $pdata$1$?video_write@@YAXEE@Z 000000014018f11c     video.obj
 0005:00000060       $R000000                   0000000140190060     * linker generated manifest res *
